Device: cpu
Protocol: eval_stream_tas

================================================================================
DATASET
================================================================================
Dataset: fmow
Data root: /Users/lorenzoiovine/Library/CloudStorage/OneDrive-PolitecnicodiMilano/Lavoro/Lavori/Temporal Distribution Shift/new_FMoW_embeddings_remapped

Year 2002: valid=1199/1199 | main_classes=52 | aux_classes=11
Year 2003: valid=1661/1661 | main_classes=52 | aux_classes=11
Year 2004: valid=1499/1499 | main_classes=52 | aux_classes=11
Year 2005: valid=1837/1837 | main_classes=52 | aux_classes=11
Year 2006: valid=1995/1995 | main_classes=52 | aux_classes=11
Year 2007: valid=1044/1044 | main_classes=52 | aux_classes=11
Year 2008: valid=1459/1459 | main_classes=52 | aux_classes=11
Year 2009: valid=4278/4278 | main_classes=52 | aux_classes=11
Year 2010: valid=9922/9922 | main_classes=52 | aux_classes=11
Year 2011: valid=10933/10933 | main_classes=52 | aux_classes=11
Year 2012: valid=11122/11122 | main_classes=52 | aux_classes=11
Year 2013: valid=13374/13374 | main_classes=52 | aux_classes=11
Year 2014: valid=18840/18840 | main_classes=52 | aux_classes=11
Year 2015: valid=27653/27653 | main_classes=52 | aux_classes=11
Year 2016: valid=48861/48861 | main_classes=52 | aux_classes=11
Year 2017: valid=17160/17160 | main_classes=52 | aux_classes=11

Years: 2002-2017
Number of years: 16
Feature dimension: 2048
Total valid samples: 172837

================================================================================
Source year 2002 | train_n=839 | val_n=120 | id_n=240
================================================================================
[Source 2002 | Single Head] epoch 1/50 | train_loss=3.458730 | val_loss=3.859595 | best_val_loss=3.859595 | best_epoch=1 | patience=0/5
[Source 2002 | Single Head] epoch 2/50 | train_loss=2.246081 | val_loss=3.573754 | best_val_loss=3.573754 | best_epoch=2 | patience=0/5
[Source 2002 | Single Head] epoch 3/50 | train_loss=1.581957 | val_loss=3.060828 | best_val_loss=3.060828 | best_epoch=3 | patience=0/5
[Source 2002 | Single Head] epoch 4/50 | train_loss=1.032778 | val_loss=2.864286 | best_val_loss=2.864286 | best_epoch=4 | patience=0/5
[Source 2002 | Single Head] epoch 5/50 | train_loss=0.643304 | val_loss=3.021728 | best_val_loss=2.864286 | best_epoch=4 | patience=1/5
[Source 2002 | Single Head] epoch 6/50 | train_loss=0.379037 | val_loss=2.935066 | best_val_loss=2.864286 | best_epoch=4 | patience=2/5
[Source 2002 | Single Head] epoch 7/50 | train_loss=0.219567 | val_loss=2.901160 | best_val_loss=2.864286 | best_epoch=4 | patience=3/5
[Source 2002 | Single Head] epoch 8/50 | train_loss=0.131508 | val_loss=2.907255 | best_val_loss=2.864286 | best_epoch=4 | patience=4/5
[Source 2002 | Single Head] epoch 9/50 | train_loss=0.082085 | val_loss=2.901923 | best_val_loss=2.864286 | best_epoch=4 | patience=5/5
[Source 2002 | Single Head] EARLY STOP at epoch 9 | best_epoch=4 | best_val_loss=2.864286
[Source 2002 | Single Head] TRAINING FINISHED | executed_epochs=9 | best_epoch=4 | best_val_loss=2.864286 | stopped_early=True

================================================================================
Source year 2003 | train_n=1162 | val_n=166 | id_n=333
================================================================================
[Source 2003 | Single Head] epoch 1/50 | train_loss=3.114018 | val_loss=2.838041 | best_val_loss=2.838041 | best_epoch=1 | patience=0/5
[Source 2003 | Single Head] epoch 2/50 | train_loss=2.708701 | val_loss=2.728624 | best_val_loss=2.728624 | best_epoch=2 | patience=0/5
[Source 2003 | Single Head] epoch 3/50 | train_loss=2.461173 | val_loss=2.665243 | best_val_loss=2.665243 | best_epoch=3 | patience=0/5
[Source 2003 | Single Head] epoch 4/50 | train_loss=2.255645 | val_loss=2.616723 | best_val_loss=2.616723 | best_epoch=4 | patience=0/5
[Source 2003 | Single Head] epoch 5/50 | train_loss=2.080512 | val_loss=2.588675 | best_val_loss=2.588675 | best_epoch=5 | patience=0/5
[Source 2003 | Single Head] epoch 6/50 | train_loss=1.935152 | val_loss=2.562395 | best_val_loss=2.562395 | best_epoch=6 | patience=0/5
[Source 2003 | Single Head] epoch 7/50 | train_loss=1.791593 | val_loss=2.541930 | best_val_loss=2.541930 | best_epoch=7 | patience=0/5
[Source 2003 | Single Head] epoch 8/50 | train_loss=1.659930 | val_loss=2.521855 | best_val_loss=2.521855 | best_epoch=8 | patience=0/5
[Source 2003 | Single Head] epoch 9/50 | train_loss=1.527185 | val_loss=2.508502 | best_val_loss=2.508502 | best_epoch=9 | patience=0/5
[Source 2003 | Single Head] epoch 10/50 | train_loss=1.416073 | val_loss=2.494379 | best_val_loss=2.494379 | best_epoch=10 | patience=0/5
[Source 2003 | Single Head] epoch 11/50 | train_loss=1.311622 | val_loss=2.481976 | best_val_loss=2.481976 | best_epoch=11 | patience=0/5
[Source 2003 | Single Head] epoch 12/50 | train_loss=1.213021 | val_loss=2.481402 | best_val_loss=2.481402 | best_epoch=12 | patience=0/5
[Source 2003 | Single Head] epoch 13/50 | train_loss=1.115517 | val_loss=2.472742 | best_val_loss=2.472742 | best_epoch=13 | patience=0/5
[Source 2003 | Single Head] epoch 14/50 | train_loss=1.025574 | val_loss=2.474486 | best_val_loss=2.472742 | best_epoch=13 | patience=1/5
[Source 2003 | Single Head] epoch 15/50 | train_loss=0.945795 | val_loss=2.477216 | best_val_loss=2.472742 | best_epoch=13 | patience=2/5
[Source 2003 | Single Head] epoch 16/50 | train_loss=0.864517 | val_loss=2.468333 | best_val_loss=2.468333 | best_epoch=16 | patience=0/5
[Source 2003 | Single Head] epoch 17/50 | train_loss=0.791975 | val_loss=2.453052 | best_val_loss=2.453052 | best_epoch=17 | patience=0/5
[Source 2003 | Single Head] epoch 18/50 | train_loss=0.719085 | val_loss=2.456266 | best_val_loss=2.453052 | best_epoch=17 | patience=1/5
[Source 2003 | Single Head] epoch 19/50 | train_loss=0.658385 | val_loss=2.446500 | best_val_loss=2.446500 | best_epoch=19 | patience=0/5
[Source 2003 | Single Head] epoch 20/50 | train_loss=0.597811 | val_loss=2.452132 | best_val_loss=2.446500 | best_epoch=19 | patience=1/5
[Source 2003 | Single Head] epoch 21/50 | train_loss=0.547160 | val_loss=2.469447 | best_val_loss=2.446500 | best_epoch=19 | patience=2/5
[Source 2003 | Single Head] epoch 22/50 | train_loss=0.494288 | val_loss=2.470736 | best_val_loss=2.446500 | best_epoch=19 | patience=3/5
[Source 2003 | Single Head] epoch 23/50 | train_loss=0.447993 | val_loss=2.478831 | best_val_loss=2.446500 | best_epoch=19 | patience=4/5
[Source 2003 | Single Head] epoch 24/50 | train_loss=0.403940 | val_loss=2.476454 | best_val_loss=2.446500 | best_epoch=19 | patience=5/5
[Source 2003 | Single Head] EARLY STOP at epoch 24 | best_epoch=19 | best_val_loss=2.446500
[Source 2003 | Single Head] TRAINING FINISHED | executed_epochs=24 | best_epoch=19 | best_val_loss=2.446500 | stopped_early=True

================================================================================
Source year 2004 | train_n=1049 | val_n=150 | id_n=300
================================================================================
[Source 2004 | Single Head] epoch 1/50 | train_loss=3.089000 | val_loss=2.777464 | best_val_loss=2.777464 | best_epoch=1 | patience=0/5
[Source 2004 | Single Head] epoch 2/50 | train_loss=2.492952 | val_loss=2.668059 | best_val_loss=2.668059 | best_epoch=2 | patience=0/5
[Source 2004 | Single Head] epoch 3/50 | train_loss=2.123839 | val_loss=2.625675 | best_val_loss=2.625675 | best_epoch=3 | patience=0/5
[Source 2004 | Single Head] epoch 4/50 | train_loss=1.847805 | val_loss=2.607189 | best_val_loss=2.607189 | best_epoch=4 | patience=0/5
[Source 2004 | Single Head] epoch 5/50 | train_loss=1.650015 | val_loss=2.572421 | best_val_loss=2.572421 | best_epoch=5 | patience=0/5
[Source 2004 | Single Head] epoch 6/50 | train_loss=1.454785 | val_loss=2.564068 | best_val_loss=2.564068 | best_epoch=6 | patience=0/5
[Source 2004 | Single Head] epoch 7/50 | train_loss=1.302014 | val_loss=2.562081 | best_val_loss=2.562081 | best_epoch=7 | patience=0/5
[Source 2004 | Single Head] epoch 8/50 | train_loss=1.172161 | val_loss=2.547780 | best_val_loss=2.547780 | best_epoch=8 | patience=0/5
[Source 2004 | Single Head] epoch 9/50 | train_loss=1.052887 | val_loss=2.541419 | best_val_loss=2.541419 | best_epoch=9 | patience=0/5
[Source 2004 | Single Head] epoch 10/50 | train_loss=0.944746 | val_loss=2.546035 | best_val_loss=2.541419 | best_epoch=9 | patience=1/5
[Source 2004 | Single Head] epoch 11/50 | train_loss=0.837476 | val_loss=2.542203 | best_val_loss=2.541419 | best_epoch=9 | patience=2/5
[Source 2004 | Single Head] epoch 12/50 | train_loss=0.758043 | val_loss=2.541593 | best_val_loss=2.541419 | best_epoch=9 | patience=3/5
[Source 2004 | Single Head] epoch 13/50 | train_loss=0.689360 | val_loss=2.555617 | best_val_loss=2.541419 | best_epoch=9 | patience=4/5
[Source 2004 | Single Head] epoch 14/50 | train_loss=0.619319 | val_loss=2.542278 | best_val_loss=2.541419 | best_epoch=9 | patience=5/5
[Source 2004 | Single Head] EARLY STOP at epoch 14 | best_epoch=9 | best_val_loss=2.541419
[Source 2004 | Single Head] TRAINING FINISHED | executed_epochs=14 | best_epoch=9 | best_val_loss=2.541419 | stopped_early=True

================================================================================
Source year 2005 | train_n=1285 | val_n=184 | id_n=368
================================================================================
[Source 2005 | Single Head] epoch 1/50 | train_loss=2.778626 | val_loss=2.528137 | best_val_loss=2.528137 | best_epoch=1 | patience=0/5
[Source 2005 | Single Head] epoch 2/50 | train_loss=2.270986 | val_loss=2.485236 | best_val_loss=2.485236 | best_epoch=2 | patience=0/5
[Source 2005 | Single Head] epoch 3/50 | train_loss=1.947378 | val_loss=2.444517 | best_val_loss=2.444517 | best_epoch=3 | patience=0/5
[Source 2005 | Single Head] epoch 4/50 | train_loss=1.707923 | val_loss=2.415109 | best_val_loss=2.415109 | best_epoch=4 | patience=0/5
[Source 2005 | Single Head] epoch 5/50 | train_loss=1.518654 | val_loss=2.423097 | best_val_loss=2.415109 | best_epoch=4 | patience=1/5
[Source 2005 | Single Head] epoch 6/50 | train_loss=1.370895 | val_loss=2.430694 | best_val_loss=2.415109 | best_epoch=4 | patience=2/5
[Source 2005 | Single Head] epoch 7/50 | train_loss=1.235339 | val_loss=2.410842 | best_val_loss=2.410842 | best_epoch=7 | patience=0/5
[Source 2005 | Single Head] epoch 8/50 | train_loss=1.099052 | val_loss=2.388755 | best_val_loss=2.388755 | best_epoch=8 | patience=0/5
[Source 2005 | Single Head] epoch 9/50 | train_loss=0.969338 | val_loss=2.408066 | best_val_loss=2.388755 | best_epoch=8 | patience=1/5
[Source 2005 | Single Head] epoch 10/50 | train_loss=0.880039 | val_loss=2.400989 | best_val_loss=2.388755 | best_epoch=8 | patience=2/5
[Source 2005 | Single Head] epoch 11/50 | train_loss=0.791128 | val_loss=2.406923 | best_val_loss=2.388755 | best_epoch=8 | patience=3/5
[Source 2005 | Single Head] epoch 12/50 | train_loss=0.732294 | val_loss=2.391309 | best_val_loss=2.388755 | best_epoch=8 | patience=4/5
[Source 2005 | Single Head] epoch 13/50 | train_loss=0.650568 | val_loss=2.393952 | best_val_loss=2.388755 | best_epoch=8 | patience=5/5
[Source 2005 | Single Head] EARLY STOP at epoch 13 | best_epoch=8 | best_val_loss=2.388755
[Source 2005 | Single Head] TRAINING FINISHED | executed_epochs=13 | best_epoch=8 | best_val_loss=2.388755 | stopped_early=True

================================================================================
Source year 2006 | train_n=1396 | val_n=200 | id_n=399
================================================================================
[Source 2006 | Single Head] epoch 1/50 | train_loss=2.503236 | val_loss=2.583149 | best_val_loss=2.583149 | best_epoch=1 | patience=0/5
[Source 2006 | Single Head] epoch 2/50 | train_loss=2.072066 | val_loss=2.500148 | best_val_loss=2.500148 | best_epoch=2 | patience=0/5
[Source 2006 | Single Head] epoch 3/50 | train_loss=1.791082 | val_loss=2.476380 | best_val_loss=2.476380 | best_epoch=3 | patience=0/5
[Source 2006 | Single Head] epoch 4/50 | train_loss=1.567879 | val_loss=2.477542 | best_val_loss=2.476380 | best_epoch=3 | patience=1/5
[Source 2006 | Single Head] epoch 5/50 | train_loss=1.398359 | val_loss=2.457195 | best_val_loss=2.457195 | best_epoch=5 | patience=0/5
[Source 2006 | Single Head] epoch 6/50 | train_loss=1.228588 | val_loss=2.467555 | best_val_loss=2.457195 | best_epoch=5 | patience=1/5
[Source 2006 | Single Head] epoch 7/50 | train_loss=1.113632 | val_loss=2.439947 | best_val_loss=2.439947 | best_epoch=7 | patience=0/5
[Source 2006 | Single Head] epoch 8/50 | train_loss=0.985879 | val_loss=2.440730 | best_val_loss=2.439947 | best_epoch=7 | patience=1/5
[Source 2006 | Single Head] epoch 9/50 | train_loss=0.879177 | val_loss=2.440279 | best_val_loss=2.439947 | best_epoch=7 | patience=2/5
[Source 2006 | Single Head] epoch 10/50 | train_loss=0.793926 | val_loss=2.445765 | best_val_loss=2.439947 | best_epoch=7 | patience=3/5
[Source 2006 | Single Head] epoch 11/50 | train_loss=0.705396 | val_loss=2.437668 | best_val_loss=2.437668 | best_epoch=11 | patience=0/5
[Source 2006 | Single Head] epoch 12/50 | train_loss=0.646432 | val_loss=2.458065 | best_val_loss=2.437668 | best_epoch=11 | patience=1/5
[Source 2006 | Single Head] epoch 13/50 | train_loss=0.563401 | val_loss=2.462210 | best_val_loss=2.437668 | best_epoch=11 | patience=2/5
[Source 2006 | Single Head] epoch 14/50 | train_loss=0.507951 | val_loss=2.472794 | best_val_loss=2.437668 | best_epoch=11 | patience=3/5
[Source 2006 | Single Head] epoch 15/50 | train_loss=0.460678 | val_loss=2.467215 | best_val_loss=2.437668 | best_epoch=11 | patience=4/5
[Source 2006 | Single Head] epoch 16/50 | train_loss=0.410119 | val_loss=2.481620 | best_val_loss=2.437668 | best_epoch=11 | patience=5/5
[Source 2006 | Single Head] EARLY STOP at epoch 16 | best_epoch=11 | best_val_loss=2.437668
[Source 2006 | Single Head] TRAINING FINISHED | executed_epochs=16 | best_epoch=11 | best_val_loss=2.437668 | stopped_early=True

================================================================================
Source year 2007 | train_n=730 | val_n=105 | id_n=209
================================================================================
[Source 2007 | Single Head] epoch 1/50 | train_loss=2.432356 | val_loss=2.484033 | best_val_loss=2.484033 | best_epoch=1 | patience=0/5
[Source 2007 | Single Head] epoch 2/50 | train_loss=1.923087 | val_loss=2.438183 | best_val_loss=2.438183 | best_epoch=2 | patience=0/5
[Source 2007 | Single Head] epoch 3/50 | train_loss=1.579886 | val_loss=2.417283 | best_val_loss=2.417283 | best_epoch=3 | patience=0/5
[Source 2007 | Single Head] epoch 4/50 | train_loss=1.321559 | val_loss=2.409361 | best_val_loss=2.409361 | best_epoch=4 | patience=0/5
[Source 2007 | Single Head] epoch 5/50 | train_loss=1.127695 | val_loss=2.406572 | best_val_loss=2.406572 | best_epoch=5 | patience=0/5
[Source 2007 | Single Head] epoch 6/50 | train_loss=0.972398 | val_loss=2.398050 | best_val_loss=2.398050 | best_epoch=6 | patience=0/5
[Source 2007 | Single Head] epoch 7/50 | train_loss=0.857342 | val_loss=2.384359 | best_val_loss=2.384359 | best_epoch=7 | patience=0/5
[Source 2007 | Single Head] epoch 8/50 | train_loss=0.772721 | val_loss=2.404681 | best_val_loss=2.384359 | best_epoch=7 | patience=1/5
[Source 2007 | Single Head] epoch 9/50 | train_loss=0.666149 | val_loss=2.401067 | best_val_loss=2.384359 | best_epoch=7 | patience=2/5
[Source 2007 | Single Head] epoch 10/50 | train_loss=0.588522 | val_loss=2.411958 | best_val_loss=2.384359 | best_epoch=7 | patience=3/5
[Source 2007 | Single Head] epoch 11/50 | train_loss=0.524570 | val_loss=2.429994 | best_val_loss=2.384359 | best_epoch=7 | patience=4/5
[Source 2007 | Single Head] epoch 12/50 | train_loss=0.472004 | val_loss=2.434131 | best_val_loss=2.384359 | best_epoch=7 | patience=5/5
[Source 2007 | Single Head] EARLY STOP at epoch 12 | best_epoch=7 | best_val_loss=2.384359
[Source 2007 | Single Head] TRAINING FINISHED | executed_epochs=12 | best_epoch=7 | best_val_loss=2.384359 | stopped_early=True

================================================================================
Source year 2008 | train_n=1021 | val_n=146 | id_n=292
================================================================================
[Source 2008 | Single Head] epoch 1/50 | train_loss=2.444006 | val_loss=2.449810 | best_val_loss=2.449810 | best_epoch=1 | patience=0/5
[Source 2008 | Single Head] epoch 2/50 | train_loss=1.955630 | val_loss=2.396397 | best_val_loss=2.396397 | best_epoch=2 | patience=0/5
[Source 2008 | Single Head] epoch 3/50 | train_loss=1.647108 | val_loss=2.376675 | best_val_loss=2.376675 | best_epoch=3 | patience=0/5
[Source 2008 | Single Head] epoch 4/50 | train_loss=1.409929 | val_loss=2.375986 | best_val_loss=2.375986 | best_epoch=4 | patience=0/5
[Source 2008 | Single Head] epoch 5/50 | train_loss=1.211937 | val_loss=2.346317 | best_val_loss=2.346317 | best_epoch=5 | patience=0/5
[Source 2008 | Single Head] epoch 6/50 | train_loss=1.056610 | val_loss=2.362756 | best_val_loss=2.346317 | best_epoch=5 | patience=1/5
[Source 2008 | Single Head] epoch 7/50 | train_loss=0.905353 | val_loss=2.361273 | best_val_loss=2.346317 | best_epoch=5 | patience=2/5
[Source 2008 | Single Head] epoch 8/50 | train_loss=0.811612 | val_loss=2.387728 | best_val_loss=2.346317 | best_epoch=5 | patience=3/5
[Source 2008 | Single Head] epoch 9/50 | train_loss=0.720408 | val_loss=2.359013 | best_val_loss=2.346317 | best_epoch=5 | patience=4/5
[Source 2008 | Single Head] epoch 10/50 | train_loss=0.641229 | val_loss=2.382756 | best_val_loss=2.346317 | best_epoch=5 | patience=5/5
[Source 2008 | Single Head] EARLY STOP at epoch 10 | best_epoch=5 | best_val_loss=2.346317
[Source 2008 | Single Head] TRAINING FINISHED | executed_epochs=10 | best_epoch=5 | best_val_loss=2.346317 | stopped_early=True

================================================================================
Source year 2009 | train_n=2994 | val_n=428 | id_n=856
================================================================================
[Source 2009 | Single Head] epoch 1/50 | train_loss=2.642051 | val_loss=2.451533 | best_val_loss=2.451533 | best_epoch=1 | patience=0/5
[Source 2009 | Single Head] epoch 2/50 | train_loss=2.128148 | val_loss=2.388266 | best_val_loss=2.388266 | best_epoch=2 | patience=0/5
[Source 2009 | Single Head] epoch 3/50 | train_loss=1.868307 | val_loss=2.347756 | best_val_loss=2.347756 | best_epoch=3 | patience=0/5
[Source 2009 | Single Head] epoch 4/50 | train_loss=1.646232 | val_loss=2.332263 | best_val_loss=2.332263 | best_epoch=4 | patience=0/5
[Source 2009 | Single Head] epoch 5/50 | train_loss=1.464744 | val_loss=2.314998 | best_val_loss=2.314998 | best_epoch=5 | patience=0/5
[Source 2009 | Single Head] epoch 6/50 | train_loss=1.316328 | val_loss=2.298810 | best_val_loss=2.298810 | best_epoch=6 | patience=0/5
[Source 2009 | Single Head] epoch 7/50 | train_loss=1.177697 | val_loss=2.294655 | best_val_loss=2.294655 | best_epoch=7 | patience=0/5
[Source 2009 | Single Head] epoch 8/50 | train_loss=1.054636 | val_loss=2.294541 | best_val_loss=2.294541 | best_epoch=8 | patience=0/5
[Source 2009 | Single Head] epoch 9/50 | train_loss=0.942343 | val_loss=2.293835 | best_val_loss=2.293835 | best_epoch=9 | patience=0/5
[Source 2009 | Single Head] epoch 10/50 | train_loss=0.840648 | val_loss=2.292940 | best_val_loss=2.292940 | best_epoch=10 | patience=0/5
[Source 2009 | Single Head] epoch 11/50 | train_loss=0.748529 | val_loss=2.281383 | best_val_loss=2.281383 | best_epoch=11 | patience=0/5
[Source 2009 | Single Head] epoch 12/50 | train_loss=0.669329 | val_loss=2.303551 | best_val_loss=2.281383 | best_epoch=11 | patience=1/5
[Source 2009 | Single Head] epoch 13/50 | train_loss=0.594774 | val_loss=2.306991 | best_val_loss=2.281383 | best_epoch=11 | patience=2/5
[Source 2009 | Single Head] epoch 14/50 | train_loss=0.519158 | val_loss=2.299552 | best_val_loss=2.281383 | best_epoch=11 | patience=3/5
[Source 2009 | Single Head] epoch 15/50 | train_loss=0.455649 | val_loss=2.297479 | best_val_loss=2.281383 | best_epoch=11 | patience=4/5
[Source 2009 | Single Head] epoch 16/50 | train_loss=0.406960 | val_loss=2.304505 | best_val_loss=2.281383 | best_epoch=11 | patience=5/5
[Source 2009 | Single Head] EARLY STOP at epoch 16 | best_epoch=11 | best_val_loss=2.281383
[Source 2009 | Single Head] TRAINING FINISHED | executed_epochs=16 | best_epoch=11 | best_val_loss=2.281383 | stopped_early=True

================================================================================
Source year 2010 | train_n=6944 | val_n=993 | id_n=1985
================================================================================
[Source 2010 | Single Head] epoch 1/50 | train_loss=2.370667 | val_loss=2.172030 | best_val_loss=2.172030 | best_epoch=1 | patience=0/5
[Source 2010 | Single Head] epoch 2/50 | train_loss=1.920015 | val_loss=2.089293 | best_val_loss=2.089293 | best_epoch=2 | patience=0/5
[Source 2010 | Single Head] epoch 3/50 | train_loss=1.684772 | val_loss=2.046505 | best_val_loss=2.046505 | best_epoch=3 | patience=0/5
[Source 2010 | Single Head] epoch 4/50 | train_loss=1.488769 | val_loss=2.011271 | best_val_loss=2.011271 | best_epoch=4 | patience=0/5
[Source 2010 | Single Head] epoch 5/50 | train_loss=1.336390 | val_loss=1.987115 | best_val_loss=1.987115 | best_epoch=5 | patience=0/5
[Source 2010 | Single Head] epoch 6/50 | train_loss=1.185871 | val_loss=1.968152 | best_val_loss=1.968152 | best_epoch=6 | patience=0/5
[Source 2010 | Single Head] epoch 7/50 | train_loss=1.062841 | val_loss=1.966206 | best_val_loss=1.966206 | best_epoch=7 | patience=0/5
[Source 2010 | Single Head] epoch 8/50 | train_loss=0.949845 | val_loss=1.957666 | best_val_loss=1.957666 | best_epoch=8 | patience=0/5
[Source 2010 | Single Head] epoch 9/50 | train_loss=0.846085 | val_loss=1.971803 | best_val_loss=1.957666 | best_epoch=8 | patience=1/5
[Source 2010 | Single Head] epoch 10/50 | train_loss=0.743229 | val_loss=1.986790 | best_val_loss=1.957666 | best_epoch=8 | patience=2/5
[Source 2010 | Single Head] epoch 11/50 | train_loss=0.662521 | val_loss=1.964538 | best_val_loss=1.957666 | best_epoch=8 | patience=3/5
[Source 2010 | Single Head] epoch 12/50 | train_loss=0.581867 | val_loss=1.983795 | best_val_loss=1.957666 | best_epoch=8 | patience=4/5
[Source 2010 | Single Head] epoch 13/50 | train_loss=0.503835 | val_loss=2.009388 | best_val_loss=1.957666 | best_epoch=8 | patience=5/5
[Source 2010 | Single Head] EARLY STOP at epoch 13 | best_epoch=8 | best_val_loss=1.957666
[Source 2010 | Single Head] TRAINING FINISHED | executed_epochs=13 | best_epoch=8 | best_val_loss=1.957666 | stopped_early=True

================================================================================
Source year 2011 | train_n=7652 | val_n=1094 | id_n=2187
================================================================================
[Source 2011 | Single Head] epoch 1/50 | train_loss=1.994331 | val_loss=1.826769 | best_val_loss=1.826769 | best_epoch=1 | patience=0/5
[Source 2011 | Single Head] epoch 2/50 | train_loss=1.614022 | val_loss=1.768971 | best_val_loss=1.768971 | best_epoch=2 | patience=0/5
[Source 2011 | Single Head] epoch 3/50 | train_loss=1.415808 | val_loss=1.739399 | best_val_loss=1.739399 | best_epoch=3 | patience=0/5
[Source 2011 | Single Head] epoch 4/50 | train_loss=1.242259 | val_loss=1.713032 | best_val_loss=1.713032 | best_epoch=4 | patience=0/5
[Source 2011 | Single Head] epoch 5/50 | train_loss=1.096167 | val_loss=1.707663 | best_val_loss=1.707663 | best_epoch=5 | patience=0/5
[Source 2011 | Single Head] epoch 6/50 | train_loss=0.988242 | val_loss=1.720999 | best_val_loss=1.707663 | best_epoch=5 | patience=1/5
[Source 2011 | Single Head] epoch 7/50 | train_loss=0.881038 | val_loss=1.708055 | best_val_loss=1.707663 | best_epoch=5 | patience=2/5
[Source 2011 | Single Head] epoch 8/50 | train_loss=0.781298 | val_loss=1.707516 | best_val_loss=1.707516 | best_epoch=8 | patience=0/5
[Source 2011 | Single Head] epoch 9/50 | train_loss=0.692433 | val_loss=1.724530 | best_val_loss=1.707516 | best_epoch=8 | patience=1/5
[Source 2011 | Single Head] epoch 10/50 | train_loss=0.602055 | val_loss=1.709730 | best_val_loss=1.707516 | best_epoch=8 | patience=2/5
[Source 2011 | Single Head] epoch 11/50 | train_loss=0.537946 | val_loss=1.731044 | best_val_loss=1.707516 | best_epoch=8 | patience=3/5
[Source 2011 | Single Head] epoch 12/50 | train_loss=0.479875 | val_loss=1.741557 | best_val_loss=1.707516 | best_epoch=8 | patience=4/5
[Source 2011 | Single Head] epoch 13/50 | train_loss=0.417079 | val_loss=1.753000 | best_val_loss=1.707516 | best_epoch=8 | patience=5/5
[Source 2011 | Single Head] EARLY STOP at epoch 13 | best_epoch=8 | best_val_loss=1.707516
[Source 2011 | Single Head] TRAINING FINISHED | executed_epochs=13 | best_epoch=8 | best_val_loss=1.707516 | stopped_early=True

================================================================================
Source year 2012 | train_n=7784 | val_n=1113 | id_n=2225
================================================================================
[Source 2012 | Single Head] epoch 1/50 | train_loss=2.091326 | val_loss=1.917374 | best_val_loss=1.917374 | best_epoch=1 | patience=0/5
[Source 2012 | Single Head] epoch 2/50 | train_loss=1.639671 | val_loss=1.874443 | best_val_loss=1.874443 | best_epoch=2 | patience=0/5
[Source 2012 | Single Head] epoch 3/50 | train_loss=1.416335 | val_loss=1.854669 | best_val_loss=1.854669 | best_epoch=3 | patience=0/5
[Source 2012 | Single Head] epoch 4/50 | train_loss=1.230301 | val_loss=1.819346 | best_val_loss=1.819346 | best_epoch=4 | patience=0/5
[Source 2012 | Single Head] epoch 5/50 | train_loss=1.089802 | val_loss=1.809060 | best_val_loss=1.809060 | best_epoch=5 | patience=0/5
[Source 2012 | Single Head] epoch 6/50 | train_loss=0.959703 | val_loss=1.825963 | best_val_loss=1.809060 | best_epoch=5 | patience=1/5
[Source 2012 | Single Head] epoch 7/50 | train_loss=0.842064 | val_loss=1.824987 | best_val_loss=1.809060 | best_epoch=5 | patience=2/5
[Source 2012 | Single Head] epoch 8/50 | train_loss=0.741635 | val_loss=1.819020 | best_val_loss=1.809060 | best_epoch=5 | patience=3/5
[Source 2012 | Single Head] epoch 9/50 | train_loss=0.654922 | val_loss=1.831955 | best_val_loss=1.809060 | best_epoch=5 | patience=4/5
[Source 2012 | Single Head] epoch 10/50 | train_loss=0.571182 | val_loss=1.834974 | best_val_loss=1.809060 | best_epoch=5 | patience=5/5
[Source 2012 | Single Head] EARLY STOP at epoch 10 | best_epoch=5 | best_val_loss=1.809060
[Source 2012 | Single Head] TRAINING FINISHED | executed_epochs=10 | best_epoch=5 | best_val_loss=1.809060 | stopped_early=True
[Source | AUX-ONLY DOUBLE] aux-only epoch 1/50 | train_aux_loss=1.143079 | val_aux_loss=1.024846 | best_val_aux_loss=1.024846
[Source | AUX-ONLY DOUBLE] aux-only epoch 2/50 | train_aux_loss=0.958373 | val_aux_loss=0.993117 | best_val_aux_loss=0.993117
[Source | AUX-ONLY DOUBLE] aux-only epoch 3/50 | train_aux_loss=0.927516 | val_aux_loss=0.977751 | best_val_aux_loss=0.977751
[Source | AUX-ONLY DOUBLE] aux-only epoch 4/50 | train_aux_loss=0.912561 | val_aux_loss=0.978556 | best_val_aux_loss=0.977751
[Source | AUX-ONLY DOUBLE] aux-only epoch 5/50 | train_aux_loss=0.903882 | val_aux_loss=0.969897 | best_val_aux_loss=0.969897
[Source | AUX-ONLY DOUBLE] aux-only epoch 6/50 | train_aux_loss=0.898819 | val_aux_loss=0.971270 | best_val_aux_loss=0.969897
[Source | AUX-ONLY DOUBLE] aux-only epoch 7/50 | train_aux_loss=0.894555 | val_aux_loss=0.974623 | best_val_aux_loss=0.969897
[Source | AUX-ONLY DOUBLE] aux-only epoch 8/50 | train_aux_loss=0.890765 | val_aux_loss=0.986426 | best_val_aux_loss=0.969897
[Source | AUX-ONLY DOUBLE] aux-only epoch 9/50 | train_aux_loss=0.890072 | val_aux_loss=0.962153 | best_val_aux_loss=0.962153
[Source | AUX-ONLY DOUBLE] aux-only epoch 10/50 | train_aux_loss=0.887594 | val_aux_loss=0.969232 | best_val_aux_loss=0.962153
[Source | AUX-ONLY DOUBLE] aux-only epoch 11/50 | train_aux_loss=0.885981 | val_aux_loss=0.966710 | best_val_aux_loss=0.962153
[Source | AUX-ONLY DOUBLE] aux-only epoch 12/50 | train_aux_loss=0.885429 | val_aux_loss=0.968308 | best_val_aux_loss=0.962153
[Source | AUX-ONLY DOUBLE] aux-only epoch 13/50 | train_aux_loss=0.884369 | val_aux_loss=0.969922 | best_val_aux_loss=0.962153
[Source | AUX-ONLY DOUBLE] aux-only epoch 14/50 | train_aux_loss=0.883334 | val_aux_loss=0.975112 | best_val_aux_loss=0.962153
[Source | AUX-ONLY DOUBLE] AUX-ONLY EARLY STOP at epoch 14
FINAL_AUX_ONLY_MAIN_SANITY | max_abs_logit_diff=0.000000000000e+00 | predictions_equal=True

OOD frozen year 2013 | test_n=2675

OOD frozen year 2014 | test_n=3768

OOD frozen year 2015 | test_n=5531

OOD frozen year 2016 | test_n=9773

OOD frozen year 2017 | test_n=3432

TTA method metadata | state carries across OOD years

================================================================================
Supervised TAS reference | year 2013
================================================================================

TAS supervised Single Head | fine-tuning year 2013 | train_n=9361 | val_n=1338
[TAS 2013 | Single Head] epoch 1/50 | train_loss=2.006995 | val_loss=1.927061 | best_val_loss=1.927061 | best_epoch=1 | patience=0/5
[TAS 2013 | Single Head] epoch 2/50 | train_loss=1.655117 | val_loss=1.875445 | best_val_loss=1.875445 | best_epoch=2 | patience=0/5
[TAS 2013 | Single Head] epoch 3/50 | train_loss=1.435106 | val_loss=1.842037 | best_val_loss=1.842037 | best_epoch=3 | patience=0/5
[TAS 2013 | Single Head] epoch 4/50 | train_loss=1.274239 | val_loss=1.827086 | best_val_loss=1.827086 | best_epoch=4 | patience=0/5
[TAS 2013 | Single Head] epoch 5/50 | train_loss=1.132120 | val_loss=1.808129 | best_val_loss=1.808129 | best_epoch=5 | patience=0/5
[TAS 2013 | Single Head] epoch 6/50 | train_loss=0.999303 | val_loss=1.799463 | best_val_loss=1.799463 | best_epoch=6 | patience=0/5
[TAS 2013 | Single Head] epoch 7/50 | train_loss=0.882619 | val_loss=1.809199 | best_val_loss=1.799463 | best_epoch=6 | patience=1/5
[TAS 2013 | Single Head] epoch 8/50 | train_loss=0.784086 | val_loss=1.810137 | best_val_loss=1.799463 | best_epoch=6 | patience=2/5
[TAS 2013 | Single Head] epoch 9/50 | train_loss=0.692595 | val_loss=1.825752 | best_val_loss=1.799463 | best_epoch=6 | patience=3/5
[TAS 2013 | Single Head] epoch 10/50 | train_loss=0.602008 | val_loss=1.813363 | best_val_loss=1.799463 | best_epoch=6 | patience=4/5
[TAS 2013 | Single Head] epoch 11/50 | train_loss=0.534781 | val_loss=1.827960 | best_val_loss=1.799463 | best_epoch=6 | patience=5/5
[TAS 2013 | Single Head] EARLY STOP at epoch 11 | best_epoch=6 | best_val_loss=1.799463
[TAS 2013 | Single Head] TRAINING FINISHED | executed_epochs=11 | best_epoch=6 | best_val_loss=1.799463 | stopped_early=True

TAS supervised Double Head | fine-tuning year 2013 | train_n=9361 | val_n=1338
[TAS 2013 | Double Head] epoch 1/50 | train_loss=2.103526 | val_loss=2.015569 | best_val_loss=2.015569 | best_epoch=1 | patience=0/5
[TAS 2013 | Double Head] epoch 2/50 | train_loss=1.749795 | val_loss=1.959904 | best_val_loss=1.959904 | best_epoch=2 | patience=0/5
[TAS 2013 | Double Head] epoch 3/50 | train_loss=1.525223 | val_loss=1.910485 | best_val_loss=1.910485 | best_epoch=3 | patience=0/5
[TAS 2013 | Double Head] epoch 4/50 | train_loss=1.368953 | val_loss=1.905818 | best_val_loss=1.905818 | best_epoch=4 | patience=0/5
[TAS 2013 | Double Head] epoch 5/50 | train_loss=1.213588 | val_loss=1.895551 | best_val_loss=1.895551 | best_epoch=5 | patience=0/5
[TAS 2013 | Double Head] epoch 6/50 | train_loss=1.085392 | val_loss=1.879578 | best_val_loss=1.879578 | best_epoch=6 | patience=0/5
[TAS 2013 | Double Head] epoch 7/50 | train_loss=0.974479 | val_loss=1.861496 | best_val_loss=1.861496 | best_epoch=7 | patience=0/5
[TAS 2013 | Double Head] epoch 8/50 | train_loss=0.868563 | val_loss=1.861340 | best_val_loss=1.861340 | best_epoch=8 | patience=0/5
[TAS 2013 | Double Head] epoch 9/50 | train_loss=0.765485 | val_loss=1.873984 | best_val_loss=1.861340 | best_epoch=8 | patience=1/5
[TAS 2013 | Double Head] epoch 10/50 | train_loss=0.681121 | val_loss=1.888850 | best_val_loss=1.861340 | best_epoch=8 | patience=2/5
[TAS 2013 | Double Head] epoch 11/50 | train_loss=0.598128 | val_loss=1.896740 | best_val_loss=1.861340 | best_epoch=8 | patience=3/5
[TAS 2013 | Double Head] epoch 12/50 | train_loss=0.537236 | val_loss=1.893143 | best_val_loss=1.861340 | best_epoch=8 | patience=4/5
[TAS 2013 | Double Head] epoch 13/50 | train_loss=0.469536 | val_loss=1.894912 | best_val_loss=1.861340 | best_epoch=8 | patience=5/5
[TAS 2013 | Double Head] EARLY STOP at epoch 13 | best_epoch=8 | best_val_loss=1.861340
[TAS 2013 | Double Head] TRAINING FINISHED | executed_epochs=13 | best_epoch=8 | best_val_loss=1.861340 | stopped_early=True

================================================================================
Supervised TAS reference | year 2014
================================================================================

TAS supervised Single Head | fine-tuning year 2014 | train_n=13188 | val_n=1884
[TAS 2014 | Single Head] epoch 1/50 | train_loss=1.891836 | val_loss=1.714869 | best_val_loss=1.714869 | best_epoch=1 | patience=0/5
[TAS 2014 | Single Head] epoch 2/50 | train_loss=1.535066 | val_loss=1.648861 | best_val_loss=1.648861 | best_epoch=2 | patience=0/5
[TAS 2014 | Single Head] epoch 3/50 | train_loss=1.327194 | val_loss=1.613744 | best_val_loss=1.613744 | best_epoch=3 | patience=0/5
[TAS 2014 | Single Head] epoch 4/50 | train_loss=1.174510 | val_loss=1.594428 | best_val_loss=1.594428 | best_epoch=4 | patience=0/5
[TAS 2014 | Single Head] epoch 5/50 | train_loss=1.046332 | val_loss=1.585714 | best_val_loss=1.585714 | best_epoch=5 | patience=0/5
[TAS 2014 | Single Head] epoch 6/50 | train_loss=0.942265 | val_loss=1.579336 | best_val_loss=1.579336 | best_epoch=6 | patience=0/5
[TAS 2014 | Single Head] epoch 7/50 | train_loss=0.831097 | val_loss=1.578988 | best_val_loss=1.578988 | best_epoch=7 | patience=0/5
[TAS 2014 | Single Head] epoch 8/50 | train_loss=0.734449 | val_loss=1.568353 | best_val_loss=1.568353 | best_epoch=8 | patience=0/5
[TAS 2014 | Single Head] epoch 9/50 | train_loss=0.652662 | val_loss=1.594812 | best_val_loss=1.568353 | best_epoch=8 | patience=1/5
[TAS 2014 | Single Head] epoch 10/50 | train_loss=0.572890 | val_loss=1.611837 | best_val_loss=1.568353 | best_epoch=8 | patience=2/5
[TAS 2014 | Single Head] epoch 11/50 | train_loss=0.502966 | val_loss=1.598022 | best_val_loss=1.568353 | best_epoch=8 | patience=3/5
[TAS 2014 | Single Head] epoch 12/50 | train_loss=0.440938 | val_loss=1.607100 | best_val_loss=1.568353 | best_epoch=8 | patience=4/5
[TAS 2014 | Single Head] epoch 13/50 | train_loss=0.382539 | val_loss=1.640626 | best_val_loss=1.568353 | best_epoch=8 | patience=5/5
[TAS 2014 | Single Head] EARLY STOP at epoch 13 | best_epoch=8 | best_val_loss=1.568353
[TAS 2014 | Single Head] TRAINING FINISHED | executed_epochs=13 | best_epoch=8 | best_val_loss=1.568353 | stopped_early=True

TAS supervised Double Head | fine-tuning year 2014 | train_n=13188 | val_n=1884
[TAS 2014 | Double Head] epoch 1/50 | train_loss=1.994284 | val_loss=1.780633 | best_val_loss=1.780633 | best_epoch=1 | patience=0/5
[TAS 2014 | Double Head] epoch 2/50 | train_loss=1.592084 | val_loss=1.712529 | best_val_loss=1.712529 | best_epoch=2 | patience=0/5
[TAS 2014 | Double Head] epoch 3/50 | train_loss=1.377565 | val_loss=1.696139 | best_val_loss=1.696139 | best_epoch=3 | patience=0/5
[TAS 2014 | Double Head] epoch 4/50 | train_loss=1.220672 | val_loss=1.671570 | best_val_loss=1.671570 | best_epoch=4 | patience=0/5
[TAS 2014 | Double Head] epoch 5/50 | train_loss=1.090384 | val_loss=1.638660 | best_val_loss=1.638660 | best_epoch=5 | patience=0/5
[TAS 2014 | Double Head] epoch 6/50 | train_loss=0.975202 | val_loss=1.644362 | best_val_loss=1.638660 | best_epoch=5 | patience=1/5
[TAS 2014 | Double Head] epoch 7/50 | train_loss=0.866964 | val_loss=1.634829 | best_val_loss=1.634829 | best_epoch=7 | patience=0/5
[TAS 2014 | Double Head] epoch 8/50 | train_loss=0.782317 | val_loss=1.640011 | best_val_loss=1.634829 | best_epoch=7 | patience=1/5
[TAS 2014 | Double Head] epoch 9/50 | train_loss=0.687778 | val_loss=1.635107 | best_val_loss=1.634829 | best_epoch=7 | patience=2/5
[TAS 2014 | Double Head] epoch 10/50 | train_loss=0.615162 | val_loss=1.661983 | best_val_loss=1.634829 | best_epoch=7 | patience=3/5
[TAS 2014 | Double Head] epoch 11/50 | train_loss=0.540950 | val_loss=1.676376 | best_val_loss=1.634829 | best_epoch=7 | patience=4/5
[TAS 2014 | Double Head] epoch 12/50 | train_loss=0.487512 | val_loss=1.675938 | best_val_loss=1.634829 | best_epoch=7 | patience=5/5
[TAS 2014 | Double Head] EARLY STOP at epoch 12 | best_epoch=7 | best_val_loss=1.634829
[TAS 2014 | Double Head] TRAINING FINISHED | executed_epochs=12 | best_epoch=7 | best_val_loss=1.634829 | stopped_early=True

================================================================================
Supervised TAS reference | year 2015
================================================================================

TAS supervised Single Head | fine-tuning year 2015 | train_n=19356 | val_n=2766
[TAS 2015 | Single Head] epoch 1/50 | train_loss=2.049835 | val_loss=1.861719 | best_val_loss=1.861719 | best_epoch=1 | patience=0/5
[TAS 2015 | Single Head] epoch 2/50 | train_loss=1.653670 | val_loss=1.794173 | best_val_loss=1.794173 | best_epoch=2 | patience=0/5
[TAS 2015 | Single Head] epoch 3/50 | train_loss=1.453755 | val_loss=1.769710 | best_val_loss=1.769710 | best_epoch=3 | patience=0/5
[TAS 2015 | Single Head] epoch 4/50 | train_loss=1.299515 | val_loss=1.770608 | best_val_loss=1.769710 | best_epoch=3 | patience=1/5
[TAS 2015 | Single Head] epoch 5/50 | train_loss=1.171379 | val_loss=1.738065 | best_val_loss=1.738065 | best_epoch=5 | patience=0/5
[TAS 2015 | Single Head] epoch 6/50 | train_loss=1.052549 | val_loss=1.730586 | best_val_loss=1.730586 | best_epoch=6 | patience=0/5
[TAS 2015 | Single Head] epoch 7/50 | train_loss=0.938671 | val_loss=1.746079 | best_val_loss=1.730586 | best_epoch=6 | patience=1/5
[TAS 2015 | Single Head] epoch 8/50 | train_loss=0.842332 | val_loss=1.754259 | best_val_loss=1.730586 | best_epoch=6 | patience=2/5
[TAS 2015 | Single Head] epoch 9/50 | train_loss=0.757445 | val_loss=1.743462 | best_val_loss=1.730586 | best_epoch=6 | patience=3/5
[TAS 2015 | Single Head] epoch 10/50 | train_loss=0.680316 | val_loss=1.758945 | best_val_loss=1.730586 | best_epoch=6 | patience=4/5
[TAS 2015 | Single Head] epoch 11/50 | train_loss=0.600250 | val_loss=1.771938 | best_val_loss=1.730586 | best_epoch=6 | patience=5/5
[TAS 2015 | Single Head] EARLY STOP at epoch 11 | best_epoch=6 | best_val_loss=1.730586
[TAS 2015 | Single Head] TRAINING FINISHED | executed_epochs=11 | best_epoch=6 | best_val_loss=1.730586 | stopped_early=True

TAS supervised Double Head | fine-tuning year 2015 | train_n=19356 | val_n=2766
[TAS 2015 | Double Head] epoch 1/50 | train_loss=2.125717 | val_loss=1.941539 | best_val_loss=1.941539 | best_epoch=1 | patience=0/5
[TAS 2015 | Double Head] epoch 2/50 | train_loss=1.737712 | val_loss=1.894870 | best_val_loss=1.894870 | best_epoch=2 | patience=0/5
[TAS 2015 | Double Head] epoch 3/50 | train_loss=1.535298 | val_loss=1.855693 | best_val_loss=1.855693 | best_epoch=3 | patience=0/5
[TAS 2015 | Double Head] epoch 4/50 | train_loss=1.383102 | val_loss=1.836456 | best_val_loss=1.836456 | best_epoch=4 | patience=0/5
[TAS 2015 | Double Head] epoch 5/50 | train_loss=1.236872 | val_loss=1.822799 | best_val_loss=1.822799 | best_epoch=5 | patience=0/5
[TAS 2015 | Double Head] epoch 6/50 | train_loss=1.128335 | val_loss=1.815774 | best_val_loss=1.815774 | best_epoch=6 | patience=0/5
[TAS 2015 | Double Head] epoch 7/50 | train_loss=1.013734 | val_loss=1.824782 | best_val_loss=1.815774 | best_epoch=6 | patience=1/5
[TAS 2015 | Double Head] epoch 8/50 | train_loss=0.926931 | val_loss=1.816591 | best_val_loss=1.815774 | best_epoch=6 | patience=2/5
[TAS 2015 | Double Head] epoch 9/50 | train_loss=0.826469 | val_loss=1.818996 | best_val_loss=1.815774 | best_epoch=6 | patience=3/5
[TAS 2015 | Double Head] epoch 10/50 | train_loss=0.744610 | val_loss=1.834753 | best_val_loss=1.815774 | best_epoch=6 | patience=4/5
[TAS 2015 | Double Head] epoch 11/50 | train_loss=0.670203 | val_loss=1.847851 | best_val_loss=1.815774 | best_epoch=6 | patience=5/5
[TAS 2015 | Double Head] EARLY STOP at epoch 11 | best_epoch=6 | best_val_loss=1.815774
[TAS 2015 | Double Head] TRAINING FINISHED | executed_epochs=11 | best_epoch=6 | best_val_loss=1.815774 | stopped_early=True

================================================================================
Supervised TAS reference | year 2016
================================================================================

TAS supervised Single Head | fine-tuning year 2016 | train_n=34202 | val_n=4886
[TAS 2016 | Single Head] epoch 1/50 | train_loss=1.891427 | val_loss=1.712179 | best_val_loss=1.712179 | best_epoch=1 | patience=0/5
[TAS 2016 | Single Head] epoch 2/50 | train_loss=1.577410 | val_loss=1.656069 | best_val_loss=1.656069 | best_epoch=2 | patience=0/5
[TAS 2016 | Single Head] epoch 3/50 | train_loss=1.401136 | val_loss=1.622325 | best_val_loss=1.622325 | best_epoch=3 | patience=0/5
[TAS 2016 | Single Head] epoch 4/50 | train_loss=1.262242 | val_loss=1.589189 | best_val_loss=1.589189 | best_epoch=4 | patience=0/5
[TAS 2016 | Single Head] epoch 5/50 | train_loss=1.136079 | val_loss=1.583175 | best_val_loss=1.583175 | best_epoch=5 | patience=0/5
[TAS 2016 | Single Head] epoch 6/50 | train_loss=1.031923 | val_loss=1.566383 | best_val_loss=1.566383 | best_epoch=6 | patience=0/5
[TAS 2016 | Single Head] epoch 7/50 | train_loss=0.932251 | val_loss=1.550420 | best_val_loss=1.550420 | best_epoch=7 | patience=0/5
[TAS 2016 | Single Head] epoch 8/50 | train_loss=0.844480 | val_loss=1.558237 | best_val_loss=1.550420 | best_epoch=7 | patience=1/5
[TAS 2016 | Single Head] epoch 9/50 | train_loss=0.767052 | val_loss=1.557837 | best_val_loss=1.550420 | best_epoch=7 | patience=2/5
[TAS 2016 | Single Head] epoch 10/50 | train_loss=0.696237 | val_loss=1.563930 | best_val_loss=1.550420 | best_epoch=7 | patience=3/5
[TAS 2016 | Single Head] epoch 11/50 | train_loss=0.625021 | val_loss=1.581107 | best_val_loss=1.550420 | best_epoch=7 | patience=4/5
[TAS 2016 | Single Head] epoch 12/50 | train_loss=0.566963 | val_loss=1.585368 | best_val_loss=1.550420 | best_epoch=7 | patience=5/5
[TAS 2016 | Single Head] EARLY STOP at epoch 12 | best_epoch=7 | best_val_loss=1.550420
[TAS 2016 | Single Head] TRAINING FINISHED | executed_epochs=12 | best_epoch=7 | best_val_loss=1.550420 | stopped_early=True

TAS supervised Double Head | fine-tuning year 2016 | train_n=34202 | val_n=4886
[TAS 2016 | Double Head] epoch 1/50 | train_loss=1.969986 | val_loss=1.797951 | best_val_loss=1.797951 | best_epoch=1 | patience=0/5
[TAS 2016 | Double Head] epoch 2/50 | train_loss=1.653637 | val_loss=1.730351 | best_val_loss=1.730351 | best_epoch=2 | patience=0/5
[TAS 2016 | Double Head] epoch 3/50 | train_loss=1.467722 | val_loss=1.680232 | best_val_loss=1.680232 | best_epoch=3 | patience=0/5
[TAS 2016 | Double Head] epoch 4/50 | train_loss=1.331835 | val_loss=1.661430 | best_val_loss=1.661430 | best_epoch=4 | patience=0/5
[TAS 2016 | Double Head] epoch 5/50 | train_loss=1.209840 | val_loss=1.630687 | best_val_loss=1.630687 | best_epoch=5 | patience=0/5
[TAS 2016 | Double Head] epoch 6/50 | train_loss=1.097238 | val_loss=1.622601 | best_val_loss=1.622601 | best_epoch=6 | patience=0/5
[TAS 2016 | Double Head] epoch 7/50 | train_loss=1.007860 | val_loss=1.623167 | best_val_loss=1.622601 | best_epoch=6 | patience=1/5
[TAS 2016 | Double Head] epoch 8/50 | train_loss=0.915901 | val_loss=1.616658 | best_val_loss=1.616658 | best_epoch=8 | patience=0/5
[TAS 2016 | Double Head] epoch 9/50 | train_loss=0.828774 | val_loss=1.614646 | best_val_loss=1.614646 | best_epoch=9 | patience=0/5
[TAS 2016 | Double Head] epoch 10/50 | train_loss=0.759891 | val_loss=1.624028 | best_val_loss=1.614646 | best_epoch=9 | patience=1/5
[TAS 2016 | Double Head] epoch 11/50 | train_loss=0.689991 | val_loss=1.631881 | best_val_loss=1.614646 | best_epoch=9 | patience=2/5
[TAS 2016 | Double Head] epoch 12/50 | train_loss=0.630001 | val_loss=1.656335 | best_val_loss=1.614646 | best_epoch=9 | patience=3/5
[TAS 2016 | Double Head] epoch 13/50 | train_loss=0.567394 | val_loss=1.654117 | best_val_loss=1.614646 | best_epoch=9 | patience=4/5
[TAS 2016 | Double Head] epoch 14/50 | train_loss=0.519607 | val_loss=1.666031 | best_val_loss=1.614646 | best_epoch=9 | patience=5/5
[TAS 2016 | Double Head] EARLY STOP at epoch 14 | best_epoch=9 | best_val_loss=1.614646
[TAS 2016 | Double Head] TRAINING FINISHED | executed_epochs=14 | best_epoch=9 | best_val_loss=1.614646 | stopped_early=True

================================================================================
Supervised TAS reference | year 2017
================================================================================

TAS supervised Single Head | fine-tuning year 2017 | train_n=12012 | val_n=1716
[TAS 2017 | Single Head] epoch 1/50 | train_loss=1.626603 | val_loss=1.407251 | best_val_loss=1.407251 | best_epoch=1 | patience=0/5
[TAS 2017 | Single Head] epoch 2/50 | train_loss=1.219473 | val_loss=1.343037 | best_val_loss=1.343037 | best_epoch=2 | patience=0/5
[TAS 2017 | Single Head] epoch 3/50 | train_loss=1.005639 | val_loss=1.315100 | best_val_loss=1.315100 | best_epoch=3 | patience=0/5
[TAS 2017 | Single Head] epoch 4/50 | train_loss=0.853533 | val_loss=1.304085 | best_val_loss=1.304085 | best_epoch=4 | patience=0/5
[TAS 2017 | Single Head] epoch 5/50 | train_loss=0.741923 | val_loss=1.297180 | best_val_loss=1.297180 | best_epoch=5 | patience=0/5
[TAS 2017 | Single Head] epoch 6/50 | train_loss=0.640725 | val_loss=1.287983 | best_val_loss=1.287983 | best_epoch=6 | patience=0/5
[TAS 2017 | Single Head] epoch 7/50 | train_loss=0.554957 | val_loss=1.286970 | best_val_loss=1.286970 | best_epoch=7 | patience=0/5
[TAS 2017 | Single Head] epoch 8/50 | train_loss=0.478745 | val_loss=1.298994 | best_val_loss=1.286970 | best_epoch=7 | patience=1/5
[TAS 2017 | Single Head] epoch 9/50 | train_loss=0.415175 | val_loss=1.279119 | best_val_loss=1.279119 | best_epoch=9 | patience=0/5
[TAS 2017 | Single Head] epoch 10/50 | train_loss=0.359204 | val_loss=1.302791 | best_val_loss=1.279119 | best_epoch=9 | patience=1/5
[TAS 2017 | Single Head] epoch 11/50 | train_loss=0.316144 | val_loss=1.288502 | best_val_loss=1.279119 | best_epoch=9 | patience=2/5
[TAS 2017 | Single Head] epoch 12/50 | train_loss=0.266721 | val_loss=1.305764 | best_val_loss=1.279119 | best_epoch=9 | patience=3/5
[TAS 2017 | Single Head] epoch 13/50 | train_loss=0.233018 | val_loss=1.316296 | best_val_loss=1.279119 | best_epoch=9 | patience=4/5
[TAS 2017 | Single Head] epoch 14/50 | train_loss=0.203596 | val_loss=1.335465 | best_val_loss=1.279119 | best_epoch=9 | patience=5/5
[TAS 2017 | Single Head] EARLY STOP at epoch 14 | best_epoch=9 | best_val_loss=1.279119
[TAS 2017 | Single Head] TRAINING FINISHED | executed_epochs=14 | best_epoch=9 | best_val_loss=1.279119 | stopped_early=True

TAS supervised Double Head | fine-tuning year 2017 | train_n=12012 | val_n=1716
[TAS 2017 | Double Head] epoch 1/50 | train_loss=1.708760 | val_loss=1.459325 | best_val_loss=1.459325 | best_epoch=1 | patience=0/5
[TAS 2017 | Double Head] epoch 2/50 | train_loss=1.239441 | val_loss=1.385664 | best_val_loss=1.385664 | best_epoch=2 | patience=0/5
[TAS 2017 | Double Head] epoch 3/50 | train_loss=1.019231 | val_loss=1.346761 | best_val_loss=1.346761 | best_epoch=3 | patience=0/5
[TAS 2017 | Double Head] epoch 4/50 | train_loss=0.871859 | val_loss=1.322674 | best_val_loss=1.322674 | best_epoch=4 | patience=0/5
[TAS 2017 | Double Head] epoch 5/50 | train_loss=0.745721 | val_loss=1.320607 | best_val_loss=1.320607 | best_epoch=5 | patience=0/5
[TAS 2017 | Double Head] epoch 6/50 | train_loss=0.643200 | val_loss=1.329135 | best_val_loss=1.320607 | best_epoch=5 | patience=1/5
[TAS 2017 | Double Head] epoch 7/50 | train_loss=0.565580 | val_loss=1.319863 | best_val_loss=1.319863 | best_epoch=7 | patience=0/5
[TAS 2017 | Double Head] epoch 8/50 | train_loss=0.487788 | val_loss=1.332460 | best_val_loss=1.319863 | best_epoch=7 | patience=1/5
[TAS 2017 | Double Head] epoch 9/50 | train_loss=0.437247 | val_loss=1.326276 | best_val_loss=1.319863 | best_epoch=7 | patience=2/5
[TAS 2017 | Double Head] epoch 10/50 | train_loss=0.381642 | val_loss=1.331988 | best_val_loss=1.319863 | best_epoch=7 | patience=3/5
[TAS 2017 | Double Head] epoch 11/50 | train_loss=0.329077 | val_loss=1.346377 | best_val_loss=1.319863 | best_epoch=7 | patience=4/5
[TAS 2017 | Double Head] epoch 12/50 | train_loss=0.290264 | val_loss=1.347616 | best_val_loss=1.319863 | best_epoch=7 | patience=5/5
[TAS 2017 | Double Head] EARLY STOP at epoch 12 | best_epoch=7 | best_val_loss=1.319863
[TAS 2017 | Double Head] TRAINING FINISHED | executed_epochs=12 | best_epoch=7 | best_val_loss=1.319863 | stopped_early=True
Results: results/fmow/eval_stream_tas/fmow_eval_stream_tas_20260915_000408

Run completed.
results/fmow/eval_stream_tas/fmow_eval_stream_tas_20260915_000408
