Device: cpu
Protocol: eval_stream_tas

================================================================================
DATASET
================================================================================
Dataset: fmow
Data root: /Users/lorenzoiovine/Library/CloudStorage/OneDrive-PolitecnicodiMilano/Lavoro/Lavori/Temporal Distribution Shift/new_FMoW_embeddings_remapped

Year 2002: valid=1199/1199 | main_classes=52 | aux_classes=11
Year 2003: valid=1661/1661 | main_classes=52 | aux_classes=11
Year 2004: valid=1499/1499 | main_classes=52 | aux_classes=11
Year 2005: valid=1837/1837 | main_classes=52 | aux_classes=11
Year 2006: valid=1995/1995 | main_classes=52 | aux_classes=11
Year 2007: valid=1044/1044 | main_classes=52 | aux_classes=11
Year 2008: valid=1459/1459 | main_classes=52 | aux_classes=11
Year 2009: valid=4278/4278 | main_classes=52 | aux_classes=11
Year 2010: valid=9922/9922 | main_classes=52 | aux_classes=11
Year 2011: valid=10933/10933 | main_classes=52 | aux_classes=11
Year 2012: valid=11122/11122 | main_classes=52 | aux_classes=11
Year 2013: valid=13374/13374 | main_classes=52 | aux_classes=11
Year 2014: valid=18840/18840 | main_classes=52 | aux_classes=11
Year 2015: valid=27653/27653 | main_classes=52 | aux_classes=11
Year 2016: valid=48861/48861 | main_classes=52 | aux_classes=11
Year 2017: valid=17160/17160 | main_classes=52 | aux_classes=11

Years: 2002-2017
Number of years: 16
Feature dimension: 2048
Total valid samples: 172837

================================================================================
Source year 2002 | train_n=839 | val_n=120 | id_n=240
================================================================================
[Source 2002 | Double Head] epoch 1/50 | train_loss=3.645323 | val_loss=4.093217 | best_val_loss=4.093217 | best_epoch=1 | patience=0/5
[Source 2002 | Double Head] epoch 2/50 | train_loss=2.384424 | val_loss=3.771965 | best_val_loss=3.771965 | best_epoch=2 | patience=0/5
[Source 2002 | Double Head] epoch 3/50 | train_loss=1.704159 | val_loss=3.188222 | best_val_loss=3.188222 | best_epoch=3 | patience=0/5
[Source 2002 | Double Head] epoch 4/50 | train_loss=1.141439 | val_loss=3.013423 | best_val_loss=3.013423 | best_epoch=4 | patience=0/5
[Source 2002 | Double Head] epoch 5/50 | train_loss=0.724889 | val_loss=3.028232 | best_val_loss=3.013423 | best_epoch=4 | patience=1/5
[Source 2002 | Double Head] epoch 6/50 | train_loss=0.458384 | val_loss=3.088318 | best_val_loss=3.013423 | best_epoch=4 | patience=2/5
[Source 2002 | Double Head] epoch 7/50 | train_loss=0.288793 | val_loss=2.982067 | best_val_loss=2.982067 | best_epoch=7 | patience=0/5
[Source 2002 | Double Head] epoch 8/50 | train_loss=0.198636 | val_loss=3.011080 | best_val_loss=2.982067 | best_epoch=7 | patience=1/5
[Source 2002 | Double Head] epoch 9/50 | train_loss=0.137045 | val_loss=2.971151 | best_val_loss=2.971151 | best_epoch=9 | patience=0/5
[Source 2002 | Double Head] epoch 10/50 | train_loss=0.101869 | val_loss=3.053062 | best_val_loss=2.971151 | best_epoch=9 | patience=1/5
[Source 2002 | Double Head] epoch 11/50 | train_loss=0.073553 | val_loss=3.051175 | best_val_loss=2.971151 | best_epoch=9 | patience=2/5
[Source 2002 | Double Head] epoch 12/50 | train_loss=0.058405 | val_loss=3.028083 | best_val_loss=2.971151 | best_epoch=9 | patience=3/5
[Source 2002 | Double Head] epoch 13/50 | train_loss=0.051716 | val_loss=3.058233 | best_val_loss=2.971151 | best_epoch=9 | patience=4/5
[Source 2002 | Double Head] epoch 14/50 | train_loss=0.052810 | val_loss=3.230627 | best_val_loss=2.971151 | best_epoch=9 | patience=5/5
[Source 2002 | Double Head] EARLY STOP at epoch 14 | best_epoch=9 | best_val_loss=2.971151
[Source 2002 | Double Head] TRAINING FINISHED | executed_epochs=14 | best_epoch=9 | best_val_loss=2.971151 | stopped_early=True

================================================================================
Source year 2003 | train_n=1162 | val_n=166 | id_n=333
================================================================================
[Source 2003 | Double Head] epoch 1/20 | train_loss=3.329742 | val_loss=2.973059 | best_val_loss=2.973059 | best_epoch=1 | patience=0/3
[Source 2003 | Double Head] epoch 2/20 | train_loss=2.578913 | val_loss=2.806622 | best_val_loss=2.806622 | best_epoch=2 | patience=0/3
[Source 2003 | Double Head] epoch 3/20 | train_loss=2.178956 | val_loss=2.741988 | best_val_loss=2.741988 | best_epoch=3 | patience=0/3
[Source 2003 | Double Head] epoch 4/20 | train_loss=1.892057 | val_loss=2.678186 | best_val_loss=2.678186 | best_epoch=4 | patience=0/3
[Source 2003 | Double Head] epoch 5/20 | train_loss=1.684522 | val_loss=2.654625 | best_val_loss=2.654625 | best_epoch=5 | patience=0/3
[Source 2003 | Double Head] epoch 6/20 | train_loss=1.480278 | val_loss=2.628360 | best_val_loss=2.628360 | best_epoch=6 | patience=0/3
[Source 2003 | Double Head] epoch 7/20 | train_loss=1.353839 | val_loss=2.623033 | best_val_loss=2.623033 | best_epoch=7 | patience=0/3
[Source 2003 | Double Head] epoch 8/20 | train_loss=1.203273 | val_loss=2.614000 | best_val_loss=2.614000 | best_epoch=8 | patience=0/3
[Source 2003 | Double Head] epoch 9/20 | train_loss=1.094927 | val_loss=2.611109 | best_val_loss=2.611109 | best_epoch=9 | patience=0/3
[Source 2003 | Double Head] epoch 10/20 | train_loss=0.977767 | val_loss=2.603954 | best_val_loss=2.603954 | best_epoch=10 | patience=0/3
[Source 2003 | Double Head] epoch 11/20 | train_loss=0.886757 | val_loss=2.604047 | best_val_loss=2.603954 | best_epoch=10 | patience=1/3
[Source 2003 | Double Head] epoch 12/20 | train_loss=0.796026 | val_loss=2.614180 | best_val_loss=2.603954 | best_epoch=10 | patience=2/3
[Source 2003 | Double Head] epoch 13/20 | train_loss=0.726882 | val_loss=2.615182 | best_val_loss=2.603954 | best_epoch=10 | patience=3/3
[Source 2003 | Double Head] EARLY STOP at epoch 13 | best_epoch=10 | best_val_loss=2.603954
[Source 2003 | Double Head] TRAINING FINISHED | executed_epochs=13 | best_epoch=10 | best_val_loss=2.603954 | stopped_early=True

================================================================================
Source year 2004 | train_n=1049 | val_n=150 | id_n=300
================================================================================
[Source 2004 | Double Head] epoch 1/20 | train_loss=3.311107 | val_loss=2.926218 | best_val_loss=2.926218 | best_epoch=1 | patience=0/3
[Source 2004 | Double Head] epoch 2/20 | train_loss=2.698569 | val_loss=2.769700 | best_val_loss=2.769700 | best_epoch=2 | patience=0/3
[Source 2004 | Double Head] epoch 3/20 | train_loss=2.294779 | val_loss=2.728368 | best_val_loss=2.728368 | best_epoch=3 | patience=0/3
[Source 2004 | Double Head] epoch 4/20 | train_loss=2.000270 | val_loss=2.694316 | best_val_loss=2.694316 | best_epoch=4 | patience=0/3
[Source 2004 | Double Head] epoch 5/20 | train_loss=1.759536 | val_loss=2.667754 | best_val_loss=2.667754 | best_epoch=5 | patience=0/3
[Source 2004 | Double Head] epoch 6/20 | train_loss=1.577918 | val_loss=2.670621 | best_val_loss=2.667754 | best_epoch=5 | patience=1/3
[Source 2004 | Double Head] epoch 7/20 | train_loss=1.396703 | val_loss=2.660288 | best_val_loss=2.660288 | best_epoch=7 | patience=0/3
[Source 2004 | Double Head] epoch 8/20 | train_loss=1.261268 | val_loss=2.654544 | best_val_loss=2.654544 | best_epoch=8 | patience=0/3
[Source 2004 | Double Head] epoch 9/20 | train_loss=1.123340 | val_loss=2.650666 | best_val_loss=2.650666 | best_epoch=9 | patience=0/3
[Source 2004 | Double Head] epoch 10/20 | train_loss=1.004870 | val_loss=2.655168 | best_val_loss=2.650666 | best_epoch=9 | patience=1/3
[Source 2004 | Double Head] epoch 11/20 | train_loss=0.919049 | val_loss=2.656698 | best_val_loss=2.650666 | best_epoch=9 | patience=2/3
[Source 2004 | Double Head] epoch 12/20 | train_loss=0.844461 | val_loss=2.658286 | best_val_loss=2.650666 | best_epoch=9 | patience=3/3
[Source 2004 | Double Head] EARLY STOP at epoch 12 | best_epoch=9 | best_val_loss=2.650666
[Source 2004 | Double Head] TRAINING FINISHED | executed_epochs=12 | best_epoch=9 | best_val_loss=2.650666 | stopped_early=True

================================================================================
Source year 2005 | train_n=1285 | val_n=184 | id_n=368
================================================================================
[Source 2005 | Double Head] epoch 1/20 | train_loss=2.882987 | val_loss=2.669814 | best_val_loss=2.669814 | best_epoch=1 | patience=0/3
[Source 2005 | Double Head] epoch 2/20 | train_loss=2.369350 | val_loss=2.592825 | best_val_loss=2.592825 | best_epoch=2 | patience=0/3
[Source 2005 | Double Head] epoch 3/20 | train_loss=2.040603 | val_loss=2.575147 | best_val_loss=2.575147 | best_epoch=3 | patience=0/3
[Source 2005 | Double Head] epoch 4/20 | train_loss=1.778624 | val_loss=2.538139 | best_val_loss=2.538139 | best_epoch=4 | patience=0/3
[Source 2005 | Double Head] epoch 5/20 | train_loss=1.559121 | val_loss=2.523906 | best_val_loss=2.523906 | best_epoch=5 | patience=0/3
[Source 2005 | Double Head] epoch 6/20 | train_loss=1.417912 | val_loss=2.509455 | best_val_loss=2.509455 | best_epoch=6 | patience=0/3
[Source 2005 | Double Head] epoch 7/20 | train_loss=1.277063 | val_loss=2.506254 | best_val_loss=2.506254 | best_epoch=7 | patience=0/3
[Source 2005 | Double Head] epoch 8/20 | train_loss=1.139386 | val_loss=2.489064 | best_val_loss=2.489064 | best_epoch=8 | patience=0/3
[Source 2005 | Double Head] epoch 9/20 | train_loss=1.022823 | val_loss=2.499769 | best_val_loss=2.489064 | best_epoch=8 | patience=1/3
[Source 2005 | Double Head] epoch 10/20 | train_loss=0.928621 | val_loss=2.492472 | best_val_loss=2.489064 | best_epoch=8 | patience=2/3
[Source 2005 | Double Head] epoch 11/20 | train_loss=0.841217 | val_loss=2.485696 | best_val_loss=2.485696 | best_epoch=11 | patience=0/3
[Source 2005 | Double Head] epoch 12/20 | train_loss=0.755231 | val_loss=2.520684 | best_val_loss=2.485696 | best_epoch=11 | patience=1/3
[Source 2005 | Double Head] epoch 13/20 | train_loss=0.703968 | val_loss=2.496129 | best_val_loss=2.485696 | best_epoch=11 | patience=2/3
[Source 2005 | Double Head] epoch 14/20 | train_loss=0.622545 | val_loss=2.500023 | best_val_loss=2.485696 | best_epoch=11 | patience=3/3
[Source 2005 | Double Head] EARLY STOP at epoch 14 | best_epoch=11 | best_val_loss=2.485696
[Source 2005 | Double Head] TRAINING FINISHED | executed_epochs=14 | best_epoch=11 | best_val_loss=2.485696 | stopped_early=True

================================================================================
Source year 2006 | train_n=1396 | val_n=200 | id_n=399
================================================================================
[Source 2006 | Double Head] epoch 1/20 | train_loss=2.694433 | val_loss=2.726774 | best_val_loss=2.726774 | best_epoch=1 | patience=0/3
[Source 2006 | Double Head] epoch 2/20 | train_loss=2.195178 | val_loss=2.646951 | best_val_loss=2.646951 | best_epoch=2 | patience=0/3
[Source 2006 | Double Head] epoch 3/20 | train_loss=1.854644 | val_loss=2.631607 | best_val_loss=2.631607 | best_epoch=3 | patience=0/3
[Source 2006 | Double Head] epoch 4/20 | train_loss=1.639289 | val_loss=2.613751 | best_val_loss=2.613751 | best_epoch=4 | patience=0/3
[Source 2006 | Double Head] epoch 5/20 | train_loss=1.429067 | val_loss=2.621622 | best_val_loss=2.613751 | best_epoch=4 | patience=1/3
[Source 2006 | Double Head] epoch 6/20 | train_loss=1.267812 | val_loss=2.598321 | best_val_loss=2.598321 | best_epoch=6 | patience=0/3
[Source 2006 | Double Head] epoch 7/20 | train_loss=1.146324 | val_loss=2.607691 | best_val_loss=2.598321 | best_epoch=6 | patience=1/3
[Source 2006 | Double Head] epoch 8/20 | train_loss=1.000231 | val_loss=2.601351 | best_val_loss=2.598321 | best_epoch=6 | patience=2/3
[Source 2006 | Double Head] epoch 9/20 | train_loss=0.909115 | val_loss=2.610621 | best_val_loss=2.598321 | best_epoch=6 | patience=3/3
[Source 2006 | Double Head] EARLY STOP at epoch 9 | best_epoch=6 | best_val_loss=2.598321
[Source 2006 | Double Head] TRAINING FINISHED | executed_epochs=9 | best_epoch=6 | best_val_loss=2.598321 | stopped_early=True

================================================================================
Source year 2007 | train_n=730 | val_n=105 | id_n=209
================================================================================
[Source 2007 | Double Head] epoch 1/20 | train_loss=2.570136 | val_loss=2.791669 | best_val_loss=2.791669 | best_epoch=1 | patience=0/3
[Source 2007 | Double Head] epoch 2/20 | train_loss=2.147601 | val_loss=2.662001 | best_val_loss=2.662001 | best_epoch=2 | patience=0/3
[Source 2007 | Double Head] epoch 3/20 | train_loss=1.793740 | val_loss=2.631347 | best_val_loss=2.631347 | best_epoch=3 | patience=0/3
[Source 2007 | Double Head] epoch 4/20 | train_loss=1.540955 | val_loss=2.617456 | best_val_loss=2.617456 | best_epoch=4 | patience=0/3
[Source 2007 | Double Head] epoch 5/20 | train_loss=1.372241 | val_loss=2.608686 | best_val_loss=2.608686 | best_epoch=5 | patience=0/3
[Source 2007 | Double Head] epoch 6/20 | train_loss=1.185484 | val_loss=2.603861 | best_val_loss=2.603861 | best_epoch=6 | patience=0/3
[Source 2007 | Double Head] epoch 7/20 | train_loss=1.067551 | val_loss=2.617189 | best_val_loss=2.603861 | best_epoch=6 | patience=1/3
[Source 2007 | Double Head] epoch 8/20 | train_loss=0.945856 | val_loss=2.600031 | best_val_loss=2.600031 | best_epoch=8 | patience=0/3
[Source 2007 | Double Head] epoch 9/20 | train_loss=0.838875 | val_loss=2.613894 | best_val_loss=2.600031 | best_epoch=8 | patience=1/3
[Source 2007 | Double Head] epoch 10/20 | train_loss=0.768163 | val_loss=2.612725 | best_val_loss=2.600031 | best_epoch=8 | patience=2/3
[Source 2007 | Double Head] epoch 11/20 | train_loss=0.688044 | val_loss=2.604320 | best_val_loss=2.600031 | best_epoch=8 | patience=3/3
[Source 2007 | Double Head] EARLY STOP at epoch 11 | best_epoch=8 | best_val_loss=2.600031
[Source 2007 | Double Head] TRAINING FINISHED | executed_epochs=11 | best_epoch=8 | best_val_loss=2.600031 | stopped_early=True

================================================================================
Source year 2008 | train_n=1021 | val_n=146 | id_n=292
================================================================================
[Source 2008 | Double Head] epoch 1/20 | train_loss=2.632083 | val_loss=2.648685 | best_val_loss=2.648685 | best_epoch=1 | patience=0/3
[Source 2008 | Double Head] epoch 2/20 | train_loss=2.114178 | val_loss=2.573779 | best_val_loss=2.573779 | best_epoch=2 | patience=0/3
[Source 2008 | Double Head] epoch 3/20 | train_loss=1.785616 | val_loss=2.559276 | best_val_loss=2.559276 | best_epoch=3 | patience=0/3
[Source 2008 | Double Head] epoch 4/20 | train_loss=1.528490 | val_loss=2.532914 | best_val_loss=2.532914 | best_epoch=4 | patience=0/3
[Source 2008 | Double Head] epoch 5/20 | train_loss=1.365649 | val_loss=2.528139 | best_val_loss=2.528139 | best_epoch=5 | patience=0/3
[Source 2008 | Double Head] epoch 6/20 | train_loss=1.200719 | val_loss=2.534147 | best_val_loss=2.528139 | best_epoch=5 | patience=1/3
[Source 2008 | Double Head] epoch 7/20 | train_loss=1.063544 | val_loss=2.515770 | best_val_loss=2.515770 | best_epoch=7 | patience=0/3
[Source 2008 | Double Head] epoch 8/20 | train_loss=0.957982 | val_loss=2.518297 | best_val_loss=2.515770 | best_epoch=7 | patience=1/3
[Source 2008 | Double Head] epoch 9/20 | train_loss=0.865111 | val_loss=2.513552 | best_val_loss=2.513552 | best_epoch=9 | patience=0/3
[Source 2008 | Double Head] epoch 10/20 | train_loss=0.783564 | val_loss=2.535787 | best_val_loss=2.513552 | best_epoch=9 | patience=1/3
[Source 2008 | Double Head] epoch 11/20 | train_loss=0.697387 | val_loss=2.522745 | best_val_loss=2.513552 | best_epoch=9 | patience=2/3
[Source 2008 | Double Head] epoch 12/20 | train_loss=0.633978 | val_loss=2.529953 | best_val_loss=2.513552 | best_epoch=9 | patience=3/3
[Source 2008 | Double Head] EARLY STOP at epoch 12 | best_epoch=9 | best_val_loss=2.513552
[Source 2008 | Double Head] TRAINING FINISHED | executed_epochs=12 | best_epoch=9 | best_val_loss=2.513552 | stopped_early=True

================================================================================
Source year 2009 | train_n=2994 | val_n=428 | id_n=856
================================================================================
[Source 2009 | Double Head] epoch 1/20 | train_loss=2.813085 | val_loss=2.628504 | best_val_loss=2.628504 | best_epoch=1 | patience=0/3
[Source 2009 | Double Head] epoch 2/20 | train_loss=2.288088 | val_loss=2.544859 | best_val_loss=2.544859 | best_epoch=2 | patience=0/3
[Source 2009 | Double Head] epoch 3/20 | train_loss=1.984520 | val_loss=2.507560 | best_val_loss=2.507560 | best_epoch=3 | patience=0/3
[Source 2009 | Double Head] epoch 4/20 | train_loss=1.758248 | val_loss=2.496263 | best_val_loss=2.496263 | best_epoch=4 | patience=0/3
[Source 2009 | Double Head] epoch 5/20 | train_loss=1.582736 | val_loss=2.464368 | best_val_loss=2.464368 | best_epoch=5 | patience=0/3
[Source 2009 | Double Head] epoch 6/20 | train_loss=1.409395 | val_loss=2.449616 | best_val_loss=2.449616 | best_epoch=6 | patience=0/3
[Source 2009 | Double Head] epoch 7/20 | train_loss=1.282400 | val_loss=2.444620 | best_val_loss=2.444620 | best_epoch=7 | patience=0/3
[Source 2009 | Double Head] epoch 8/20 | train_loss=1.159982 | val_loss=2.434842 | best_val_loss=2.434842 | best_epoch=8 | patience=0/3
[Source 2009 | Double Head] epoch 9/20 | train_loss=1.048873 | val_loss=2.437090 | best_val_loss=2.434842 | best_epoch=8 | patience=1/3
[Source 2009 | Double Head] epoch 10/20 | train_loss=0.954064 | val_loss=2.471899 | best_val_loss=2.434842 | best_epoch=8 | patience=2/3
[Source 2009 | Double Head] epoch 11/20 | train_loss=0.856800 | val_loss=2.457960 | best_val_loss=2.434842 | best_epoch=8 | patience=3/3
[Source 2009 | Double Head] EARLY STOP at epoch 11 | best_epoch=8 | best_val_loss=2.434842
[Source 2009 | Double Head] TRAINING FINISHED | executed_epochs=11 | best_epoch=8 | best_val_loss=2.434842 | stopped_early=True

================================================================================
Source year 2010 | train_n=6944 | val_n=993 | id_n=1985
================================================================================
[Source 2010 | Double Head] epoch 1/20 | train_loss=2.513011 | val_loss=2.294772 | best_val_loss=2.294772 | best_epoch=1 | patience=0/3
[Source 2010 | Double Head] epoch 2/20 | train_loss=2.062563 | val_loss=2.207552 | best_val_loss=2.207552 | best_epoch=2 | patience=0/3
[Source 2010 | Double Head] epoch 3/20 | train_loss=1.831474 | val_loss=2.160058 | best_val_loss=2.160058 | best_epoch=3 | patience=0/3
[Source 2010 | Double Head] epoch 4/20 | train_loss=1.643651 | val_loss=2.125161 | best_val_loss=2.125161 | best_epoch=4 | patience=0/3
[Source 2010 | Double Head] epoch 5/20 | train_loss=1.490152 | val_loss=2.105769 | best_val_loss=2.105769 | best_epoch=5 | patience=0/3
[Source 2010 | Double Head] epoch 6/20 | train_loss=1.343472 | val_loss=2.085054 | best_val_loss=2.085054 | best_epoch=6 | patience=0/3
[Source 2010 | Double Head] epoch 7/20 | train_loss=1.212012 | val_loss=2.074224 | best_val_loss=2.074224 | best_epoch=7 | patience=0/3
[Source 2010 | Double Head] epoch 8/20 | train_loss=1.092270 | val_loss=2.063673 | best_val_loss=2.063673 | best_epoch=8 | patience=0/3
[Source 2010 | Double Head] epoch 9/20 | train_loss=0.984575 | val_loss=2.076648 | best_val_loss=2.063673 | best_epoch=8 | patience=1/3
[Source 2010 | Double Head] epoch 10/20 | train_loss=0.890850 | val_loss=2.057060 | best_val_loss=2.057060 | best_epoch=10 | patience=0/3
[Source 2010 | Double Head] epoch 11/20 | train_loss=0.786779 | val_loss=2.062719 | best_val_loss=2.057060 | best_epoch=10 | patience=1/3
[Source 2010 | Double Head] epoch 12/20 | train_loss=0.705797 | val_loss=2.066249 | best_val_loss=2.057060 | best_epoch=10 | patience=2/3
[Source 2010 | Double Head] epoch 13/20 | train_loss=0.633581 | val_loss=2.084895 | best_val_loss=2.057060 | best_epoch=10 | patience=3/3
[Source 2010 | Double Head] EARLY STOP at epoch 13 | best_epoch=10 | best_val_loss=2.057060
[Source 2010 | Double Head] TRAINING FINISHED | executed_epochs=13 | best_epoch=10 | best_val_loss=2.057060 | stopped_early=True

================================================================================
Source year 2011 | train_n=7652 | val_n=1094 | id_n=2187
================================================================================
[Source 2011 | Double Head] epoch 1/20 | train_loss=2.123270 | val_loss=1.925256 | best_val_loss=1.925256 | best_epoch=1 | patience=0/3
[Source 2011 | Double Head] epoch 2/20 | train_loss=1.704652 | val_loss=1.889194 | best_val_loss=1.889194 | best_epoch=2 | patience=0/3
[Source 2011 | Double Head] epoch 3/20 | train_loss=1.494036 | val_loss=1.845666 | best_val_loss=1.845666 | best_epoch=3 | patience=0/3
[Source 2011 | Double Head] epoch 4/20 | train_loss=1.324868 | val_loss=1.842537 | best_val_loss=1.842537 | best_epoch=4 | patience=0/3
[Source 2011 | Double Head] epoch 5/20 | train_loss=1.176038 | val_loss=1.837389 | best_val_loss=1.837389 | best_epoch=5 | patience=0/3
[Source 2011 | Double Head] epoch 6/20 | train_loss=1.064638 | val_loss=1.810975 | best_val_loss=1.810975 | best_epoch=6 | patience=0/3
[Source 2011 | Double Head] epoch 7/20 | train_loss=0.944646 | val_loss=1.817124 | best_val_loss=1.810975 | best_epoch=6 | patience=1/3
[Source 2011 | Double Head] epoch 8/20 | train_loss=0.846579 | val_loss=1.826683 | best_val_loss=1.810975 | best_epoch=6 | patience=2/3
[Source 2011 | Double Head] epoch 9/20 | train_loss=0.764806 | val_loss=1.826110 | best_val_loss=1.810975 | best_epoch=6 | patience=3/3
[Source 2011 | Double Head] EARLY STOP at epoch 9 | best_epoch=6 | best_val_loss=1.810975
[Source 2011 | Double Head] TRAINING FINISHED | executed_epochs=9 | best_epoch=6 | best_val_loss=1.810975 | stopped_early=True

================================================================================
Source year 2012 | train_n=7784 | val_n=1113 | id_n=2225
================================================================================
[Source 2012 | Double Head] epoch 1/20 | train_loss=2.200187 | val_loss=2.011263 | best_val_loss=2.011263 | best_epoch=1 | patience=0/3
[Source 2012 | Double Head] epoch 2/20 | train_loss=1.783373 | val_loss=1.958786 | best_val_loss=1.958786 | best_epoch=2 | patience=0/3
[Source 2012 | Double Head] epoch 3/20 | train_loss=1.557022 | val_loss=1.933970 | best_val_loss=1.933970 | best_epoch=3 | patience=0/3
[Source 2012 | Double Head] epoch 4/20 | train_loss=1.370789 | val_loss=1.928705 | best_val_loss=1.928705 | best_epoch=4 | patience=0/3
[Source 2012 | Double Head] epoch 5/20 | train_loss=1.220074 | val_loss=1.909802 | best_val_loss=1.909802 | best_epoch=5 | patience=0/3
[Source 2012 | Double Head] epoch 6/20 | train_loss=1.098647 | val_loss=1.912634 | best_val_loss=1.909802 | best_epoch=5 | patience=1/3
[Source 2012 | Double Head] epoch 7/20 | train_loss=0.980790 | val_loss=1.898790 | best_val_loss=1.898790 | best_epoch=7 | patience=0/3
[Source 2012 | Double Head] epoch 8/20 | train_loss=0.875666 | val_loss=1.898882 | best_val_loss=1.898790 | best_epoch=7 | patience=1/3
[Source 2012 | Double Head] epoch 9/20 | train_loss=0.778194 | val_loss=1.900115 | best_val_loss=1.898790 | best_epoch=7 | patience=2/3
[Source 2012 | Double Head] epoch 10/20 | train_loss=0.701358 | val_loss=1.920480 | best_val_loss=1.898790 | best_epoch=7 | patience=3/3
[Source 2012 | Double Head] EARLY STOP at epoch 10 | best_epoch=7 | best_val_loss=1.898790
[Source 2012 | Double Head] TRAINING FINISHED | executed_epochs=10 | best_epoch=7 | best_val_loss=1.898790 | stopped_early=True

OOD frozen year 2013 | test_n=2675

OOD frozen year 2014 | test_n=3768

OOD frozen year 2015 | test_n=5531

OOD frozen year 2016 | test_n=9773

OOD frozen year 2017 | test_n=3432

TTA method metadata | state carries across OOD years

================================================================================
Supervised TAS reference | year 2013
================================================================================

TAS supervised Double Head | fine-tuning year 2013 | train_n=9361 | val_n=1338
[TAS 2013 | Double Head] epoch 1/20 | train_loss=2.113058 | val_loss=2.024988 | best_val_loss=2.024988 | best_epoch=1 | patience=0/3
[TAS 2013 | Double Head] epoch 2/20 | train_loss=1.754674 | val_loss=1.956610 | best_val_loss=1.956610 | best_epoch=2 | patience=0/3
[TAS 2013 | Double Head] epoch 3/20 | train_loss=1.539359 | val_loss=1.935243 | best_val_loss=1.935243 | best_epoch=3 | patience=0/3
[TAS 2013 | Double Head] epoch 4/20 | train_loss=1.362416 | val_loss=1.914440 | best_val_loss=1.914440 | best_epoch=4 | patience=0/3
[TAS 2013 | Double Head] epoch 5/20 | train_loss=1.228223 | val_loss=1.896943 | best_val_loss=1.896943 | best_epoch=5 | patience=0/3
[TAS 2013 | Double Head] epoch 6/20 | train_loss=1.093720 | val_loss=1.886662 | best_val_loss=1.886662 | best_epoch=6 | patience=0/3
[TAS 2013 | Double Head] epoch 7/20 | train_loss=0.993202 | val_loss=1.877689 | best_val_loss=1.877689 | best_epoch=7 | patience=0/3
[TAS 2013 | Double Head] epoch 8/20 | train_loss=0.885008 | val_loss=1.882334 | best_val_loss=1.877689 | best_epoch=7 | patience=1/3
[TAS 2013 | Double Head] epoch 9/20 | train_loss=0.784278 | val_loss=1.888167 | best_val_loss=1.877689 | best_epoch=7 | patience=2/3
[TAS 2013 | Double Head] epoch 10/20 | train_loss=0.694660 | val_loss=1.886188 | best_val_loss=1.877689 | best_epoch=7 | patience=3/3
[TAS 2013 | Double Head] EARLY STOP at epoch 10 | best_epoch=7 | best_val_loss=1.877689
[TAS 2013 | Double Head] TRAINING FINISHED | executed_epochs=10 | best_epoch=7 | best_val_loss=1.877689 | stopped_early=True

================================================================================
Supervised TAS reference | year 2014
================================================================================

TAS supervised Double Head | fine-tuning year 2014 | train_n=13188 | val_n=1884
[TAS 2014 | Double Head] epoch 1/20 | train_loss=1.983660 | val_loss=1.770596 | best_val_loss=1.770596 | best_epoch=1 | patience=0/3
[TAS 2014 | Double Head] epoch 2/20 | train_loss=1.617221 | val_loss=1.715838 | best_val_loss=1.715838 | best_epoch=2 | patience=0/3
[TAS 2014 | Double Head] epoch 3/20 | train_loss=1.404812 | val_loss=1.685172 | best_val_loss=1.685172 | best_epoch=3 | patience=0/3
[TAS 2014 | Double Head] epoch 4/20 | train_loss=1.256118 | val_loss=1.667312 | best_val_loss=1.667312 | best_epoch=4 | patience=0/3
[TAS 2014 | Double Head] epoch 5/20 | train_loss=1.122646 | val_loss=1.656379 | best_val_loss=1.656379 | best_epoch=5 | patience=0/3
[TAS 2014 | Double Head] epoch 6/20 | train_loss=1.012026 | val_loss=1.663202 | best_val_loss=1.656379 | best_epoch=5 | patience=1/3
[TAS 2014 | Double Head] epoch 7/20 | train_loss=0.906398 | val_loss=1.663987 | best_val_loss=1.656379 | best_epoch=5 | patience=2/3
[TAS 2014 | Double Head] epoch 8/20 | train_loss=0.813478 | val_loss=1.653380 | best_val_loss=1.653380 | best_epoch=8 | patience=0/3
[TAS 2014 | Double Head] epoch 9/20 | train_loss=0.726647 | val_loss=1.658242 | best_val_loss=1.653380 | best_epoch=8 | patience=1/3
[TAS 2014 | Double Head] epoch 10/20 | train_loss=0.649630 | val_loss=1.656027 | best_val_loss=1.653380 | best_epoch=8 | patience=2/3
[TAS 2014 | Double Head] epoch 11/20 | train_loss=0.585875 | val_loss=1.673910 | best_val_loss=1.653380 | best_epoch=8 | patience=3/3
[TAS 2014 | Double Head] EARLY STOP at epoch 11 | best_epoch=8 | best_val_loss=1.653380
[TAS 2014 | Double Head] TRAINING FINISHED | executed_epochs=11 | best_epoch=8 | best_val_loss=1.653380 | stopped_early=True

================================================================================
Supervised TAS reference | year 2015
================================================================================

TAS supervised Double Head | fine-tuning year 2015 | train_n=19356 | val_n=2766
[TAS 2015 | Double Head] epoch 1/20 | train_loss=2.145569 | val_loss=1.965931 | best_val_loss=1.965931 | best_epoch=1 | patience=0/3
[TAS 2015 | Double Head] epoch 2/20 | train_loss=1.744316 | val_loss=1.879148 | best_val_loss=1.879148 | best_epoch=2 | patience=0/3
[TAS 2015 | Double Head] epoch 3/20 | train_loss=1.536370 | val_loss=1.855915 | best_val_loss=1.855915 | best_epoch=3 | patience=0/3
[TAS 2015 | Double Head] epoch 4/20 | train_loss=1.379487 | val_loss=1.843436 | best_val_loss=1.843436 | best_epoch=4 | patience=0/3
[TAS 2015 | Double Head] epoch 5/20 | train_loss=1.246290 | val_loss=1.827795 | best_val_loss=1.827795 | best_epoch=5 | patience=0/3
[TAS 2015 | Double Head] epoch 6/20 | train_loss=1.130656 | val_loss=1.829969 | best_val_loss=1.827795 | best_epoch=5 | patience=1/3
[TAS 2015 | Double Head] epoch 7/20 | train_loss=1.024169 | val_loss=1.828049 | best_val_loss=1.827795 | best_epoch=5 | patience=2/3
[TAS 2015 | Double Head] epoch 8/20 | train_loss=0.930120 | val_loss=1.831587 | best_val_loss=1.827795 | best_epoch=5 | patience=3/3
[TAS 2015 | Double Head] EARLY STOP at epoch 8 | best_epoch=5 | best_val_loss=1.827795
[TAS 2015 | Double Head] TRAINING FINISHED | executed_epochs=8 | best_epoch=5 | best_val_loss=1.827795 | stopped_early=True

================================================================================
Supervised TAS reference | year 2016
================================================================================

TAS supervised Double Head | fine-tuning year 2016 | train_n=34202 | val_n=4886
[TAS 2016 | Double Head] epoch 1/20 | train_loss=1.981307 | val_loss=1.806322 | best_val_loss=1.806322 | best_epoch=1 | patience=0/3
[TAS 2016 | Double Head] epoch 2/20 | train_loss=1.668666 | val_loss=1.738906 | best_val_loss=1.738906 | best_epoch=2 | patience=0/3
[TAS 2016 | Double Head] epoch 3/20 | train_loss=1.493451 | val_loss=1.709851 | best_val_loss=1.709851 | best_epoch=3 | patience=0/3
[TAS 2016 | Double Head] epoch 4/20 | train_loss=1.352844 | val_loss=1.670061 | best_val_loss=1.670061 | best_epoch=4 | patience=0/3
[TAS 2016 | Double Head] epoch 5/20 | train_loss=1.236650 | val_loss=1.660659 | best_val_loss=1.660659 | best_epoch=5 | patience=0/3
[TAS 2016 | Double Head] epoch 6/20 | train_loss=1.126156 | val_loss=1.641495 | best_val_loss=1.641495 | best_epoch=6 | patience=0/3
[TAS 2016 | Double Head] epoch 7/20 | train_loss=1.032129 | val_loss=1.630805 | best_val_loss=1.630805 | best_epoch=7 | patience=0/3
[TAS 2016 | Double Head] epoch 8/20 | train_loss=0.943220 | val_loss=1.622876 | best_val_loss=1.622876 | best_epoch=8 | patience=0/3
[TAS 2016 | Double Head] epoch 9/20 | train_loss=0.861570 | val_loss=1.625073 | best_val_loss=1.622876 | best_epoch=8 | patience=1/3
[TAS 2016 | Double Head] epoch 10/20 | train_loss=0.787249 | val_loss=1.617370 | best_val_loss=1.617370 | best_epoch=10 | patience=0/3
[TAS 2016 | Double Head] epoch 11/20 | train_loss=0.715755 | val_loss=1.630115 | best_val_loss=1.617370 | best_epoch=10 | patience=1/3
[TAS 2016 | Double Head] epoch 12/20 | train_loss=0.655964 | val_loss=1.640009 | best_val_loss=1.617370 | best_epoch=10 | patience=2/3
[TAS 2016 | Double Head] epoch 13/20 | train_loss=0.595151 | val_loss=1.645396 | best_val_loss=1.617370 | best_epoch=10 | patience=3/3
[TAS 2016 | Double Head] EARLY STOP at epoch 13 | best_epoch=10 | best_val_loss=1.617370
[TAS 2016 | Double Head] TRAINING FINISHED | executed_epochs=13 | best_epoch=10 | best_val_loss=1.617370 | stopped_early=True

================================================================================
Supervised TAS reference | year 2017
================================================================================

TAS supervised Double Head | fine-tuning year 2017 | train_n=12012 | val_n=1716
[TAS 2017 | Double Head] epoch 1/20 | train_loss=1.738451 | val_loss=1.485719 | best_val_loss=1.485719 | best_epoch=1 | patience=0/3
[TAS 2017 | Double Head] epoch 2/20 | train_loss=1.253938 | val_loss=1.402488 | best_val_loss=1.402488 | best_epoch=2 | patience=0/3
[TAS 2017 | Double Head] epoch 3/20 | train_loss=1.030620 | val_loss=1.367864 | best_val_loss=1.367864 | best_epoch=3 | patience=0/3
[TAS 2017 | Double Head] epoch 4/20 | train_loss=0.878940 | val_loss=1.355295 | best_val_loss=1.355295 | best_epoch=4 | patience=0/3
[TAS 2017 | Double Head] epoch 5/20 | train_loss=0.755167 | val_loss=1.349202 | best_val_loss=1.349202 | best_epoch=5 | patience=0/3
[TAS 2017 | Double Head] epoch 6/20 | train_loss=0.661913 | val_loss=1.323119 | best_val_loss=1.323119 | best_epoch=6 | patience=0/3
[TAS 2017 | Double Head] epoch 7/20 | train_loss=0.579783 | val_loss=1.320465 | best_val_loss=1.320465 | best_epoch=7 | patience=0/3
[TAS 2017 | Double Head] epoch 8/20 | train_loss=0.508549 | val_loss=1.347212 | best_val_loss=1.320465 | best_epoch=7 | patience=1/3
[TAS 2017 | Double Head] epoch 9/20 | train_loss=0.441615 | val_loss=1.339423 | best_val_loss=1.320465 | best_epoch=7 | patience=2/3
[TAS 2017 | Double Head] epoch 10/20 | train_loss=0.387820 | val_loss=1.320696 | best_val_loss=1.320465 | best_epoch=7 | patience=3/3
[TAS 2017 | Double Head] EARLY STOP at epoch 10 | best_epoch=7 | best_val_loss=1.320465
[TAS 2017 | Double Head] TRAINING FINISHED | executed_epochs=10 | best_epoch=7 | best_val_loss=1.320465 | stopped_early=True
Results: results/fmow/eval_stream_tas/fmow_eval_stream_tas_20260914_224332

Run completed.
results/fmow/eval_stream_tas/fmow_eval_stream_tas_20260914_224332
