Device: cpu
Protocol: eval_stream_tas

================================================================================
DATASET
================================================================================
Dataset: huffpost
Data root: /Users/lorenzoiovine/Library/CloudStorage/OneDrive-PolitecnicodiMilano/Lavoro/Lavori/Temporal Distribution Shift/moco_embedding/HuffPost_SimCSE_embeddings_clean_aux

Year 2012: valid=7446/7446 | main_classes=11 | aux_classes=5
Year 2013: valid=8325/8325 | main_classes=11 | aux_classes=5
Year 2014: valid=10599/10599 | main_classes=11 | aux_classes=5
Year 2015: valid=13140/13140 | main_classes=11 | aux_classes=5
Year 2016: valid=11721/11721 | main_classes=11 | aux_classes=5
Year 2017: valid=8786/8786 | main_classes=11 | aux_classes=5
Year 2018: valid=3890/3890 | main_classes=11 | aux_classes=5

Years: 2012-2018
Number of years: 7
Feature dimension: 768
Total valid samples: 63907

================================================================================
Source year 2012 | train_n=5211 | val_n=745 | id_n=1490
================================================================================
[Source 2012 | Single Head] epoch 1/50 | train_loss=1.027279 | val_loss=0.701729 | best_val_loss=0.701729 | best_epoch=1 | patience=0/5
[Source 2012 | Single Head] epoch 2/50 | train_loss=0.602086 | val_loss=0.660902 | best_val_loss=0.660902 | best_epoch=2 | patience=0/5
[Source 2012 | Single Head] epoch 3/50 | train_loss=0.465984 | val_loss=0.643662 | best_val_loss=0.643662 | best_epoch=3 | patience=0/5
[Source 2012 | Single Head] epoch 4/50 | train_loss=0.369365 | val_loss=0.635517 | best_val_loss=0.635517 | best_epoch=4 | patience=0/5
[Source 2012 | Single Head] epoch 5/50 | train_loss=0.276231 | val_loss=0.638875 | best_val_loss=0.635517 | best_epoch=4 | patience=1/5
[Source 2012 | Single Head] epoch 6/50 | train_loss=0.206007 | val_loss=0.665976 | best_val_loss=0.635517 | best_epoch=4 | patience=2/5
[Source 2012 | Single Head] epoch 7/50 | train_loss=0.148536 | val_loss=0.688429 | best_val_loss=0.635517 | best_epoch=4 | patience=3/5
[Source 2012 | Single Head] epoch 8/50 | train_loss=0.099813 | val_loss=0.704596 | best_val_loss=0.635517 | best_epoch=4 | patience=4/5
[Source 2012 | Single Head] epoch 9/50 | train_loss=0.073526 | val_loss=0.715600 | best_val_loss=0.635517 | best_epoch=4 | patience=5/5
[Source 2012 | Single Head] EARLY STOP at epoch 9 | best_epoch=4 | best_val_loss=0.635517
[Source 2012 | Single Head] TRAINING FINISHED | executed_epochs=9 | best_epoch=4 | best_val_loss=0.635517 | stopped_early=True

================================================================================
Source year 2013 | train_n=5827 | val_n=833 | id_n=1665
================================================================================
[Source 2013 | Single Head] epoch 1/50 | train_loss=0.831090 | val_loss=0.744654 | best_val_loss=0.744654 | best_epoch=1 | patience=0/5
[Source 2013 | Single Head] epoch 2/50 | train_loss=0.656871 | val_loss=0.724189 | best_val_loss=0.724189 | best_epoch=2 | patience=0/5
[Source 2013 | Single Head] epoch 3/50 | train_loss=0.577001 | val_loss=0.724090 | best_val_loss=0.724189 | best_epoch=2 | patience=1/5
[Source 2013 | Single Head] epoch 4/50 | train_loss=0.505415 | val_loss=0.715464 | best_val_loss=0.715464 | best_epoch=4 | patience=0/5
[Source 2013 | Single Head] epoch 5/50 | train_loss=0.452342 | val_loss=0.724260 | best_val_loss=0.715464 | best_epoch=4 | patience=1/5
[Source 2013 | Single Head] epoch 6/50 | train_loss=0.410620 | val_loss=0.723904 | best_val_loss=0.715464 | best_epoch=4 | patience=2/5
[Source 2013 | Single Head] epoch 7/50 | train_loss=0.362878 | val_loss=0.721757 | best_val_loss=0.715464 | best_epoch=4 | patience=3/5
[Source 2013 | Single Head] epoch 8/50 | train_loss=0.323305 | val_loss=0.731356 | best_val_loss=0.715464 | best_epoch=4 | patience=4/5
[Source 2013 | Single Head] epoch 9/50 | train_loss=0.285500 | val_loss=0.733700 | best_val_loss=0.715464 | best_epoch=4 | patience=5/5
[Source 2013 | Single Head] EARLY STOP at epoch 9 | best_epoch=4 | best_val_loss=0.715464
[Source 2013 | Single Head] TRAINING FINISHED | executed_epochs=9 | best_epoch=4 | best_val_loss=0.715464 | stopped_early=True

================================================================================
Source year 2014 | train_n=7419 | val_n=1060 | id_n=2120
================================================================================
[Source 2014 | Single Head] epoch 1/50 | train_loss=1.122874 | val_loss=0.983789 | best_val_loss=0.983789 | best_epoch=1 | patience=0/5
[Source 2014 | Single Head] epoch 2/50 | train_loss=0.899885 | val_loss=0.957293 | best_val_loss=0.957293 | best_epoch=2 | patience=0/5
[Source 2014 | Single Head] epoch 3/50 | train_loss=0.803419 | val_loss=0.950893 | best_val_loss=0.950893 | best_epoch=3 | patience=0/5
[Source 2014 | Single Head] epoch 4/50 | train_loss=0.729379 | val_loss=0.937108 | best_val_loss=0.937108 | best_epoch=4 | patience=0/5
[Source 2014 | Single Head] epoch 5/50 | train_loss=0.657978 | val_loss=0.940175 | best_val_loss=0.937108 | best_epoch=4 | patience=1/5
[Source 2014 | Single Head] epoch 6/50 | train_loss=0.603161 | val_loss=0.947572 | best_val_loss=0.937108 | best_epoch=4 | patience=2/5
[Source 2014 | Single Head] epoch 7/50 | train_loss=0.557372 | val_loss=0.955181 | best_val_loss=0.937108 | best_epoch=4 | patience=3/5
[Source 2014 | Single Head] epoch 8/50 | train_loss=0.492987 | val_loss=0.967113 | best_val_loss=0.937108 | best_epoch=4 | patience=4/5
[Source 2014 | Single Head] epoch 9/50 | train_loss=0.451632 | val_loss=0.960472 | best_val_loss=0.937108 | best_epoch=4 | patience=5/5
[Source 2014 | Single Head] EARLY STOP at epoch 9 | best_epoch=4 | best_val_loss=0.937108
[Source 2014 | Single Head] TRAINING FINISHED | executed_epochs=9 | best_epoch=4 | best_val_loss=0.937108 | stopped_early=True

================================================================================
Source year 2015 | train_n=9198 | val_n=1314 | id_n=2628
================================================================================
[Source 2015 | Single Head] epoch 1/50 | train_loss=1.050709 | val_loss=0.981811 | best_val_loss=0.981811 | best_epoch=1 | patience=0/5
[Source 2015 | Single Head] epoch 2/50 | train_loss=0.883966 | val_loss=0.968115 | best_val_loss=0.968115 | best_epoch=2 | patience=0/5
[Source 2015 | Single Head] epoch 3/50 | train_loss=0.797512 | val_loss=0.952481 | best_val_loss=0.952481 | best_epoch=3 | patience=0/5
[Source 2015 | Single Head] epoch 4/50 | train_loss=0.723710 | val_loss=0.949922 | best_val_loss=0.949922 | best_epoch=4 | patience=0/5
[Source 2015 | Single Head] epoch 5/50 | train_loss=0.672089 | val_loss=0.950577 | best_val_loss=0.949922 | best_epoch=4 | patience=1/5
[Source 2015 | Single Head] epoch 6/50 | train_loss=0.611099 | val_loss=0.950083 | best_val_loss=0.949922 | best_epoch=4 | patience=2/5
[Source 2015 | Single Head] epoch 7/50 | train_loss=0.566183 | val_loss=0.965920 | best_val_loss=0.949922 | best_epoch=4 | patience=3/5
[Source 2015 | Single Head] epoch 8/50 | train_loss=0.515447 | val_loss=0.961308 | best_val_loss=0.949922 | best_epoch=4 | patience=4/5
[Source 2015 | Single Head] epoch 9/50 | train_loss=0.464395 | val_loss=0.976597 | best_val_loss=0.949922 | best_epoch=4 | patience=5/5
[Source 2015 | Single Head] EARLY STOP at epoch 9 | best_epoch=4 | best_val_loss=0.949922
[Source 2015 | Single Head] TRAINING FINISHED | executed_epochs=9 | best_epoch=4 | best_val_loss=0.949922 | stopped_early=True
[Source | AUX-ONLY DOUBLE] aux-only epoch 1/50 | train_aux_loss=1.097940 | val_aux_loss=1.031169 | best_val_aux_loss=1.031169
[Source | AUX-ONLY DOUBLE] aux-only epoch 2/50 | train_aux_loss=0.998021 | val_aux_loss=0.983323 | best_val_aux_loss=0.983323
[Source | AUX-ONLY DOUBLE] aux-only epoch 3/50 | train_aux_loss=0.962405 | val_aux_loss=0.953719 | best_val_aux_loss=0.953719
[Source | AUX-ONLY DOUBLE] aux-only epoch 4/50 | train_aux_loss=0.941194 | val_aux_loss=0.939849 | best_val_aux_loss=0.939849
[Source | AUX-ONLY DOUBLE] aux-only epoch 5/50 | train_aux_loss=0.926726 | val_aux_loss=0.925277 | best_val_aux_loss=0.925277
[Source | AUX-ONLY DOUBLE] aux-only epoch 6/50 | train_aux_loss=0.916033 | val_aux_loss=0.923528 | best_val_aux_loss=0.923528
[Source | AUX-ONLY DOUBLE] aux-only epoch 7/50 | train_aux_loss=0.906938 | val_aux_loss=0.911790 | best_val_aux_loss=0.911790
[Source | AUX-ONLY DOUBLE] aux-only epoch 8/50 | train_aux_loss=0.900796 | val_aux_loss=0.910789 | best_val_aux_loss=0.910789
[Source | AUX-ONLY DOUBLE] aux-only epoch 9/50 | train_aux_loss=0.895401 | val_aux_loss=0.902418 | best_val_aux_loss=0.902418
[Source | AUX-ONLY DOUBLE] aux-only epoch 10/50 | train_aux_loss=0.890767 | val_aux_loss=0.903766 | best_val_aux_loss=0.902418
[Source | AUX-ONLY DOUBLE] aux-only epoch 11/50 | train_aux_loss=0.886587 | val_aux_loss=0.893833 | best_val_aux_loss=0.893833
[Source | AUX-ONLY DOUBLE] aux-only epoch 12/50 | train_aux_loss=0.883215 | val_aux_loss=0.896885 | best_val_aux_loss=0.893833
[Source | AUX-ONLY DOUBLE] aux-only epoch 13/50 | train_aux_loss=0.879777 | val_aux_loss=0.891075 | best_val_aux_loss=0.891075
[Source | AUX-ONLY DOUBLE] aux-only epoch 14/50 | train_aux_loss=0.877010 | val_aux_loss=0.889098 | best_val_aux_loss=0.889098
[Source | AUX-ONLY DOUBLE] aux-only epoch 15/50 | train_aux_loss=0.874534 | val_aux_loss=0.886337 | best_val_aux_loss=0.886337
[Source | AUX-ONLY DOUBLE] aux-only epoch 16/50 | train_aux_loss=0.872501 | val_aux_loss=0.885298 | best_val_aux_loss=0.885298
[Source | AUX-ONLY DOUBLE] aux-only epoch 17/50 | train_aux_loss=0.871318 | val_aux_loss=0.882494 | best_val_aux_loss=0.882494
[Source | AUX-ONLY DOUBLE] aux-only epoch 18/50 | train_aux_loss=0.868715 | val_aux_loss=0.881034 | best_val_aux_loss=0.881034
[Source | AUX-ONLY DOUBLE] aux-only epoch 19/50 | train_aux_loss=0.867433 | val_aux_loss=0.882436 | best_val_aux_loss=0.881034
[Source | AUX-ONLY DOUBLE] aux-only epoch 20/50 | train_aux_loss=0.866016 | val_aux_loss=0.881657 | best_val_aux_loss=0.881034
[Source | AUX-ONLY DOUBLE] aux-only epoch 21/50 | train_aux_loss=0.864529 | val_aux_loss=0.882024 | best_val_aux_loss=0.881034
[Source | AUX-ONLY DOUBLE] aux-only epoch 22/50 | train_aux_loss=0.862615 | val_aux_loss=0.882488 | best_val_aux_loss=0.881034
[Source | AUX-ONLY DOUBLE] aux-only epoch 23/50 | train_aux_loss=0.862317 | val_aux_loss=0.879413 | best_val_aux_loss=0.879413
[Source | AUX-ONLY DOUBLE] aux-only epoch 24/50 | train_aux_loss=0.860640 | val_aux_loss=0.885448 | best_val_aux_loss=0.879413
[Source | AUX-ONLY DOUBLE] aux-only epoch 25/50 | train_aux_loss=0.860028 | val_aux_loss=0.878342 | best_val_aux_loss=0.878342
[Source | AUX-ONLY DOUBLE] aux-only epoch 26/50 | train_aux_loss=0.859757 | val_aux_loss=0.880889 | best_val_aux_loss=0.878342
[Source | AUX-ONLY DOUBLE] aux-only epoch 27/50 | train_aux_loss=0.858331 | val_aux_loss=0.880901 | best_val_aux_loss=0.878342
[Source | AUX-ONLY DOUBLE] aux-only epoch 28/50 | train_aux_loss=0.857243 | val_aux_loss=0.874926 | best_val_aux_loss=0.874926
[Source | AUX-ONLY DOUBLE] aux-only epoch 29/50 | train_aux_loss=0.856265 | val_aux_loss=0.878742 | best_val_aux_loss=0.874926
[Source | AUX-ONLY DOUBLE] aux-only epoch 30/50 | train_aux_loss=0.856052 | val_aux_loss=0.878410 | best_val_aux_loss=0.874926
[Source | AUX-ONLY DOUBLE] aux-only epoch 31/50 | train_aux_loss=0.855592 | val_aux_loss=0.877974 | best_val_aux_loss=0.874926
[Source | AUX-ONLY DOUBLE] aux-only epoch 32/50 | train_aux_loss=0.854683 | val_aux_loss=0.874513 | best_val_aux_loss=0.874513
[Source | AUX-ONLY DOUBLE] aux-only epoch 33/50 | train_aux_loss=0.854037 | val_aux_loss=0.878841 | best_val_aux_loss=0.874513
[Source | AUX-ONLY DOUBLE] aux-only epoch 34/50 | train_aux_loss=0.853905 | val_aux_loss=0.879021 | best_val_aux_loss=0.874513
[Source | AUX-ONLY DOUBLE] aux-only epoch 35/50 | train_aux_loss=0.853423 | val_aux_loss=0.886333 | best_val_aux_loss=0.874513
[Source | AUX-ONLY DOUBLE] aux-only epoch 36/50 | train_aux_loss=0.853310 | val_aux_loss=0.875827 | best_val_aux_loss=0.874513
[Source | AUX-ONLY DOUBLE] aux-only epoch 37/50 | train_aux_loss=0.852115 | val_aux_loss=0.874401 | best_val_aux_loss=0.874401
[Source | AUX-ONLY DOUBLE] aux-only epoch 38/50 | train_aux_loss=0.851673 | val_aux_loss=0.877991 | best_val_aux_loss=0.874401
[Source | AUX-ONLY DOUBLE] aux-only epoch 39/50 | train_aux_loss=0.851028 | val_aux_loss=0.879641 | best_val_aux_loss=0.874401
[Source | AUX-ONLY DOUBLE] aux-only epoch 40/50 | train_aux_loss=0.850570 | val_aux_loss=0.879735 | best_val_aux_loss=0.874401
[Source | AUX-ONLY DOUBLE] aux-only epoch 41/50 | train_aux_loss=0.850517 | val_aux_loss=0.877676 | best_val_aux_loss=0.874401
[Source | AUX-ONLY DOUBLE] aux-only epoch 42/50 | train_aux_loss=0.850342 | val_aux_loss=0.878724 | best_val_aux_loss=0.874401
[Source | AUX-ONLY DOUBLE] AUX-ONLY EARLY STOP at epoch 42
FINAL_AUX_ONLY_MAIN_SANITY | max_abs_logit_diff=0.000000000000e+00 | predictions_equal=True

OOD frozen year 2016 | test_n=2345

OOD frozen year 2017 | test_n=1758

OOD frozen year 2018 | test_n=778

TTA method metadata | state carries across OOD years

================================================================================
Supervised TAS reference | year 2016
================================================================================

TAS supervised Single Head | fine-tuning year 2016 | train_n=8204 | val_n=1172
[TAS 2016 | Single Head] epoch 1/50 | train_loss=1.007624 | val_loss=0.854569 | best_val_loss=0.854569 | best_epoch=1 | patience=0/5
[TAS 2016 | Single Head] epoch 2/50 | train_loss=0.861580 | val_loss=0.839126 | best_val_loss=0.839126 | best_epoch=2 | patience=0/5
[TAS 2016 | Single Head] epoch 3/50 | train_loss=0.774937 | val_loss=0.833460 | best_val_loss=0.833460 | best_epoch=3 | patience=0/5
[TAS 2016 | Single Head] epoch 4/50 | train_loss=0.704210 | val_loss=0.837445 | best_val_loss=0.833460 | best_epoch=3 | patience=1/5
[TAS 2016 | Single Head] epoch 5/50 | train_loss=0.639224 | val_loss=0.842057 | best_val_loss=0.833460 | best_epoch=3 | patience=2/5
[TAS 2016 | Single Head] epoch 6/50 | train_loss=0.587403 | val_loss=0.850461 | best_val_loss=0.833460 | best_epoch=3 | patience=3/5
[TAS 2016 | Single Head] epoch 7/50 | train_loss=0.532432 | val_loss=0.860168 | best_val_loss=0.833460 | best_epoch=3 | patience=4/5
[TAS 2016 | Single Head] epoch 8/50 | train_loss=0.485194 | val_loss=0.867846 | best_val_loss=0.833460 | best_epoch=3 | patience=5/5
[TAS 2016 | Single Head] EARLY STOP at epoch 8 | best_epoch=3 | best_val_loss=0.833460
[TAS 2016 | Single Head] TRAINING FINISHED | executed_epochs=8 | best_epoch=3 | best_val_loss=0.833460 | stopped_early=True

TAS supervised Double Head | fine-tuning year 2016 | train_n=8204 | val_n=1172
[TAS 2016 | Double Head] epoch 1/50 | train_loss=1.264229 | val_loss=1.090364 | best_val_loss=1.090364 | best_epoch=1 | patience=0/5
[TAS 2016 | Double Head] epoch 2/50 | train_loss=1.099108 | val_loss=1.069135 | best_val_loss=1.069135 | best_epoch=2 | patience=0/5
[TAS 2016 | Double Head] epoch 3/50 | train_loss=1.003106 | val_loss=1.064456 | best_val_loss=1.064456 | best_epoch=3 | patience=0/5
[TAS 2016 | Double Head] epoch 4/50 | train_loss=0.913802 | val_loss=1.072322 | best_val_loss=1.064456 | best_epoch=3 | patience=1/5
[TAS 2016 | Double Head] epoch 5/50 | train_loss=0.847575 | val_loss=1.063809 | best_val_loss=1.063809 | best_epoch=5 | patience=0/5
[TAS 2016 | Double Head] epoch 6/50 | train_loss=0.782237 | val_loss=1.067525 | best_val_loss=1.063809 | best_epoch=5 | patience=1/5
[TAS 2016 | Double Head] epoch 7/50 | train_loss=0.727372 | val_loss=1.067848 | best_val_loss=1.063809 | best_epoch=5 | patience=2/5
[TAS 2016 | Double Head] epoch 8/50 | train_loss=0.669260 | val_loss=1.070956 | best_val_loss=1.063809 | best_epoch=5 | patience=3/5
[TAS 2016 | Double Head] epoch 9/50 | train_loss=0.621169 | val_loss=1.087681 | best_val_loss=1.063809 | best_epoch=5 | patience=4/5
[TAS 2016 | Double Head] epoch 10/50 | train_loss=0.564614 | val_loss=1.091415 | best_val_loss=1.063809 | best_epoch=5 | patience=5/5
[TAS 2016 | Double Head] EARLY STOP at epoch 10 | best_epoch=5 | best_val_loss=1.063809
[TAS 2016 | Double Head] TRAINING FINISHED | executed_epochs=10 | best_epoch=5 | best_val_loss=1.063809 | stopped_early=True

================================================================================
Supervised TAS reference | year 2017
================================================================================

TAS supervised Single Head | fine-tuning year 2017 | train_n=6149 | val_n=879
[TAS 2017 | Single Head] epoch 1/50 | train_loss=0.975296 | val_loss=0.855530 | best_val_loss=0.855530 | best_epoch=1 | patience=0/5
[TAS 2017 | Single Head] epoch 2/50 | train_loss=0.814261 | val_loss=0.840715 | best_val_loss=0.840715 | best_epoch=2 | patience=0/5
[TAS 2017 | Single Head] epoch 3/50 | train_loss=0.725810 | val_loss=0.842538 | best_val_loss=0.840715 | best_epoch=2 | patience=1/5
[TAS 2017 | Single Head] epoch 4/50 | train_loss=0.655777 | val_loss=0.845851 | best_val_loss=0.840715 | best_epoch=2 | patience=2/5
[TAS 2017 | Single Head] epoch 5/50 | train_loss=0.598071 | val_loss=0.836900 | best_val_loss=0.836900 | best_epoch=5 | patience=0/5
[TAS 2017 | Single Head] epoch 6/50 | train_loss=0.543160 | val_loss=0.847299 | best_val_loss=0.836900 | best_epoch=5 | patience=1/5
[TAS 2017 | Single Head] epoch 7/50 | train_loss=0.496644 | val_loss=0.852462 | best_val_loss=0.836900 | best_epoch=5 | patience=2/5
[TAS 2017 | Single Head] epoch 8/50 | train_loss=0.446141 | val_loss=0.866247 | best_val_loss=0.836900 | best_epoch=5 | patience=3/5
[TAS 2017 | Single Head] epoch 9/50 | train_loss=0.400498 | val_loss=0.869152 | best_val_loss=0.836900 | best_epoch=5 | patience=4/5
[TAS 2017 | Single Head] epoch 10/50 | train_loss=0.364908 | val_loss=0.883852 | best_val_loss=0.836900 | best_epoch=5 | patience=5/5
[TAS 2017 | Single Head] EARLY STOP at epoch 10 | best_epoch=5 | best_val_loss=0.836900
[TAS 2017 | Single Head] TRAINING FINISHED | executed_epochs=10 | best_epoch=5 | best_val_loss=0.836900 | stopped_early=True

TAS supervised Double Head | fine-tuning year 2017 | train_n=6149 | val_n=879
[TAS 2017 | Double Head] epoch 1/50 | train_loss=1.216887 | val_loss=1.085370 | best_val_loss=1.085370 | best_epoch=1 | patience=0/5
[TAS 2017 | Double Head] epoch 2/50 | train_loss=1.020508 | val_loss=1.069698 | best_val_loss=1.069698 | best_epoch=2 | patience=0/5
[TAS 2017 | Double Head] epoch 3/50 | train_loss=0.912970 | val_loss=1.069411 | best_val_loss=1.069411 | best_epoch=3 | patience=0/5
[TAS 2017 | Double Head] epoch 4/50 | train_loss=0.835444 | val_loss=1.080861 | best_val_loss=1.069411 | best_epoch=3 | patience=1/5
[TAS 2017 | Double Head] epoch 5/50 | train_loss=0.765322 | val_loss=1.077630 | best_val_loss=1.069411 | best_epoch=3 | patience=2/5
[TAS 2017 | Double Head] epoch 6/50 | train_loss=0.706613 | val_loss=1.083984 | best_val_loss=1.069411 | best_epoch=3 | patience=3/5
[TAS 2017 | Double Head] epoch 7/50 | train_loss=0.654731 | val_loss=1.085184 | best_val_loss=1.069411 | best_epoch=3 | patience=4/5
[TAS 2017 | Double Head] epoch 8/50 | train_loss=0.606122 | val_loss=1.099208 | best_val_loss=1.069411 | best_epoch=3 | patience=5/5
[TAS 2017 | Double Head] EARLY STOP at epoch 8 | best_epoch=3 | best_val_loss=1.069411
[TAS 2017 | Double Head] TRAINING FINISHED | executed_epochs=8 | best_epoch=3 | best_val_loss=1.069411 | stopped_early=True

================================================================================
Supervised TAS reference | year 2018
================================================================================

TAS supervised Single Head | fine-tuning year 2018 | train_n=2723 | val_n=389
[TAS 2018 | Single Head] epoch 1/50 | train_loss=0.838850 | val_loss=0.794817 | best_val_loss=0.794817 | best_epoch=1 | patience=0/5
[TAS 2018 | Single Head] epoch 2/50 | train_loss=0.643736 | val_loss=0.778343 | best_val_loss=0.778343 | best_epoch=2 | patience=0/5
[TAS 2018 | Single Head] epoch 3/50 | train_loss=0.549727 | val_loss=0.786890 | best_val_loss=0.778343 | best_epoch=2 | patience=1/5
[TAS 2018 | Single Head] epoch 4/50 | train_loss=0.480339 | val_loss=0.785794 | best_val_loss=0.778343 | best_epoch=2 | patience=2/5
[TAS 2018 | Single Head] epoch 5/50 | train_loss=0.425904 | val_loss=0.791538 | best_val_loss=0.778343 | best_epoch=2 | patience=3/5
[TAS 2018 | Single Head] epoch 6/50 | train_loss=0.386641 | val_loss=0.801670 | best_val_loss=0.778343 | best_epoch=2 | patience=4/5
[TAS 2018 | Single Head] epoch 7/50 | train_loss=0.333403 | val_loss=0.798694 | best_val_loss=0.778343 | best_epoch=2 | patience=5/5
[TAS 2018 | Single Head] EARLY STOP at epoch 7 | best_epoch=2 | best_val_loss=0.778343
[TAS 2018 | Single Head] TRAINING FINISHED | executed_epochs=7 | best_epoch=2 | best_val_loss=0.778343 | stopped_early=True

TAS supervised Double Head | fine-tuning year 2018 | train_n=2723 | val_n=389
[TAS 2018 | Double Head] epoch 1/50 | train_loss=1.054340 | val_loss=0.999447 | best_val_loss=0.999447 | best_epoch=1 | patience=0/5
[TAS 2018 | Double Head] epoch 2/50 | train_loss=0.870474 | val_loss=0.998959 | best_val_loss=0.998959 | best_epoch=2 | patience=0/5
[TAS 2018 | Double Head] epoch 3/50 | train_loss=0.757671 | val_loss=0.995620 | best_val_loss=0.995620 | best_epoch=3 | patience=0/5
[TAS 2018 | Double Head] epoch 4/50 | train_loss=0.674531 | val_loss=1.003074 | best_val_loss=0.995620 | best_epoch=3 | patience=1/5
[TAS 2018 | Double Head] epoch 5/50 | train_loss=0.628444 | val_loss=1.003762 | best_val_loss=0.995620 | best_epoch=3 | patience=2/5
[TAS 2018 | Double Head] epoch 6/50 | train_loss=0.552560 | val_loss=1.013946 | best_val_loss=0.995620 | best_epoch=3 | patience=3/5
[TAS 2018 | Double Head] epoch 7/50 | train_loss=0.513814 | val_loss=1.001452 | best_val_loss=0.995620 | best_epoch=3 | patience=4/5
[TAS 2018 | Double Head] epoch 8/50 | train_loss=0.463580 | val_loss=1.020037 | best_val_loss=0.995620 | best_epoch=3 | patience=5/5
[TAS 2018 | Double Head] EARLY STOP at epoch 8 | best_epoch=3 | best_val_loss=0.995620
[TAS 2018 | Double Head] TRAINING FINISHED | executed_epochs=8 | best_epoch=3 | best_val_loss=0.995620 | stopped_early=True
Results: results/huffpost/eval_stream_tas/huffpost_eval_stream_tas_20260915_101359

Run completed.
results/huffpost/eval_stream_tas/huffpost_eval_stream_tas_20260915_101359
