Base experiment config: /Users/lorenzoiovine/Library/CloudStorage/OneDrive-PolitecnicodiMilano/Lavoro/Lavori/Metadata OOD adaptation/metadata_tta_v2/configs/huffpost_eval_stream_tas.yaml

================================================================================
TTA TUNING TEMPORAL SPLIT
Pseudo-source years: [2012, 2013, 2014]
Pseudo-OOD stream years: [2015]
================================================================================

================================================================================
DATASET
================================================================================
Dataset: huffpost
Data root: /Users/lorenzoiovine/Library/CloudStorage/OneDrive-PolitecnicodiMilano/Lavoro/Lavori/Temporal Distribution Shift/moco_embedding/HuffPost_SimCSE_embeddings_clean_aux

Year 2012: valid=7446/7446 | main_classes=11 | aux_classes=5
Year 2013: valid=8325/8325 | main_classes=11 | aux_classes=5
Year 2014: valid=10599/10599 | main_classes=11 | aux_classes=5
Year 2015: valid=13140/13140 | main_classes=11 | aux_classes=5
Year 2016: valid=11721/11721 | main_classes=11 | aux_classes=5
Year 2017: valid=8786/8786 | main_classes=11 | aux_classes=5
Year 2018: valid=3890/3890 | main_classes=11 | aux_classes=5

Years: 2012-2018
Number of years: 7
Feature dimension: 768
Total valid samples: 63907
[TTA tuning source 2012 | Single Head] epoch 1/50 | train_loss=1.027279 | val_loss=0.701729 | best_val_loss=0.701729 | best_epoch=1 | patience=0/5
[TTA tuning source 2012 | Single Head] epoch 2/50 | train_loss=0.602086 | val_loss=0.660902 | best_val_loss=0.660902 | best_epoch=2 | patience=0/5
[TTA tuning source 2012 | Single Head] epoch 3/50 | train_loss=0.465984 | val_loss=0.643662 | best_val_loss=0.643662 | best_epoch=3 | patience=0/5
[TTA tuning source 2012 | Single Head] epoch 4/50 | train_loss=0.369365 | val_loss=0.635517 | best_val_loss=0.635517 | best_epoch=4 | patience=0/5
[TTA tuning source 2012 | Single Head] epoch 5/50 | train_loss=0.276231 | val_loss=0.638875 | best_val_loss=0.635517 | best_epoch=4 | patience=1/5
[TTA tuning source 2012 | Single Head] epoch 6/50 | train_loss=0.206007 | val_loss=0.665976 | best_val_loss=0.635517 | best_epoch=4 | patience=2/5
[TTA tuning source 2012 | Single Head] epoch 7/50 | train_loss=0.148536 | val_loss=0.688429 | best_val_loss=0.635517 | best_epoch=4 | patience=3/5
[TTA tuning source 2012 | Single Head] epoch 8/50 | train_loss=0.099813 | val_loss=0.704596 | best_val_loss=0.635517 | best_epoch=4 | patience=4/5
[TTA tuning source 2012 | Single Head] epoch 9/50 | train_loss=0.073526 | val_loss=0.715600 | best_val_loss=0.635517 | best_epoch=4 | patience=5/5
[TTA tuning source 2012 | Single Head] EARLY STOP at epoch 9 | best_epoch=4 | best_val_loss=0.635517
[TTA tuning source 2012 | Single Head] TRAINING FINISHED | executed_epochs=9 | best_epoch=4 | best_val_loss=0.635517 | stopped_early=True
[TTA tuning source 2013 | Single Head] epoch 1/50 | train_loss=0.831090 | val_loss=0.744654 | best_val_loss=0.744654 | best_epoch=1 | patience=0/5
[TTA tuning source 2013 | Single Head] epoch 2/50 | train_loss=0.656871 | val_loss=0.724189 | best_val_loss=0.724189 | best_epoch=2 | patience=0/5
[TTA tuning source 2013 | Single Head] epoch 3/50 | train_loss=0.577001 | val_loss=0.724090 | best_val_loss=0.724189 | best_epoch=2 | patience=1/5
[TTA tuning source 2013 | Single Head] epoch 4/50 | train_loss=0.505415 | val_loss=0.715464 | best_val_loss=0.715464 | best_epoch=4 | patience=0/5
[TTA tuning source 2013 | Single Head] epoch 5/50 | train_loss=0.452342 | val_loss=0.724260 | best_val_loss=0.715464 | best_epoch=4 | patience=1/5
[TTA tuning source 2013 | Single Head] epoch 6/50 | train_loss=0.410620 | val_loss=0.723904 | best_val_loss=0.715464 | best_epoch=4 | patience=2/5
[TTA tuning source 2013 | Single Head] epoch 7/50 | train_loss=0.362878 | val_loss=0.721757 | best_val_loss=0.715464 | best_epoch=4 | patience=3/5
[TTA tuning source 2013 | Single Head] epoch 8/50 | train_loss=0.323305 | val_loss=0.731356 | best_val_loss=0.715464 | best_epoch=4 | patience=4/5
[TTA tuning source 2013 | Single Head] epoch 9/50 | train_loss=0.285500 | val_loss=0.733700 | best_val_loss=0.715464 | best_epoch=4 | patience=5/5
[TTA tuning source 2013 | Single Head] EARLY STOP at epoch 9 | best_epoch=4 | best_val_loss=0.715464
[TTA tuning source 2013 | Single Head] TRAINING FINISHED | executed_epochs=9 | best_epoch=4 | best_val_loss=0.715464 | stopped_early=True
[TTA tuning source 2014 | Single Head] epoch 1/50 | train_loss=1.122874 | val_loss=0.983789 | best_val_loss=0.983789 | best_epoch=1 | patience=0/5
[TTA tuning source 2014 | Single Head] epoch 2/50 | train_loss=0.899885 | val_loss=0.957293 | best_val_loss=0.957293 | best_epoch=2 | patience=0/5
[TTA tuning source 2014 | Single Head] epoch 3/50 | train_loss=0.803419 | val_loss=0.950893 | best_val_loss=0.950893 | best_epoch=3 | patience=0/5
[TTA tuning source 2014 | Single Head] epoch 4/50 | train_loss=0.729379 | val_loss=0.937108 | best_val_loss=0.937108 | best_epoch=4 | patience=0/5
[TTA tuning source 2014 | Single Head] epoch 5/50 | train_loss=0.657978 | val_loss=0.940175 | best_val_loss=0.937108 | best_epoch=4 | patience=1/5
[TTA tuning source 2014 | Single Head] epoch 6/50 | train_loss=0.603161 | val_loss=0.947572 | best_val_loss=0.937108 | best_epoch=4 | patience=2/5
[TTA tuning source 2014 | Single Head] epoch 7/50 | train_loss=0.557372 | val_loss=0.955181 | best_val_loss=0.937108 | best_epoch=4 | patience=3/5
[TTA tuning source 2014 | Single Head] epoch 8/50 | train_loss=0.492987 | val_loss=0.967113 | best_val_loss=0.937108 | best_epoch=4 | patience=4/5
[TTA tuning source 2014 | Single Head] epoch 9/50 | train_loss=0.451632 | val_loss=0.960472 | best_val_loss=0.937108 | best_epoch=4 | patience=5/5
[TTA tuning source 2014 | Single Head] EARLY STOP at epoch 9 | best_epoch=4 | best_val_loss=0.937108
[TTA tuning source 2014 | Single Head] TRAINING FINISHED | executed_epochs=9 | best_epoch=4 | best_val_loss=0.937108 | stopped_early=True
[TTA source | AUX-ONLY] aux-only epoch 1/50 | train_aux_loss=1.152321 | val_aux_loss=1.098311 | best_val_aux_loss=1.098311
[TTA source | AUX-ONLY] aux-only epoch 2/50 | train_aux_loss=1.054099 | val_aux_loss=1.045482 | best_val_aux_loss=1.045482
[TTA source | AUX-ONLY] aux-only epoch 3/50 | train_aux_loss=1.011049 | val_aux_loss=1.007145 | best_val_aux_loss=1.007145
[TTA source | AUX-ONLY] aux-only epoch 4/50 | train_aux_loss=0.984449 | val_aux_loss=0.990610 | best_val_aux_loss=0.990610
[TTA source | AUX-ONLY] aux-only epoch 5/50 | train_aux_loss=0.965577 | val_aux_loss=0.975991 | best_val_aux_loss=0.975991
[TTA source | AUX-ONLY] aux-only epoch 6/50 | train_aux_loss=0.952384 | val_aux_loss=0.961809 | best_val_aux_loss=0.961809
[TTA source | AUX-ONLY] aux-only epoch 7/50 | train_aux_loss=0.939865 | val_aux_loss=0.953501 | best_val_aux_loss=0.953501
[TTA source | AUX-ONLY] aux-only epoch 8/50 | train_aux_loss=0.931472 | val_aux_loss=0.947630 | best_val_aux_loss=0.947630
[TTA source | AUX-ONLY] aux-only epoch 9/50 | train_aux_loss=0.923047 | val_aux_loss=0.941914 | best_val_aux_loss=0.941914
[TTA source | AUX-ONLY] aux-only epoch 10/50 | train_aux_loss=0.915827 | val_aux_loss=0.939146 | best_val_aux_loss=0.939146
[TTA source | AUX-ONLY] aux-only epoch 11/50 | train_aux_loss=0.909829 | val_aux_loss=0.939597 | best_val_aux_loss=0.939146
[TTA source | AUX-ONLY] aux-only epoch 12/50 | train_aux_loss=0.905023 | val_aux_loss=0.933904 | best_val_aux_loss=0.933904
[TTA source | AUX-ONLY] aux-only epoch 13/50 | train_aux_loss=0.900253 | val_aux_loss=0.934919 | best_val_aux_loss=0.933904
[TTA source | AUX-ONLY] aux-only epoch 14/50 | train_aux_loss=0.896865 | val_aux_loss=0.920293 | best_val_aux_loss=0.920293
[TTA source | AUX-ONLY] aux-only epoch 15/50 | train_aux_loss=0.892924 | val_aux_loss=0.917634 | best_val_aux_loss=0.917634
[TTA source | AUX-ONLY] aux-only epoch 16/50 | train_aux_loss=0.889147 | val_aux_loss=0.922493 | best_val_aux_loss=0.917634
[TTA source | AUX-ONLY] aux-only epoch 17/50 | train_aux_loss=0.886495 | val_aux_loss=0.914921 | best_val_aux_loss=0.914921
[TTA source | AUX-ONLY] aux-only epoch 18/50 | train_aux_loss=0.883410 | val_aux_loss=0.919070 | best_val_aux_loss=0.914921
[TTA source | AUX-ONLY] aux-only epoch 19/50 | train_aux_loss=0.881060 | val_aux_loss=0.913310 | best_val_aux_loss=0.913310
[TTA source | AUX-ONLY] aux-only epoch 20/50 | train_aux_loss=0.878705 | val_aux_loss=0.916633 | best_val_aux_loss=0.913310
[TTA source | AUX-ONLY] aux-only epoch 21/50 | train_aux_loss=0.876633 | val_aux_loss=0.920140 | best_val_aux_loss=0.913310
[TTA source | AUX-ONLY] aux-only epoch 22/50 | train_aux_loss=0.875267 | val_aux_loss=0.910625 | best_val_aux_loss=0.910625
[TTA source | AUX-ONLY] aux-only epoch 23/50 | train_aux_loss=0.873935 | val_aux_loss=0.906625 | best_val_aux_loss=0.906625
[TTA source | AUX-ONLY] aux-only epoch 24/50 | train_aux_loss=0.871350 | val_aux_loss=0.908921 | best_val_aux_loss=0.906625
[TTA source | AUX-ONLY] aux-only epoch 25/50 | train_aux_loss=0.869749 | val_aux_loss=0.907657 | best_val_aux_loss=0.906625
[TTA source | AUX-ONLY] aux-only epoch 26/50 | train_aux_loss=0.868979 | val_aux_loss=0.907956 | best_val_aux_loss=0.906625
[TTA source | AUX-ONLY] aux-only epoch 27/50 | train_aux_loss=0.867422 | val_aux_loss=0.908206 | best_val_aux_loss=0.906625
[TTA source | AUX-ONLY] aux-only epoch 28/50 | train_aux_loss=0.865564 | val_aux_loss=0.913203 | best_val_aux_loss=0.906625
[TTA source | AUX-ONLY] AUX-ONLY EARLY STOP at epoch 28
AUX_ONLY_MAIN_SANITY | year=2015 | single=0.663622526636 | double=0.663622526636 | diff=0.000000000000e+00

================================================================================
TTA TUNING | metadata | trial=0
{'learning_rate': 1e-06, 'regularization': 0.0, 'gradient_clip': 0.1, 'normalized_aux_loss_threshold': 0.0, 'episodic_pre_prediction': True}
================================================================================
DEBUG_METADATA | before_method_construction
DEBUG_METADATA | after_method_construction
DEBUG_METADATA | before_evaluation
DEBUG_METADATA | after_evaluation

================================================================================
TTA TUNING | metadata | trial=1
{'learning_rate': 3e-06, 'regularization': 0.0, 'gradient_clip': 0.1, 'normalized_aux_loss_threshold': 0.0, 'episodic_pre_prediction': True}
================================================================================
DEBUG_METADATA | before_method_construction
DEBUG_METADATA | after_method_construction
DEBUG_METADATA | before_evaluation
DEBUG_METADATA | after_evaluation

================================================================================
TTA TUNING | metadata | trial=2
{'learning_rate': 1e-05, 'regularization': 0.0, 'gradient_clip': 0.1, 'normalized_aux_loss_threshold': 0.0, 'episodic_pre_prediction': True}
================================================================================
DEBUG_METADATA | before_method_construction
DEBUG_METADATA | after_method_construction
DEBUG_METADATA | before_evaluation
DEBUG_METADATA | after_evaluation

================================================================================
TTA TUNING | metadata | trial=3
{'learning_rate': 3e-05, 'regularization': 0.0, 'gradient_clip': 0.1, 'normalized_aux_loss_threshold': 0.0, 'episodic_pre_prediction': True}
================================================================================
DEBUG_METADATA | before_method_construction
DEBUG_METADATA | after_method_construction
DEBUG_METADATA | before_evaluation
DEBUG_METADATA | after_evaluation

================================================================================
TTA TUNING | metadata | trial=4
{'learning_rate': 0.0001, 'regularization': 0.0, 'gradient_clip': 0.1, 'normalized_aux_loss_threshold': 0.0, 'episodic_pre_prediction': True}
================================================================================
DEBUG_METADATA | before_method_construction
DEBUG_METADATA | after_method_construction
DEBUG_METADATA | before_evaluation
DEBUG_METADATA | after_evaluation

================================================================================
TTA TUNING | metadata | trial=5
{'learning_rate': 0.0003, 'regularization': 0.0, 'gradient_clip': 0.1, 'normalized_aux_loss_threshold': 0.0, 'episodic_pre_prediction': True}
================================================================================
DEBUG_METADATA | before_method_construction
DEBUG_METADATA | after_method_construction
DEBUG_METADATA | before_evaluation
DEBUG_METADATA | after_evaluation
