Base experiment config: /Users/lorenzoiovine/Library/CloudStorage/OneDrive-PolitecnicodiMilano/Lavoro/Lavori/Metadata OOD adaptation/metadata_tta_v2/configs/fmow_eval_stream_tas.yaml

================================================================================
TTA TUNING TEMPORAL SPLIT
Pseudo-source years: [2002, 2003, 2004, 2005, 2006, 2007, 2008]
Pseudo-OOD stream years: [2009, 2010, 2011, 2012]
================================================================================

================================================================================
DATASET
================================================================================
Dataset: fmow
Data root: /Users/lorenzoiovine/Library/CloudStorage/OneDrive-PolitecnicodiMilano/Lavoro/Lavori/Temporal Distribution Shift/new_FMoW_embeddings_remapped

Year 2002: valid=1199/1199 | main_classes=52 | aux_classes=11
Year 2003: valid=1661/1661 | main_classes=52 | aux_classes=11
Year 2004: valid=1499/1499 | main_classes=52 | aux_classes=11
Year 2005: valid=1837/1837 | main_classes=52 | aux_classes=11
Year 2006: valid=1995/1995 | main_classes=52 | aux_classes=11
Year 2007: valid=1044/1044 | main_classes=52 | aux_classes=11
Year 2008: valid=1459/1459 | main_classes=52 | aux_classes=11
Year 2009: valid=4278/4278 | main_classes=52 | aux_classes=11
Year 2010: valid=9922/9922 | main_classes=52 | aux_classes=11
Year 2011: valid=10933/10933 | main_classes=52 | aux_classes=11
Year 2012: valid=11122/11122 | main_classes=52 | aux_classes=11
Year 2013: valid=13374/13374 | main_classes=52 | aux_classes=11
Year 2014: valid=18840/18840 | main_classes=52 | aux_classes=11
Year 2015: valid=27653/27653 | main_classes=52 | aux_classes=11
Year 2016: valid=48861/48861 | main_classes=52 | aux_classes=11
Year 2017: valid=17160/17160 | main_classes=52 | aux_classes=11

Years: 2002-2017
Number of years: 16
Feature dimension: 2048
Total valid samples: 172837
[TTA tuning source 2002 | Single Head] epoch 1/50 | train_loss=3.458730 | val_loss=3.859595 | best_val_loss=3.859595 | best_epoch=1 | patience=0/5
[TTA tuning source 2002 | Single Head] epoch 2/50 | train_loss=2.246081 | val_loss=3.573754 | best_val_loss=3.573754 | best_epoch=2 | patience=0/5
[TTA tuning source 2002 | Single Head] epoch 3/50 | train_loss=1.581957 | val_loss=3.060828 | best_val_loss=3.060828 | best_epoch=3 | patience=0/5
[TTA tuning source 2002 | Single Head] epoch 4/50 | train_loss=1.032778 | val_loss=2.864286 | best_val_loss=2.864286 | best_epoch=4 | patience=0/5
[TTA tuning source 2002 | Single Head] epoch 5/50 | train_loss=0.643304 | val_loss=3.021728 | best_val_loss=2.864286 | best_epoch=4 | patience=1/5
[TTA tuning source 2002 | Single Head] epoch 6/50 | train_loss=0.379037 | val_loss=2.935066 | best_val_loss=2.864286 | best_epoch=4 | patience=2/5
[TTA tuning source 2002 | Single Head] epoch 7/50 | train_loss=0.219567 | val_loss=2.901160 | best_val_loss=2.864286 | best_epoch=4 | patience=3/5
[TTA tuning source 2002 | Single Head] epoch 8/50 | train_loss=0.131508 | val_loss=2.907255 | best_val_loss=2.864286 | best_epoch=4 | patience=4/5
[TTA tuning source 2002 | Single Head] epoch 9/50 | train_loss=0.082085 | val_loss=2.901923 | best_val_loss=2.864286 | best_epoch=4 | patience=5/5
[TTA tuning source 2002 | Single Head] EARLY STOP at epoch 9 | best_epoch=4 | best_val_loss=2.864286
[TTA tuning source 2002 | Single Head] TRAINING FINISHED | executed_epochs=9 | best_epoch=4 | best_val_loss=2.864286 | stopped_early=True
[TTA tuning source 2003 | Single Head] epoch 1/20 | train_loss=3.114018 | val_loss=2.838041 | best_val_loss=2.838041 | best_epoch=1 | patience=0/3
[TTA tuning source 2003 | Single Head] epoch 2/20 | train_loss=2.708701 | val_loss=2.728624 | best_val_loss=2.728624 | best_epoch=2 | patience=0/3
[TTA tuning source 2003 | Single Head] epoch 3/20 | train_loss=2.461173 | val_loss=2.665243 | best_val_loss=2.665243 | best_epoch=3 | patience=0/3
[TTA tuning source 2003 | Single Head] epoch 4/20 | train_loss=2.255645 | val_loss=2.616723 | best_val_loss=2.616723 | best_epoch=4 | patience=0/3
[TTA tuning source 2003 | Single Head] epoch 5/20 | train_loss=2.080512 | val_loss=2.588675 | best_val_loss=2.588675 | best_epoch=5 | patience=0/3
[TTA tuning source 2003 | Single Head] epoch 6/20 | train_loss=1.935152 | val_loss=2.562395 | best_val_loss=2.562395 | best_epoch=6 | patience=0/3
[TTA tuning source 2003 | Single Head] epoch 7/20 | train_loss=1.791593 | val_loss=2.541930 | best_val_loss=2.541930 | best_epoch=7 | patience=0/3
[TTA tuning source 2003 | Single Head] epoch 8/20 | train_loss=1.659930 | val_loss=2.521855 | best_val_loss=2.521855 | best_epoch=8 | patience=0/3
[TTA tuning source 2003 | Single Head] epoch 9/20 | train_loss=1.527185 | val_loss=2.508502 | best_val_loss=2.508502 | best_epoch=9 | patience=0/3
[TTA tuning source 2003 | Single Head] epoch 10/20 | train_loss=1.416073 | val_loss=2.494379 | best_val_loss=2.494379 | best_epoch=10 | patience=0/3
[TTA tuning source 2003 | Single Head] epoch 11/20 | train_loss=1.311622 | val_loss=2.481976 | best_val_loss=2.481976 | best_epoch=11 | patience=0/3
[TTA tuning source 2003 | Single Head] epoch 12/20 | train_loss=1.213021 | val_loss=2.481402 | best_val_loss=2.481402 | best_epoch=12 | patience=0/3
[TTA tuning source 2003 | Single Head] epoch 13/20 | train_loss=1.115517 | val_loss=2.472742 | best_val_loss=2.472742 | best_epoch=13 | patience=0/3
[TTA tuning source 2003 | Single Head] epoch 14/20 | train_loss=1.025574 | val_loss=2.474486 | best_val_loss=2.472742 | best_epoch=13 | patience=1/3
[TTA tuning source 2003 | Single Head] epoch 15/20 | train_loss=0.945795 | val_loss=2.477216 | best_val_loss=2.472742 | best_epoch=13 | patience=2/3
[TTA tuning source 2003 | Single Head] epoch 16/20 | train_loss=0.864517 | val_loss=2.468333 | best_val_loss=2.468333 | best_epoch=16 | patience=0/3
[TTA tuning source 2003 | Single Head] epoch 17/20 | train_loss=0.791975 | val_loss=2.453052 | best_val_loss=2.453052 | best_epoch=17 | patience=0/3
[TTA tuning source 2003 | Single Head] epoch 18/20 | train_loss=0.719085 | val_loss=2.456266 | best_val_loss=2.453052 | best_epoch=17 | patience=1/3
[TTA tuning source 2003 | Single Head] epoch 19/20 | train_loss=0.658385 | val_loss=2.446500 | best_val_loss=2.446500 | best_epoch=19 | patience=0/3
[TTA tuning source 2003 | Single Head] epoch 20/20 | train_loss=0.597811 | val_loss=2.452132 | best_val_loss=2.446500 | best_epoch=19 | patience=1/3
[TTA tuning source 2003 | Single Head] TRAINING FINISHED | executed_epochs=20 | best_epoch=19 | best_val_loss=2.446500 | stopped_early=False
[TTA tuning source 2004 | Single Head] epoch 1/20 | train_loss=3.065714 | val_loss=2.758567 | best_val_loss=2.758567 | best_epoch=1 | patience=0/3
[TTA tuning source 2004 | Single Head] epoch 2/20 | train_loss=2.477532 | val_loss=2.671460 | best_val_loss=2.671460 | best_epoch=2 | patience=0/3
[TTA tuning source 2004 | Single Head] epoch 3/20 | train_loss=2.107161 | val_loss=2.623374 | best_val_loss=2.623374 | best_epoch=3 | patience=0/3
[TTA tuning source 2004 | Single Head] epoch 4/20 | train_loss=1.856155 | val_loss=2.595486 | best_val_loss=2.595486 | best_epoch=4 | patience=0/3
[TTA tuning source 2004 | Single Head] epoch 5/20 | train_loss=1.647051 | val_loss=2.571846 | best_val_loss=2.571846 | best_epoch=5 | patience=0/3
[TTA tuning source 2004 | Single Head] epoch 6/20 | train_loss=1.465380 | val_loss=2.559519 | best_val_loss=2.559519 | best_epoch=6 | patience=0/3
[TTA tuning source 2004 | Single Head] epoch 7/20 | train_loss=1.312826 | val_loss=2.548700 | best_val_loss=2.548700 | best_epoch=7 | patience=0/3
[TTA tuning source 2004 | Single Head] epoch 8/20 | train_loss=1.181976 | val_loss=2.548880 | best_val_loss=2.548700 | best_epoch=7 | patience=1/3
[TTA tuning source 2004 | Single Head] epoch 9/20 | train_loss=1.050320 | val_loss=2.559632 | best_val_loss=2.548700 | best_epoch=7 | patience=2/3
[TTA tuning source 2004 | Single Head] epoch 10/20 | train_loss=0.945898 | val_loss=2.557366 | best_val_loss=2.548700 | best_epoch=7 | patience=3/3
[TTA tuning source 2004 | Single Head] EARLY STOP at epoch 10 | best_epoch=7 | best_val_loss=2.548700
[TTA tuning source 2004 | Single Head] TRAINING FINISHED | executed_epochs=10 | best_epoch=7 | best_val_loss=2.548700 | stopped_early=True
[TTA tuning source 2005 | Single Head] epoch 1/20 | train_loss=2.754335 | val_loss=2.518738 | best_val_loss=2.518738 | best_epoch=1 | patience=0/3
[TTA tuning source 2005 | Single Head] epoch 2/20 | train_loss=2.298715 | val_loss=2.478797 | best_val_loss=2.478797 | best_epoch=2 | patience=0/3
[TTA tuning source 2005 | Single Head] epoch 3/20 | train_loss=1.976220 | val_loss=2.448024 | best_val_loss=2.448024 | best_epoch=3 | patience=0/3
[TTA tuning source 2005 | Single Head] epoch 4/20 | train_loss=1.761724 | val_loss=2.436010 | best_val_loss=2.436010 | best_epoch=4 | patience=0/3
[TTA tuning source 2005 | Single Head] epoch 5/20 | train_loss=1.577538 | val_loss=2.418864 | best_val_loss=2.418864 | best_epoch=5 | patience=0/3
[TTA tuning source 2005 | Single Head] epoch 6/20 | train_loss=1.404642 | val_loss=2.414490 | best_val_loss=2.414490 | best_epoch=6 | patience=0/3
[TTA tuning source 2005 | Single Head] epoch 7/20 | train_loss=1.260372 | val_loss=2.384845 | best_val_loss=2.384845 | best_epoch=7 | patience=0/3
[TTA tuning source 2005 | Single Head] epoch 8/20 | train_loss=1.135631 | val_loss=2.374536 | best_val_loss=2.374536 | best_epoch=8 | patience=0/3
[TTA tuning source 2005 | Single Head] epoch 9/20 | train_loss=1.027233 | val_loss=2.374275 | best_val_loss=2.374275 | best_epoch=9 | patience=0/3
[TTA tuning source 2005 | Single Head] epoch 10/20 | train_loss=0.927634 | val_loss=2.389107 | best_val_loss=2.374275 | best_epoch=9 | patience=1/3
[TTA tuning source 2005 | Single Head] epoch 11/20 | train_loss=0.832252 | val_loss=2.382254 | best_val_loss=2.374275 | best_epoch=9 | patience=2/3
[TTA tuning source 2005 | Single Head] epoch 12/20 | train_loss=0.751578 | val_loss=2.382220 | best_val_loss=2.374275 | best_epoch=9 | patience=3/3
[TTA tuning source 2005 | Single Head] EARLY STOP at epoch 12 | best_epoch=9 | best_val_loss=2.374275
[TTA tuning source 2005 | Single Head] TRAINING FINISHED | executed_epochs=12 | best_epoch=9 | best_val_loss=2.374275 | stopped_early=True
[TTA tuning source 2006 | Single Head] epoch 1/20 | train_loss=2.514644 | val_loss=2.572958 | best_val_loss=2.572958 | best_epoch=1 | patience=0/3
[TTA tuning source 2006 | Single Head] epoch 2/20 | train_loss=2.076590 | val_loss=2.533422 | best_val_loss=2.533422 | best_epoch=2 | patience=0/3
[TTA tuning source 2006 | Single Head] epoch 3/20 | train_loss=1.791783 | val_loss=2.497744 | best_val_loss=2.497744 | best_epoch=3 | patience=0/3
[TTA tuning source 2006 | Single Head] epoch 4/20 | train_loss=1.593551 | val_loss=2.493674 | best_val_loss=2.493674 | best_epoch=4 | patience=0/3
[TTA tuning source 2006 | Single Head] epoch 5/20 | train_loss=1.412279 | val_loss=2.478167 | best_val_loss=2.478167 | best_epoch=5 | patience=0/3
[TTA tuning source 2006 | Single Head] epoch 6/20 | train_loss=1.244564 | val_loss=2.470785 | best_val_loss=2.470785 | best_epoch=6 | patience=0/3
[TTA tuning source 2006 | Single Head] epoch 7/20 | train_loss=1.127126 | val_loss=2.485421 | best_val_loss=2.470785 | best_epoch=6 | patience=1/3
[TTA tuning source 2006 | Single Head] epoch 8/20 | train_loss=0.996103 | val_loss=2.451676 | best_val_loss=2.451676 | best_epoch=8 | patience=0/3
[TTA tuning source 2006 | Single Head] epoch 9/20 | train_loss=0.896283 | val_loss=2.480798 | best_val_loss=2.451676 | best_epoch=8 | patience=1/3
[TTA tuning source 2006 | Single Head] epoch 10/20 | train_loss=0.806759 | val_loss=2.463543 | best_val_loss=2.451676 | best_epoch=8 | patience=2/3
[TTA tuning source 2006 | Single Head] epoch 11/20 | train_loss=0.711779 | val_loss=2.462353 | best_val_loss=2.451676 | best_epoch=8 | patience=3/3
[TTA tuning source 2006 | Single Head] EARLY STOP at epoch 11 | best_epoch=8 | best_val_loss=2.451676
[TTA tuning source 2006 | Single Head] TRAINING FINISHED | executed_epochs=11 | best_epoch=8 | best_val_loss=2.451676 | stopped_early=True
[TTA tuning source 2007 | Single Head] epoch 1/20 | train_loss=2.424081 | val_loss=2.456152 | best_val_loss=2.456152 | best_epoch=1 | patience=0/3
[TTA tuning source 2007 | Single Head] epoch 2/20 | train_loss=2.003227 | val_loss=2.423907 | best_val_loss=2.423907 | best_epoch=2 | patience=0/3
[TTA tuning source 2007 | Single Head] epoch 3/20 | train_loss=1.641390 | val_loss=2.381635 | best_val_loss=2.381635 | best_epoch=3 | patience=0/3
[TTA tuning source 2007 | Single Head] epoch 4/20 | train_loss=1.417713 | val_loss=2.380812 | best_val_loss=2.380812 | best_epoch=4 | patience=0/3
[TTA tuning source 2007 | Single Head] epoch 5/20 | train_loss=1.225949 | val_loss=2.355799 | best_val_loss=2.355799 | best_epoch=5 | patience=0/3
[TTA tuning source 2007 | Single Head] epoch 6/20 | train_loss=1.055933 | val_loss=2.354122 | best_val_loss=2.354122 | best_epoch=6 | patience=0/3
[TTA tuning source 2007 | Single Head] epoch 7/20 | train_loss=0.954926 | val_loss=2.364288 | best_val_loss=2.354122 | best_epoch=6 | patience=1/3
[TTA tuning source 2007 | Single Head] epoch 8/20 | train_loss=0.831308 | val_loss=2.364902 | best_val_loss=2.354122 | best_epoch=6 | patience=2/3
[TTA tuning source 2007 | Single Head] epoch 9/20 | train_loss=0.749724 | val_loss=2.370828 | best_val_loss=2.354122 | best_epoch=6 | patience=3/3
[TTA tuning source 2007 | Single Head] EARLY STOP at epoch 9 | best_epoch=6 | best_val_loss=2.354122
[TTA tuning source 2007 | Single Head] TRAINING FINISHED | executed_epochs=9 | best_epoch=6 | best_val_loss=2.354122 | stopped_early=True
[TTA tuning source 2008 | Single Head] epoch 1/20 | train_loss=2.483461 | val_loss=2.477228 | best_val_loss=2.477228 | best_epoch=1 | patience=0/3
[TTA tuning source 2008 | Single Head] epoch 2/20 | train_loss=1.995158 | val_loss=2.387041 | best_val_loss=2.387041 | best_epoch=2 | patience=0/3
[TTA tuning source 2008 | Single Head] epoch 3/20 | train_loss=1.715796 | val_loss=2.370923 | best_val_loss=2.370923 | best_epoch=3 | patience=0/3
[TTA tuning source 2008 | Single Head] epoch 4/20 | train_loss=1.479125 | val_loss=2.344655 | best_val_loss=2.344655 | best_epoch=4 | patience=0/3
[TTA tuning source 2008 | Single Head] epoch 5/20 | train_loss=1.293631 | val_loss=2.338521 | best_val_loss=2.338521 | best_epoch=5 | patience=0/3
[TTA tuning source 2008 | Single Head] epoch 6/20 | train_loss=1.149977 | val_loss=2.330401 | best_val_loss=2.330401 | best_epoch=6 | patience=0/3
[TTA tuning source 2008 | Single Head] epoch 7/20 | train_loss=1.018359 | val_loss=2.331879 | best_val_loss=2.330401 | best_epoch=6 | patience=1/3
[TTA tuning source 2008 | Single Head] epoch 8/20 | train_loss=0.900869 | val_loss=2.328039 | best_val_loss=2.328039 | best_epoch=8 | patience=0/3
[TTA tuning source 2008 | Single Head] epoch 9/20 | train_loss=0.808665 | val_loss=2.345763 | best_val_loss=2.328039 | best_epoch=8 | patience=1/3
[TTA tuning source 2008 | Single Head] epoch 10/20 | train_loss=0.725900 | val_loss=2.336808 | best_val_loss=2.328039 | best_epoch=8 | patience=2/3
[TTA tuning source 2008 | Single Head] epoch 11/20 | train_loss=0.664599 | val_loss=2.323983 | best_val_loss=2.323983 | best_epoch=11 | patience=0/3
[TTA tuning source 2008 | Single Head] epoch 12/20 | train_loss=0.583642 | val_loss=2.322994 | best_val_loss=2.322994 | best_epoch=12 | patience=0/3
[TTA tuning source 2008 | Single Head] epoch 13/20 | train_loss=0.518324 | val_loss=2.343967 | best_val_loss=2.322994 | best_epoch=12 | patience=1/3
[TTA tuning source 2008 | Single Head] epoch 14/20 | train_loss=0.478580 | val_loss=2.346010 | best_val_loss=2.322994 | best_epoch=12 | patience=2/3
[TTA tuning source 2008 | Single Head] epoch 15/20 | train_loss=0.424111 | val_loss=2.352482 | best_val_loss=2.322994 | best_epoch=12 | patience=3/3
[TTA tuning source 2008 | Single Head] EARLY STOP at epoch 15 | best_epoch=12 | best_val_loss=2.322994
[TTA tuning source 2008 | Single Head] TRAINING FINISHED | executed_epochs=15 | best_epoch=12 | best_val_loss=2.322994 | stopped_early=True
[TTA tuning source 2002 | Double Head] epoch 1/50 | train_loss=3.645323 | val_loss=4.093217 | best_val_loss=4.093217 | best_epoch=1 | patience=0/5
[TTA tuning source 2002 | Double Head] epoch 2/50 | train_loss=2.384424 | val_loss=3.771965 | best_val_loss=3.771965 | best_epoch=2 | patience=0/5
[TTA tuning source 2002 | Double Head] epoch 3/50 | train_loss=1.704159 | val_loss=3.188222 | best_val_loss=3.188222 | best_epoch=3 | patience=0/5
[TTA tuning source 2002 | Double Head] epoch 4/50 | train_loss=1.141439 | val_loss=3.013423 | best_val_loss=3.013423 | best_epoch=4 | patience=0/5
[TTA tuning source 2002 | Double Head] epoch 5/50 | train_loss=0.724889 | val_loss=3.028232 | best_val_loss=3.013423 | best_epoch=4 | patience=1/5
[TTA tuning source 2002 | Double Head] epoch 6/50 | train_loss=0.458384 | val_loss=3.088318 | best_val_loss=3.013423 | best_epoch=4 | patience=2/5
[TTA tuning source 2002 | Double Head] epoch 7/50 | train_loss=0.288793 | val_loss=2.982067 | best_val_loss=2.982067 | best_epoch=7 | patience=0/5
[TTA tuning source 2002 | Double Head] epoch 8/50 | train_loss=0.198636 | val_loss=3.011080 | best_val_loss=2.982067 | best_epoch=7 | patience=1/5
[TTA tuning source 2002 | Double Head] epoch 9/50 | train_loss=0.137045 | val_loss=2.971151 | best_val_loss=2.971151 | best_epoch=9 | patience=0/5
[TTA tuning source 2002 | Double Head] epoch 10/50 | train_loss=0.101869 | val_loss=3.053062 | best_val_loss=2.971151 | best_epoch=9 | patience=1/5
[TTA tuning source 2002 | Double Head] epoch 11/50 | train_loss=0.073553 | val_loss=3.051175 | best_val_loss=2.971151 | best_epoch=9 | patience=2/5
[TTA tuning source 2002 | Double Head] epoch 12/50 | train_loss=0.058405 | val_loss=3.028083 | best_val_loss=2.971151 | best_epoch=9 | patience=3/5
[TTA tuning source 2002 | Double Head] epoch 13/50 | train_loss=0.051716 | val_loss=3.058233 | best_val_loss=2.971151 | best_epoch=9 | patience=4/5
[TTA tuning source 2002 | Double Head] epoch 14/50 | train_loss=0.052810 | val_loss=3.230627 | best_val_loss=2.971151 | best_epoch=9 | patience=5/5
[TTA tuning source 2002 | Double Head] EARLY STOP at epoch 14 | best_epoch=9 | best_val_loss=2.971151
[TTA tuning source 2002 | Double Head] TRAINING FINISHED | executed_epochs=14 | best_epoch=9 | best_val_loss=2.971151 | stopped_early=True
[TTA tuning source 2003 | Double Head] epoch 1/20 | train_loss=3.329742 | val_loss=2.973059 | best_val_loss=2.973059 | best_epoch=1 | patience=0/3
[TTA tuning source 2003 | Double Head] epoch 2/20 | train_loss=2.578913 | val_loss=2.806622 | best_val_loss=2.806622 | best_epoch=2 | patience=0/3
[TTA tuning source 2003 | Double Head] epoch 3/20 | train_loss=2.178956 | val_loss=2.741988 | best_val_loss=2.741988 | best_epoch=3 | patience=0/3
[TTA tuning source 2003 | Double Head] epoch 4/20 | train_loss=1.892057 | val_loss=2.678186 | best_val_loss=2.678186 | best_epoch=4 | patience=0/3
[TTA tuning source 2003 | Double Head] epoch 5/20 | train_loss=1.684522 | val_loss=2.654625 | best_val_loss=2.654625 | best_epoch=5 | patience=0/3
[TTA tuning source 2003 | Double Head] epoch 6/20 | train_loss=1.480278 | val_loss=2.628360 | best_val_loss=2.628360 | best_epoch=6 | patience=0/3
[TTA tuning source 2003 | Double Head] epoch 7/20 | train_loss=1.353839 | val_loss=2.623033 | best_val_loss=2.623033 | best_epoch=7 | patience=0/3
[TTA tuning source 2003 | Double Head] epoch 8/20 | train_loss=1.203273 | val_loss=2.614000 | best_val_loss=2.614000 | best_epoch=8 | patience=0/3
[TTA tuning source 2003 | Double Head] epoch 9/20 | train_loss=1.094927 | val_loss=2.611109 | best_val_loss=2.611109 | best_epoch=9 | patience=0/3
[TTA tuning source 2003 | Double Head] epoch 10/20 | train_loss=0.977767 | val_loss=2.603954 | best_val_loss=2.603954 | best_epoch=10 | patience=0/3
[TTA tuning source 2003 | Double Head] epoch 11/20 | train_loss=0.886757 | val_loss=2.604047 | best_val_loss=2.603954 | best_epoch=10 | patience=1/3
[TTA tuning source 2003 | Double Head] epoch 12/20 | train_loss=0.796026 | val_loss=2.614180 | best_val_loss=2.603954 | best_epoch=10 | patience=2/3
[TTA tuning source 2003 | Double Head] epoch 13/20 | train_loss=0.726882 | val_loss=2.615182 | best_val_loss=2.603954 | best_epoch=10 | patience=3/3
[TTA tuning source 2003 | Double Head] EARLY STOP at epoch 13 | best_epoch=10 | best_val_loss=2.603954
[TTA tuning source 2003 | Double Head] TRAINING FINISHED | executed_epochs=13 | best_epoch=10 | best_val_loss=2.603954 | stopped_early=True
[TTA tuning source 2004 | Double Head] epoch 1/20 | train_loss=3.311107 | val_loss=2.926218 | best_val_loss=2.926218 | best_epoch=1 | patience=0/3
[TTA tuning source 2004 | Double Head] epoch 2/20 | train_loss=2.698569 | val_loss=2.769700 | best_val_loss=2.769700 | best_epoch=2 | patience=0/3
[TTA tuning source 2004 | Double Head] epoch 3/20 | train_loss=2.294779 | val_loss=2.728368 | best_val_loss=2.728368 | best_epoch=3 | patience=0/3
[TTA tuning source 2004 | Double Head] epoch 4/20 | train_loss=2.000270 | val_loss=2.694316 | best_val_loss=2.694316 | best_epoch=4 | patience=0/3
[TTA tuning source 2004 | Double Head] epoch 5/20 | train_loss=1.759536 | val_loss=2.667754 | best_val_loss=2.667754 | best_epoch=5 | patience=0/3
[TTA tuning source 2004 | Double Head] epoch 6/20 | train_loss=1.577918 | val_loss=2.670621 | best_val_loss=2.667754 | best_epoch=5 | patience=1/3
[TTA tuning source 2004 | Double Head] epoch 7/20 | train_loss=1.396703 | val_loss=2.660288 | best_val_loss=2.660288 | best_epoch=7 | patience=0/3
[TTA tuning source 2004 | Double Head] epoch 8/20 | train_loss=1.261268 | val_loss=2.654544 | best_val_loss=2.654544 | best_epoch=8 | patience=0/3
[TTA tuning source 2004 | Double Head] epoch 9/20 | train_loss=1.123340 | val_loss=2.650666 | best_val_loss=2.650666 | best_epoch=9 | patience=0/3
[TTA tuning source 2004 | Double Head] epoch 10/20 | train_loss=1.004870 | val_loss=2.655168 | best_val_loss=2.650666 | best_epoch=9 | patience=1/3
[TTA tuning source 2004 | Double Head] epoch 11/20 | train_loss=0.919049 | val_loss=2.656698 | best_val_loss=2.650666 | best_epoch=9 | patience=2/3
[TTA tuning source 2004 | Double Head] epoch 12/20 | train_loss=0.844461 | val_loss=2.658286 | best_val_loss=2.650666 | best_epoch=9 | patience=3/3
[TTA tuning source 2004 | Double Head] EARLY STOP at epoch 12 | best_epoch=9 | best_val_loss=2.650666
[TTA tuning source 2004 | Double Head] TRAINING FINISHED | executed_epochs=12 | best_epoch=9 | best_val_loss=2.650666 | stopped_early=True
[TTA tuning source 2005 | Double Head] epoch 1/20 | train_loss=2.882987 | val_loss=2.669814 | best_val_loss=2.669814 | best_epoch=1 | patience=0/3
[TTA tuning source 2005 | Double Head] epoch 2/20 | train_loss=2.369350 | val_loss=2.592825 | best_val_loss=2.592825 | best_epoch=2 | patience=0/3
[TTA tuning source 2005 | Double Head] epoch 3/20 | train_loss=2.040603 | val_loss=2.575147 | best_val_loss=2.575147 | best_epoch=3 | patience=0/3
[TTA tuning source 2005 | Double Head] epoch 4/20 | train_loss=1.778624 | val_loss=2.538139 | best_val_loss=2.538139 | best_epoch=4 | patience=0/3
[TTA tuning source 2005 | Double Head] epoch 5/20 | train_loss=1.559121 | val_loss=2.523906 | best_val_loss=2.523906 | best_epoch=5 | patience=0/3
[TTA tuning source 2005 | Double Head] epoch 6/20 | train_loss=1.417912 | val_loss=2.509455 | best_val_loss=2.509455 | best_epoch=6 | patience=0/3
[TTA tuning source 2005 | Double Head] epoch 7/20 | train_loss=1.277063 | val_loss=2.506254 | best_val_loss=2.506254 | best_epoch=7 | patience=0/3
[TTA tuning source 2005 | Double Head] epoch 8/20 | train_loss=1.139386 | val_loss=2.489064 | best_val_loss=2.489064 | best_epoch=8 | patience=0/3
[TTA tuning source 2005 | Double Head] epoch 9/20 | train_loss=1.022823 | val_loss=2.499769 | best_val_loss=2.489064 | best_epoch=8 | patience=1/3
[TTA tuning source 2005 | Double Head] epoch 10/20 | train_loss=0.928621 | val_loss=2.492472 | best_val_loss=2.489064 | best_epoch=8 | patience=2/3
[TTA tuning source 2005 | Double Head] epoch 11/20 | train_loss=0.841217 | val_loss=2.485696 | best_val_loss=2.485696 | best_epoch=11 | patience=0/3
[TTA tuning source 2005 | Double Head] epoch 12/20 | train_loss=0.755231 | val_loss=2.520684 | best_val_loss=2.485696 | best_epoch=11 | patience=1/3
[TTA tuning source 2005 | Double Head] epoch 13/20 | train_loss=0.703968 | val_loss=2.496129 | best_val_loss=2.485696 | best_epoch=11 | patience=2/3
[TTA tuning source 2005 | Double Head] epoch 14/20 | train_loss=0.622545 | val_loss=2.500023 | best_val_loss=2.485696 | best_epoch=11 | patience=3/3
[TTA tuning source 2005 | Double Head] EARLY STOP at epoch 14 | best_epoch=11 | best_val_loss=2.485696
[TTA tuning source 2005 | Double Head] TRAINING FINISHED | executed_epochs=14 | best_epoch=11 | best_val_loss=2.485696 | stopped_early=True
[TTA tuning source 2006 | Double Head] epoch 1/20 | train_loss=2.694433 | val_loss=2.726774 | best_val_loss=2.726774 | best_epoch=1 | patience=0/3
[TTA tuning source 2006 | Double Head] epoch 2/20 | train_loss=2.195178 | val_loss=2.646951 | best_val_loss=2.646951 | best_epoch=2 | patience=0/3
[TTA tuning source 2006 | Double Head] epoch 3/20 | train_loss=1.854644 | val_loss=2.631607 | best_val_loss=2.631607 | best_epoch=3 | patience=0/3
[TTA tuning source 2006 | Double Head] epoch 4/20 | train_loss=1.639289 | val_loss=2.613751 | best_val_loss=2.613751 | best_epoch=4 | patience=0/3
[TTA tuning source 2006 | Double Head] epoch 5/20 | train_loss=1.429067 | val_loss=2.621622 | best_val_loss=2.613751 | best_epoch=4 | patience=1/3
[TTA tuning source 2006 | Double Head] epoch 6/20 | train_loss=1.267812 | val_loss=2.598321 | best_val_loss=2.598321 | best_epoch=6 | patience=0/3
[TTA tuning source 2006 | Double Head] epoch 7/20 | train_loss=1.146324 | val_loss=2.607691 | best_val_loss=2.598321 | best_epoch=6 | patience=1/3
[TTA tuning source 2006 | Double Head] epoch 8/20 | train_loss=1.000231 | val_loss=2.601351 | best_val_loss=2.598321 | best_epoch=6 | patience=2/3
[TTA tuning source 2006 | Double Head] epoch 9/20 | train_loss=0.909115 | val_loss=2.610621 | best_val_loss=2.598321 | best_epoch=6 | patience=3/3
[TTA tuning source 2006 | Double Head] EARLY STOP at epoch 9 | best_epoch=6 | best_val_loss=2.598321
[TTA tuning source 2006 | Double Head] TRAINING FINISHED | executed_epochs=9 | best_epoch=6 | best_val_loss=2.598321 | stopped_early=True
[TTA tuning source 2007 | Double Head] epoch 1/20 | train_loss=2.570136 | val_loss=2.791669 | best_val_loss=2.791669 | best_epoch=1 | patience=0/3
[TTA tuning source 2007 | Double Head] epoch 2/20 | train_loss=2.147601 | val_loss=2.662001 | best_val_loss=2.662001 | best_epoch=2 | patience=0/3
[TTA tuning source 2007 | Double Head] epoch 3/20 | train_loss=1.793740 | val_loss=2.631347 | best_val_loss=2.631347 | best_epoch=3 | patience=0/3
[TTA tuning source 2007 | Double Head] epoch 4/20 | train_loss=1.540955 | val_loss=2.617456 | best_val_loss=2.617456 | best_epoch=4 | patience=0/3
[TTA tuning source 2007 | Double Head] epoch 5/20 | train_loss=1.372241 | val_loss=2.608686 | best_val_loss=2.608686 | best_epoch=5 | patience=0/3
[TTA tuning source 2007 | Double Head] epoch 6/20 | train_loss=1.185484 | val_loss=2.603861 | best_val_loss=2.603861 | best_epoch=6 | patience=0/3
[TTA tuning source 2007 | Double Head] epoch 7/20 | train_loss=1.067551 | val_loss=2.617189 | best_val_loss=2.603861 | best_epoch=6 | patience=1/3
[TTA tuning source 2007 | Double Head] epoch 8/20 | train_loss=0.945856 | val_loss=2.600031 | best_val_loss=2.600031 | best_epoch=8 | patience=0/3
[TTA tuning source 2007 | Double Head] epoch 9/20 | train_loss=0.838875 | val_loss=2.613894 | best_val_loss=2.600031 | best_epoch=8 | patience=1/3
[TTA tuning source 2007 | Double Head] epoch 10/20 | train_loss=0.768163 | val_loss=2.612725 | best_val_loss=2.600031 | best_epoch=8 | patience=2/3
[TTA tuning source 2007 | Double Head] epoch 11/20 | train_loss=0.688044 | val_loss=2.604320 | best_val_loss=2.600031 | best_epoch=8 | patience=3/3
[TTA tuning source 2007 | Double Head] EARLY STOP at epoch 11 | best_epoch=8 | best_val_loss=2.600031
[TTA tuning source 2007 | Double Head] TRAINING FINISHED | executed_epochs=11 | best_epoch=8 | best_val_loss=2.600031 | stopped_early=True
[TTA tuning source 2008 | Double Head] epoch 1/20 | train_loss=2.632083 | val_loss=2.648685 | best_val_loss=2.648685 | best_epoch=1 | patience=0/3
[TTA tuning source 2008 | Double Head] epoch 2/20 | train_loss=2.114178 | val_loss=2.573779 | best_val_loss=2.573779 | best_epoch=2 | patience=0/3
[TTA tuning source 2008 | Double Head] epoch 3/20 | train_loss=1.785616 | val_loss=2.559276 | best_val_loss=2.559276 | best_epoch=3 | patience=0/3
[TTA tuning source 2008 | Double Head] epoch 4/20 | train_loss=1.528490 | val_loss=2.532914 | best_val_loss=2.532914 | best_epoch=4 | patience=0/3
[TTA tuning source 2008 | Double Head] epoch 5/20 | train_loss=1.365649 | val_loss=2.528139 | best_val_loss=2.528139 | best_epoch=5 | patience=0/3
[TTA tuning source 2008 | Double Head] epoch 6/20 | train_loss=1.200719 | val_loss=2.534147 | best_val_loss=2.528139 | best_epoch=5 | patience=1/3
[TTA tuning source 2008 | Double Head] epoch 7/20 | train_loss=1.063544 | val_loss=2.515770 | best_val_loss=2.515770 | best_epoch=7 | patience=0/3
[TTA tuning source 2008 | Double Head] epoch 8/20 | train_loss=0.957982 | val_loss=2.518297 | best_val_loss=2.515770 | best_epoch=7 | patience=1/3
[TTA tuning source 2008 | Double Head] epoch 9/20 | train_loss=0.865111 | val_loss=2.513552 | best_val_loss=2.513552 | best_epoch=9 | patience=0/3
[TTA tuning source 2008 | Double Head] epoch 10/20 | train_loss=0.783564 | val_loss=2.535787 | best_val_loss=2.513552 | best_epoch=9 | patience=1/3
[TTA tuning source 2008 | Double Head] epoch 11/20 | train_loss=0.697387 | val_loss=2.522745 | best_val_loss=2.513552 | best_epoch=9 | patience=2/3
[TTA tuning source 2008 | Double Head] epoch 12/20 | train_loss=0.633978 | val_loss=2.529953 | best_val_loss=2.513552 | best_epoch=9 | patience=3/3
[TTA tuning source 2008 | Double Head] EARLY STOP at epoch 12 | best_epoch=9 | best_val_loss=2.513552
[TTA tuning source 2008 | Double Head] TRAINING FINISHED | executed_epochs=12 | best_epoch=9 | best_val_loss=2.513552 | stopped_early=True
ONE_STEP_DIAG | year=2009 | n_pairs=855 | lr=1.00e-04 | clip=0.1 | delta_loss_mean=-0.026454569 | delta_loss_median=-0.020784393 | loss_improve_rate=0.560234 | acc_before=0.274854 | acc_after=0.291228 | helpful_flips=20 | harmful_flips=6 | mean_aux_loss=1.607857 | mean_parameter_delta=0.026758931
ONE_STEP_DIAG | year=2010 | n_pairs=1984 | lr=1.00e-04 | clip=0.1 | delta_loss_mean=-0.035746392 | delta_loss_median=-0.025796084 | loss_improve_rate=0.582157 | acc_before=0.286794 | acc_after=0.295867 | helpful_flips=40 | harmful_flips=22 | mean_aux_loss=1.549800 | mean_parameter_delta=0.026687066
ONE_STEP_DIAG | year=2011 | n_pairs=2186 | lr=1.00e-04 | clip=0.1 | delta_loss_mean=-0.059121237 | delta_loss_median=-0.044617109 | loss_improve_rate=0.629918 | acc_before=0.290942 | acc_after=0.304209 | helpful_flips=52 | harmful_flips=23 | mean_aux_loss=1.493069 | mean_parameter_delta=0.026783545
ONE_STEP_DIAG | year=2012 | n_pairs=2224 | lr=1.00e-04 | clip=0.1 | delta_loss_mean=-0.032933655 | delta_loss_median=-0.026400551 | loss_improve_rate=0.589478 | acc_before=0.290917 | acc_after=0.297662 | helpful_flips=33 | harmful_flips=18 | mean_aux_loss=1.338158 | mean_parameter_delta=0.026716115
