Base experiment config: /Users/lorenzoiovine/Library/CloudStorage/OneDrive-PolitecnicodiMilano/Lavoro/Lavori/Metadata OOD adaptation/metadata_tta_v2/configs/yearbook_eval_stream_tas.yaml

================================================================================
TTA TUNING TEMPORAL SPLIT
Pseudo-source years: [1930, 1931, 1932, 1933, 1934, 1935, 1936, 1937, 1938, 1939, 1940, 1941, 1942, 1943, 1944, 1945, 1946, 1947, 1948, 1949, 1950, 1951, 1952, 1953, 1954, 1955, 1956, 1957, 1958, 1959, 1960, 1961, 1962, 1963, 1964, 1965, 1966]
Pseudo-OOD stream years: [1967, 1968, 1969, 1970]
================================================================================

================================================================================
DATASET
================================================================================
Dataset: yearbook
Data root: /Users/lorenzoiovine/Library/CloudStorage/OneDrive-PolitecnicodiMilano/Lavoro/Lavori/Temporal Distribution Shift/moco_embedding/yearbook_embeddings_csv_encoded

Year 1930: valid=154/154 | main_classes=2 | aux_classes=8
Year 1931: valid=176/176 | main_classes=2 | aux_classes=4
Year 1932: valid=243/243 | main_classes=2 | aux_classes=9
Year 1933: valid=272/272 | main_classes=2 | aux_classes=7
Year 1934: valid=326/326 | main_classes=2 | aux_classes=3
Year 1935: valid=492/492 | main_classes=2 | aux_classes=6
Year 1936: valid=154/154 | main_classes=2 | aux_classes=5
Year 1937: valid=307/307 | main_classes=2 | aux_classes=6
Year 1938: valid=402/402 | main_classes=2 | aux_classes=7
Year 1939: valid=160/160 | main_classes=2 | aux_classes=6
Year 1940: valid=402/402 | main_classes=2 | aux_classes=8
Year 1941: valid=93/93 | main_classes=2 | aux_classes=4
Year 1942: valid=220/220 | main_classes=2 | aux_classes=8
Year 1943: valid=704/704 | main_classes=2 | aux_classes=9
Year 1944: valid=858/858 | main_classes=2 | aux_classes=12
Year 1945: valid=834/834 | main_classes=2 | aux_classes=13
Year 1946: valid=404/404 | main_classes=2 | aux_classes=10
Year 1947: valid=379/379 | main_classes=2 | aux_classes=8
Year 1948: valid=406/406 | main_classes=2 | aux_classes=7
Year 1949: valid=178/178 | main_classes=2 | aux_classes=8
Year 1950: valid=387/387 | main_classes=2 | aux_classes=11
Year 1951: valid=222/222 | main_classes=2 | aux_classes=7
Year 1952: valid=328/328 | main_classes=2 | aux_classes=8
Year 1953: valid=267/267 | main_classes=2 | aux_classes=7
Year 1954: valid=581/581 | main_classes=2 | aux_classes=10
Year 1955: valid=748/748 | main_classes=2 | aux_classes=9
Year 1956: valid=269/269 | main_classes=2 | aux_classes=6
Year 1957: valid=233/233 | main_classes=2 | aux_classes=6
Year 1958: valid=272/272 | main_classes=2 | aux_classes=7
Year 1959: valid=503/503 | main_classes=2 | aux_classes=8
Year 1960: valid=299/299 | main_classes=2 | aux_classes=8
Year 1961: valid=367/367 | main_classes=2 | aux_classes=7
Year 1962: valid=411/411 | main_classes=2 | aux_classes=8
Year 1963: valid=259/259 | main_classes=2 | aux_classes=9
Year 1964: valid=313/313 | main_classes=2 | aux_classes=9
Year 1965: valid=651/651 | main_classes=2 | aux_classes=8
Year 1966: valid=487/487 | main_classes=2 | aux_classes=5
Year 1967: valid=1036/1036 | main_classes=2 | aux_classes=6
Year 1968: valid=336/336 | main_classes=2 | aux_classes=6
Year 1969: valid=617/617 | main_classes=2 | aux_classes=9
Year 1970: valid=828/828 | main_classes=2 | aux_classes=11
Year 1971: valid=198/198 | main_classes=2 | aux_classes=4
Year 1972: valid=478/478 | main_classes=2 | aux_classes=6
Year 1973: valid=313/313 | main_classes=2 | aux_classes=5
Year 1974: valid=769/769 | main_classes=2 | aux_classes=10
Year 1975: valid=819/819 | main_classes=2 | aux_classes=9
Year 1976: valid=358/358 | main_classes=2 | aux_classes=5
Year 1977: valid=542/542 | main_classes=2 | aux_classes=5
Year 1978: valid=234/234 | main_classes=2 | aux_classes=4
Year 1979: valid=637/637 | main_classes=2 | aux_classes=5
Year 1980: valid=602/602 | main_classes=2 | aux_classes=7
Year 1981: valid=255/255 | main_classes=2 | aux_classes=3
Year 1982: valid=494/494 | main_classes=2 | aux_classes=6
Year 1983: valid=404/404 | main_classes=2 | aux_classes=5
Year 1984: valid=1197/1197 | main_classes=2 | aux_classes=7
Year 1985: valid=497/497 | main_classes=2 | aux_classes=7
Year 1986: valid=273/273 | main_classes=2 | aux_classes=4
Year 1987: valid=583/583 | main_classes=2 | aux_classes=9
Year 1988: valid=360/360 | main_classes=2 | aux_classes=4
Year 1989: valid=777/777 | main_classes=2 | aux_classes=6
Year 1990: valid=801/801 | main_classes=2 | aux_classes=6
Year 1991: valid=428/428 | main_classes=2 | aux_classes=4
Year 1992: valid=472/472 | main_classes=2 | aux_classes=5
Year 1993: valid=223/223 | main_classes=2 | aux_classes=5
Year 1994: valid=532/532 | main_classes=2 | aux_classes=7
Year 1995: valid=637/637 | main_classes=2 | aux_classes=6
Year 1996: valid=417/417 | main_classes=2 | aux_classes=5
Year 1997: valid=507/507 | main_classes=2 | aux_classes=5
Year 1998: valid=634/634 | main_classes=2 | aux_classes=4
Year 1999: valid=656/656 | main_classes=2 | aux_classes=9
Year 2000: valid=458/458 | main_classes=2 | aux_classes=7
Year 2001: valid=627/627 | main_classes=2 | aux_classes=8
Year 2002: valid=717/717 | main_classes=2 | aux_classes=9
Year 2003: valid=411/411 | main_classes=2 | aux_classes=5
Year 2004: valid=508/508 | main_classes=2 | aux_classes=7
Year 2005: valid=442/442 | main_classes=2 | aux_classes=6
Year 2006: valid=70/70 | main_classes=2 | aux_classes=3
Year 2007: valid=243/243 | main_classes=2 | aux_classes=4
Year 2008: valid=306/306 | main_classes=2 | aux_classes=7
Year 2009: valid=505/505 | main_classes=2 | aux_classes=7
Year 2010: valid=521/521 | main_classes=2 | aux_classes=5
Year 2011: valid=87/87 | main_classes=2 | aux_classes=2
Year 2012: valid=126/126 | main_classes=2 | aux_classes=4
Year 2013: valid=493/493 | main_classes=2 | aux_classes=3

Years: 1930-2013
Number of years: 84
Feature dimension: 2048
Total valid samples: 37189
[TTA tuning source 1930 | Single Head] epoch 1/10 | train_loss=0.511519 | val_loss=0.685321
[TTA tuning source 1930 | Single Head] epoch 2/10 | train_loss=0.171210 | val_loss=0.680499
[TTA tuning source 1930 | Single Head] epoch 3/10 | train_loss=0.126812 | val_loss=0.674546
[TTA tuning source 1930 | Single Head] epoch 4/10 | train_loss=0.057558 | val_loss=0.666815
[TTA tuning source 1930 | Single Head] epoch 5/10 | train_loss=0.036965 | val_loss=0.658064
[TTA tuning source 1930 | Single Head] epoch 6/10 | train_loss=0.029399 | val_loss=0.646764
[TTA tuning source 1930 | Single Head] epoch 7/10 | train_loss=0.019381 | val_loss=0.632840
[TTA tuning source 1930 | Single Head] epoch 8/10 | train_loss=0.018333 | val_loss=0.615248
[TTA tuning source 1930 | Single Head] epoch 9/10 | train_loss=0.016196 | val_loss=0.594120
[TTA tuning source 1930 | Single Head] epoch 10/10 | train_loss=0.009244 | val_loss=0.567890
[TTA tuning source 1930 | Single Head] TRAINING FINISHED | executed_epochs=10 | best_epoch=10 | best_val_loss=0.567890 | stopped_early=False
[TTA tuning source 1931 | Single Head] epoch 1/2 | train_loss=0.210276 | val_loss=0.552641
[TTA tuning source 1931 | Single Head] epoch 2/2 | train_loss=0.097450 | val_loss=0.522683
[TTA tuning source 1931 | Single Head] TRAINING FINISHED | executed_epochs=2 | best_epoch=2 | best_val_loss=0.522683 | stopped_early=False
[TTA tuning source 1932 | Single Head] epoch 1/2 | train_loss=0.137037 | val_loss=0.437496
[TTA tuning source 1932 | Single Head] epoch 2/2 | train_loss=0.114659 | val_loss=0.376114
[TTA tuning source 1932 | Single Head] TRAINING FINISHED | executed_epochs=2 | best_epoch=2 | best_val_loss=0.376114 | stopped_early=False
[TTA tuning source 1933 | Single Head] epoch 1/2 | train_loss=0.207733 | val_loss=0.340460
[TTA tuning source 1933 | Single Head] epoch 2/2 | train_loss=0.158319 | val_loss=0.280991
[TTA tuning source 1933 | Single Head] TRAINING FINISHED | executed_epochs=2 | best_epoch=2 | best_val_loss=0.280991 | stopped_early=False
[TTA tuning source 1934 | Single Head] epoch 1/2 | train_loss=0.080187 | val_loss=0.174001
[TTA tuning source 1934 | Single Head] epoch 2/2 | train_loss=0.046573 | val_loss=0.115570
[TTA tuning source 1934 | Single Head] TRAINING FINISHED | executed_epochs=2 | best_epoch=2 | best_val_loss=0.115570 | stopped_early=False
[TTA tuning source 1935 | Single Head] epoch 1/2 | train_loss=0.100644 | val_loss=0.079729
[TTA tuning source 1935 | Single Head] epoch 2/2 | train_loss=0.061385 | val_loss=0.066195
[TTA tuning source 1935 | Single Head] TRAINING FINISHED | executed_epochs=2 | best_epoch=2 | best_val_loss=0.066195 | stopped_early=False
[TTA tuning source 1936 | Single Head] epoch 1/2 | train_loss=0.052967 | val_loss=0.056218
[TTA tuning source 1936 | Single Head] epoch 2/2 | train_loss=0.066629 | val_loss=0.036988
[TTA tuning source 1936 | Single Head] TRAINING FINISHED | executed_epochs=2 | best_epoch=2 | best_val_loss=0.036988 | stopped_early=False
[TTA tuning source 1937 | Single Head] epoch 1/2 | train_loss=0.144242 | val_loss=0.080828
[TTA tuning source 1937 | Single Head] epoch 2/2 | train_loss=0.111144 | val_loss=0.071893
[TTA tuning source 1937 | Single Head] TRAINING FINISHED | executed_epochs=2 | best_epoch=2 | best_val_loss=0.071893 | stopped_early=False
[TTA tuning source 1938 | Single Head] epoch 1/2 | train_loss=0.084925 | val_loss=0.017811
[TTA tuning source 1938 | Single Head] epoch 2/2 | train_loss=0.037633 | val_loss=0.036071
[TTA tuning source 1938 | Single Head] TRAINING FINISHED | executed_epochs=2 | best_epoch=1 | best_val_loss=0.017811 | stopped_early=False
[TTA tuning source 1939 | Single Head] epoch 1/2 | train_loss=0.039643 | val_loss=0.029394
[TTA tuning source 1939 | Single Head] epoch 2/2 | train_loss=0.031603 | val_loss=0.025411
[TTA tuning source 1939 | Single Head] TRAINING FINISHED | executed_epochs=2 | best_epoch=2 | best_val_loss=0.025411 | stopped_early=False
[TTA tuning source 1940 | Single Head] epoch 1/2 | train_loss=0.059860 | val_loss=0.121909
[TTA tuning source 1940 | Single Head] epoch 2/2 | train_loss=0.053860 | val_loss=0.173493
[TTA tuning source 1940 | Single Head] TRAINING FINISHED | executed_epochs=2 | best_epoch=1 | best_val_loss=0.121909 | stopped_early=False
[TTA tuning source 1941 | Single Head] epoch 1/2 | train_loss=0.052561 | val_loss=0.052369
[TTA tuning source 1941 | Single Head] epoch 2/2 | train_loss=0.020896 | val_loss=0.047017
[TTA tuning source 1941 | Single Head] TRAINING FINISHED | executed_epochs=2 | best_epoch=2 | best_val_loss=0.047017 | stopped_early=False
[TTA tuning source 1942 | Single Head] epoch 1/2 | train_loss=0.047594 | val_loss=0.011182
[TTA tuning source 1942 | Single Head] epoch 2/2 | train_loss=0.032616 | val_loss=0.012686
[TTA tuning source 1942 | Single Head] TRAINING FINISHED | executed_epochs=2 | best_epoch=1 | best_val_loss=0.011182 | stopped_early=False
[TTA tuning source 1943 | Single Head] epoch 1/2 | train_loss=0.060134 | val_loss=0.056688
[TTA tuning source 1943 | Single Head] epoch 2/2 | train_loss=0.037626 | val_loss=0.021481
[TTA tuning source 1943 | Single Head] TRAINING FINISHED | executed_epochs=2 | best_epoch=2 | best_val_loss=0.021481 | stopped_early=False
[TTA tuning source 1944 | Single Head] epoch 1/2 | train_loss=0.074157 | val_loss=0.009340
[TTA tuning source 1944 | Single Head] epoch 2/2 | train_loss=0.042825 | val_loss=0.008138
[TTA tuning source 1944 | Single Head] TRAINING FINISHED | executed_epochs=2 | best_epoch=2 | best_val_loss=0.008138 | stopped_early=False
[TTA tuning source 1945 | Single Head] epoch 1/2 | train_loss=0.042361 | val_loss=0.008564
[TTA tuning source 1945 | Single Head] epoch 2/2 | train_loss=0.031545 | val_loss=0.007648
[TTA tuning source 1945 | Single Head] TRAINING FINISHED | executed_epochs=2 | best_epoch=2 | best_val_loss=0.007648 | stopped_early=False
[TTA tuning source 1946 | Single Head] epoch 1/2 | train_loss=0.020933 | val_loss=0.006249
[TTA tuning source 1946 | Single Head] epoch 2/2 | train_loss=0.025382 | val_loss=0.004127
[TTA tuning source 1946 | Single Head] TRAINING FINISHED | executed_epochs=2 | best_epoch=2 | best_val_loss=0.004127 | stopped_early=False
[TTA tuning source 1947 | Single Head] epoch 1/2 | train_loss=0.036651 | val_loss=0.026924
[TTA tuning source 1947 | Single Head] epoch 2/2 | train_loss=0.028411 | val_loss=0.023780
[TTA tuning source 1947 | Single Head] TRAINING FINISHED | executed_epochs=2 | best_epoch=2 | best_val_loss=0.023780 | stopped_early=False
[TTA tuning source 1948 | Single Head] epoch 1/2 | train_loss=0.060720 | val_loss=0.119023
[TTA tuning source 1948 | Single Head] epoch 2/2 | train_loss=0.040378 | val_loss=0.121290
[TTA tuning source 1948 | Single Head] TRAINING FINISHED | executed_epochs=2 | best_epoch=1 | best_val_loss=0.119023 | stopped_early=False
[TTA tuning source 1949 | Single Head] epoch 1/2 | train_loss=0.095862 | val_loss=0.016886
[TTA tuning source 1949 | Single Head] epoch 2/2 | train_loss=0.074192 | val_loss=0.020100
[TTA tuning source 1949 | Single Head] TRAINING FINISHED | executed_epochs=2 | best_epoch=1 | best_val_loss=0.016886 | stopped_early=False
[TTA tuning source 1950 | Single Head] epoch 1/2 | train_loss=0.079946 | val_loss=0.036305
[TTA tuning source 1950 | Single Head] epoch 2/2 | train_loss=0.051909 | val_loss=0.031611
[TTA tuning source 1950 | Single Head] TRAINING FINISHED | executed_epochs=2 | best_epoch=2 | best_val_loss=0.031611 | stopped_early=False
[TTA tuning source 1951 | Single Head] epoch 1/2 | train_loss=0.071958 | val_loss=0.029681
[TTA tuning source 1951 | Single Head] epoch 2/2 | train_loss=0.063840 | val_loss=0.028329
[TTA tuning source 1951 | Single Head] TRAINING FINISHED | executed_epochs=2 | best_epoch=2 | best_val_loss=0.028329 | stopped_early=False
[TTA tuning source 1952 | Single Head] epoch 1/2 | train_loss=0.105669 | val_loss=0.040225
[TTA tuning source 1952 | Single Head] epoch 2/2 | train_loss=0.045484 | val_loss=0.048580
[TTA tuning source 1952 | Single Head] TRAINING FINISHED | executed_epochs=2 | best_epoch=1 | best_val_loss=0.040225 | stopped_early=False
[TTA tuning source 1953 | Single Head] epoch 1/2 | train_loss=0.072959 | val_loss=0.062410
[TTA tuning source 1953 | Single Head] epoch 2/2 | train_loss=0.051602 | val_loss=0.062153
[TTA tuning source 1953 | Single Head] TRAINING FINISHED | executed_epochs=2 | best_epoch=2 | best_val_loss=0.062153 | stopped_early=False
[TTA tuning source 1954 | Single Head] epoch 1/2 | train_loss=0.086455 | val_loss=0.022084
[TTA tuning source 1954 | Single Head] epoch 2/2 | train_loss=0.049526 | val_loss=0.032363
[TTA tuning source 1954 | Single Head] TRAINING FINISHED | executed_epochs=2 | best_epoch=1 | best_val_loss=0.022084 | stopped_early=False
[TTA tuning source 1955 | Single Head] epoch 1/2 | train_loss=0.082486 | val_loss=0.066466
[TTA tuning source 1955 | Single Head] epoch 2/2 | train_loss=0.038781 | val_loss=0.074159
[TTA tuning source 1955 | Single Head] TRAINING FINISHED | executed_epochs=2 | best_epoch=1 | best_val_loss=0.066466 | stopped_early=False
[TTA tuning source 1956 | Single Head] epoch 1/2 | train_loss=0.043262 | val_loss=0.023358
[TTA tuning source 1956 | Single Head] epoch 2/2 | train_loss=0.070594 | val_loss=0.017585
[TTA tuning source 1956 | Single Head] TRAINING FINISHED | executed_epochs=2 | best_epoch=2 | best_val_loss=0.017585 | stopped_early=False
[TTA tuning source 1957 | Single Head] epoch 1/2 | train_loss=0.088927 | val_loss=0.027675
[TTA tuning source 1957 | Single Head] epoch 2/2 | train_loss=0.103225 | val_loss=0.031628
[TTA tuning source 1957 | Single Head] TRAINING FINISHED | executed_epochs=2 | best_epoch=1 | best_val_loss=0.027675 | stopped_early=False
[TTA tuning source 1958 | Single Head] epoch 1/2 | train_loss=0.090178 | val_loss=0.200632
[TTA tuning source 1958 | Single Head] epoch 2/2 | train_loss=0.064288 | val_loss=0.170569
[TTA tuning source 1958 | Single Head] TRAINING FINISHED | executed_epochs=2 | best_epoch=2 | best_val_loss=0.170569 | stopped_early=False
[TTA tuning source 1959 | Single Head] epoch 1/2 | train_loss=0.069559 | val_loss=0.050896
[TTA tuning source 1959 | Single Head] epoch 2/2 | train_loss=0.051169 | val_loss=0.018523
[TTA tuning source 1959 | Single Head] TRAINING FINISHED | executed_epochs=2 | best_epoch=2 | best_val_loss=0.018523 | stopped_early=False
[TTA tuning source 1960 | Single Head] epoch 1/2 | train_loss=0.062898 | val_loss=0.006032
[TTA tuning source 1960 | Single Head] epoch 2/2 | train_loss=0.069872 | val_loss=0.010695
[TTA tuning source 1960 | Single Head] TRAINING FINISHED | executed_epochs=2 | best_epoch=1 | best_val_loss=0.006032 | stopped_early=False
[TTA tuning source 1961 | Single Head] epoch 1/2 | train_loss=0.114319 | val_loss=0.087278
[TTA tuning source 1961 | Single Head] epoch 2/2 | train_loss=0.068609 | val_loss=0.063794
[TTA tuning source 1961 | Single Head] TRAINING FINISHED | executed_epochs=2 | best_epoch=2 | best_val_loss=0.063794 | stopped_early=False
[TTA tuning source 1962 | Single Head] epoch 1/2 | train_loss=0.064808 | val_loss=0.022387
[TTA tuning source 1962 | Single Head] epoch 2/2 | train_loss=0.031694 | val_loss=0.026231
[TTA tuning source 1962 | Single Head] TRAINING FINISHED | executed_epochs=2 | best_epoch=1 | best_val_loss=0.022387 | stopped_early=False
[TTA tuning source 1963 | Single Head] epoch 1/2 | train_loss=0.048190 | val_loss=0.169345
[TTA tuning source 1963 | Single Head] epoch 2/2 | train_loss=0.025245 | val_loss=0.030271
[TTA tuning source 1963 | Single Head] TRAINING FINISHED | executed_epochs=2 | best_epoch=2 | best_val_loss=0.030271 | stopped_early=False
[TTA tuning source 1964 | Single Head] epoch 1/2 | train_loss=0.063674 | val_loss=0.004070
[TTA tuning source 1964 | Single Head] epoch 2/2 | train_loss=0.061144 | val_loss=0.005922
[TTA tuning source 1964 | Single Head] TRAINING FINISHED | executed_epochs=2 | best_epoch=1 | best_val_loss=0.004070 | stopped_early=False
[TTA tuning source 1965 | Single Head] epoch 1/2 | train_loss=0.049026 | val_loss=0.014585
[TTA tuning source 1965 | Single Head] epoch 2/2 | train_loss=0.027063 | val_loss=0.021911
[TTA tuning source 1965 | Single Head] TRAINING FINISHED | executed_epochs=2 | best_epoch=1 | best_val_loss=0.014585 | stopped_early=False
[TTA tuning source 1966 | Single Head] epoch 1/2 | train_loss=0.068592 | val_loss=0.038518
[TTA tuning source 1966 | Single Head] epoch 2/2 | train_loss=0.053634 | val_loss=0.026449
[TTA tuning source 1966 | Single Head] TRAINING FINISHED | executed_epochs=2 | best_epoch=2 | best_val_loss=0.026449 | stopped_early=False
[TTA source | AUX-ONLY] aux-only epoch 1/10 | train_aux_loss=2.129044 | val_aux_loss=1.813727 | best_val_aux_loss=1.813727
[TTA source | AUX-ONLY] aux-only epoch 2/10 | train_aux_loss=1.681428 | val_aux_loss=1.575295 | best_val_aux_loss=1.575295
[TTA source | AUX-ONLY] aux-only epoch 3/10 | train_aux_loss=1.502042 | val_aux_loss=1.442899 | best_val_aux_loss=1.442899
[TTA source | AUX-ONLY] aux-only epoch 4/10 | train_aux_loss=1.389055 | val_aux_loss=1.352710 | best_val_aux_loss=1.352710
[TTA source | AUX-ONLY] aux-only epoch 5/10 | train_aux_loss=1.303742 | val_aux_loss=1.277142 | best_val_aux_loss=1.277142
[TTA source | AUX-ONLY] aux-only epoch 6/10 | train_aux_loss=1.237569 | val_aux_loss=1.227528 | best_val_aux_loss=1.227528
[TTA source | AUX-ONLY] aux-only epoch 7/10 | train_aux_loss=1.183679 | val_aux_loss=1.171748 | best_val_aux_loss=1.171748
[TTA source | AUX-ONLY] aux-only epoch 8/10 | train_aux_loss=1.138092 | val_aux_loss=1.143017 | best_val_aux_loss=1.143017
[TTA source | AUX-ONLY] aux-only epoch 9/10 | train_aux_loss=1.098156 | val_aux_loss=1.114128 | best_val_aux_loss=1.114128
[TTA source | AUX-ONLY] aux-only epoch 10/10 | train_aux_loss=1.064797 | val_aux_loss=1.081642 | best_val_aux_loss=1.081642
AUX_ONLY_MAIN_SANITY | year=1967 | single=0.985576923077 | double=0.985576923077 | diff=0.000000000000e+00
AUX_ONLY_MAIN_SANITY | year=1968 | single=0.970588235294 | double=0.970588235294 | diff=0.000000000000e+00
AUX_ONLY_MAIN_SANITY | year=1969 | single=0.951612903226 | double=0.951612903226 | diff=0.000000000000e+00
AUX_ONLY_MAIN_SANITY | year=1970 | single=0.921686746988 | double=0.921686746988 | diff=0.000000000000e+00

================================================================================
TTA TUNING | metadata | trial=0
{'learning_rate': 1e-06, 'regularization': 0.0, 'gradient_clip': 0.1, 'normalized_aux_loss_threshold': 0.0, 'episodic_pre_prediction': True}
================================================================================
DEBUG_METADATA | before_method_construction
DEBUG_METADATA | after_method_construction
DEBUG_METADATA | before_evaluation
DEBUG_METADATA | after_evaluation

================================================================================
TTA TUNING | metadata | trial=1
{'learning_rate': 3e-06, 'regularization': 0.0, 'gradient_clip': 0.1, 'normalized_aux_loss_threshold': 0.0, 'episodic_pre_prediction': True}
================================================================================
DEBUG_METADATA | before_method_construction
DEBUG_METADATA | after_method_construction
DEBUG_METADATA | before_evaluation
DEBUG_METADATA | after_evaluation

================================================================================
TTA TUNING | metadata | trial=2
{'learning_rate': 1e-05, 'regularization': 0.0, 'gradient_clip': 0.1, 'normalized_aux_loss_threshold': 0.0, 'episodic_pre_prediction': True}
================================================================================
DEBUG_METADATA | before_method_construction
DEBUG_METADATA | after_method_construction
DEBUG_METADATA | before_evaluation
DEBUG_METADATA | after_evaluation

================================================================================
TTA TUNING | metadata | trial=3
{'learning_rate': 3e-05, 'regularization': 0.0, 'gradient_clip': 0.1, 'normalized_aux_loss_threshold': 0.0, 'episodic_pre_prediction': True}
================================================================================
DEBUG_METADATA | before_method_construction
DEBUG_METADATA | after_method_construction
DEBUG_METADATA | before_evaluation
DEBUG_METADATA | after_evaluation
